Archive member included to satisfy reference by file (symbol)

C:/devkitPro/libctru/lib\libcitro2d.a(base.o)
                              main.o (C2D_Init)
C:/devkitPro/libctru/lib\libcitro2d.a(text.o)
                              main.o (C2D_TextBufNew)
C:/devkitPro/libctru/lib\libcitro2d.a(spritesheet.o)
                              main.o (C2D_SpriteSheetLoad)
C:/devkitPro/libctru/lib\libcitro2d.a(font.o)
                              C:/devkitPro/libctru/lib\libcitro2d.a(text.o) (C2D_FontGlyphIndexFromCodePoint)
C:/devkitPro/libctru/lib\libcitro2d.a(render2d.shbin.o)
                              C:/devkitPro/libctru/lib\libcitro2d.a(base.o) (render2d_shbin)
C:/devkitPro/libctru/lib\libcitro3d.a(base.o)
                              main.o (C3D_Init)
C:/devkitPro/libctru/lib\libcitro3d.a(renderqueue.o)
                              C:/devkitPro/libctru/lib\libcitro3d.a(base.o) (C3Di_RenderQueueEnableVBlank)
C:/devkitPro/libctru/lib\libcitro3d.a(texture.o)
                              C:/devkitPro/libctru/lib\libcitro2d.a(base.o) (C3D_TexBind)
C:/devkitPro/libctru/lib\libcitro3d.a(tex3ds.o)
                              C:/devkitPro/libctru/lib\libcitro2d.a(spritesheet.o) (Tex3DS_TextureImport)
C:/devkitPro/libctru/lib\libcitro3d.a(framebuffer.o)
                              C:/devkitPro/libctru/lib\libcitro3d.a(renderqueue.o) (C3D_CalcColorBufSize)
C:/devkitPro/libctru/lib\libcitro3d.a(texenv.o)
                              C:/devkitPro/libctru/lib\libcitro2d.a(base.o) (C3D_GetTexEnv)
C:/devkitPro/libctru/lib\libcitro3d.a(proctex.o)
                              C:/devkitPro/libctru/lib\libcitro2d.a(base.o) (C3D_ProcTexInit)
C:/devkitPro/libctru/lib\libcitro3d.a(buffers.o)
                              C:/devkitPro/libctru/lib\libcitro2d.a(base.o) (BufInfo_Init)
C:/devkitPro/libctru/lib\libcitro3d.a(drawArrays.o)
                              C:/devkitPro/libctru/lib\libcitro2d.a(base.o) (C3D_DrawArrays)
C:/devkitPro/libctru/lib\libcitro3d.a(effect.o)
                              C:/devkitPro/libctru/lib\libcitro3d.a(base.o) (C3D_DepthMap)
C:/devkitPro/libctru/lib\libcitro3d.a(attribs.o)
                              C:/devkitPro/libctru/lib\libcitro2d.a(base.o) (AttrInfo_Init)
C:/devkitPro/libctru/lib\libcitro3d.a(immediate.o)
                              C:/devkitPro/libctru/lib\libcitro3d.a(base.o) (C3D_ImmSendAttrib)
C:/devkitPro/libctru/lib\libcitro3d.a(uniforms.o)
                              C:/devkitPro/libctru/lib\libcitro3d.a(base.o) (C3D_UpdateUniforms)
C:/devkitPro/libctru/lib\libcitro3d.a(mtx_ortho.o)
                              C:/devkitPro/libctru/lib\libcitro2d.a(base.o) (Mtx_Ortho)
C:/devkitPro/libctru/lib\libcitro3d.a(mtx_scale.o)
                              C:/devkitPro/libctru/lib\libcitro2d.a(base.o) (Mtx_Scale)
C:/devkitPro/libctru/lib\libcitro3d.a(mtx_multiply.o)
                              C:/devkitPro/libctru/lib\libcitro2d.a(base.o) (Mtx_Multiply)
C:/devkitPro/libctru/lib\libcitro3d.a(mtx_orthotilt.o)
                              C:/devkitPro/libctru/lib\libcitro2d.a(base.o) (Mtx_OrthoTilt)
C:/devkitPro/libctru/lib\libcitro3d.a(mtx_translate.o)
                              C:/devkitPro/libctru/lib\libcitro2d.a(base.o) (Mtx_Translate)
C:/devkitPro/libctru/lib\libcitro3d.a(mtx_rotatez.o)
                              C:/devkitPro/libctru/lib\libcitro2d.a(base.o) (Mtx_RotateZ)
C:/devkitPro/libctru/lib\libctru.a(vram.o)
                              C:/devkitPro/libctru/lib\libcitro3d.a(renderqueue.o) (vramAlloc)
C:/devkitPro/libctru/lib\libctru.a(linear.o)
                              C:/devkitPro/libctru/lib\libcitro2d.a(base.o) (linearAlloc)
C:/devkitPro/libctru/lib\libctru.a(mem_pool.o)
                              C:/devkitPro/libctru/lib\libctru.a(vram.o) (MemPool::Allocate(MemChunk&, unsigned long, int))
C:/devkitPro/libctru/lib\libctru.a(romfs_dev.o)
                              main.o (romfsMountSelf)
C:/devkitPro/libctru/lib\libctru.a(os.o)
                              C:/devkitPro/libctru/lib\libcitro3d.a(texture.o) (osConvertVirtToPhys)
C:/devkitPro/libctru/lib\libctru.a(console.o)
                              main.o (consoleInit)
C:/devkitPro/libctru/lib\libctru.a(path_buf.o)
                              C:/devkitPro/libctru/lib\libctru.a(romfs_dev.o) (__ctru_dev_utf16_buf)
C:/devkitPro/libctru/lib\libctru.a(font.o)
                              C:/devkitPro/libctru/lib\libcitro2d.a(text.o) (fontEnsureMapped)
C:/devkitPro/libctru/lib\libctru.a(gfx.o)
                              C:/devkitPro/libctru/lib\libcitro2d.a(base.o) (gfxIsWide)
C:/devkitPro/libctru/lib\libctru.a(shaderProgram.o)
                              C:/devkitPro/libctru/lib\libcitro2d.a(base.o) (shaderInstanceGetUniformLocation)
C:/devkitPro/libctru/lib\libctru.a(shbin.o)
                              C:/devkitPro/libctru/lib\libcitro2d.a(base.o) (DVLB_ParseFile)
C:/devkitPro/libctru/lib\libctru.a(gx.o)
[...]
Memory Configuration

Name             Origin             Length             Attributes
*default*        0x0000000000000000 0xffffffffffffffff

Linker script and memory map

                0x0000000000100000                PROVIDE (__start__ = 0x100000)
                0x0000000000100000                . = __start__

.text           0x0000000000100000    0x2bf54
 *(.crt0)
 .crt0          0x0000000000100000       0x94 c:/devkitpro/devkitarm/bin/../lib/gcc/arm-none-eabi/11.1.0/../../../../arm-none-eabi/lib/armv6k/fpu/3dsx_crt0.o
                0x0000000000100000                _start
                0x0000000000100008                __service_ptr
                0x000000000010000c                __apt_appid
                0x0000000000100010                __heap_size
                0x0000000000100014                __linear_heap_size
                0x0000000000100018                __system_arglist
                0x000000000010001c                __system_runflags
 *(.init)
 .init          0x0000000000100094        0xc c:/devkitpro/devkitarm/bin/../lib/gcc/arm-none-eabi/11.1.0/armv6k/fpu/crti.o
                0x0000000000100094                _init
 .init          0x00000000001000a0        0xc c:/devkitpro/devkitarm/bin/../lib/gcc/arm-none-eabi/11.1.0/armv6k/fpu/crtn.o
                0x00000000001000ac                . = ALIGN (0x4)
 *(.text)
 .text          0x00000000001000ac      0x20c c:/devkitpro/devkitarm/bin/../lib/gcc/arm-none-eabi/11.1.0/armv6k/fpu\libgcc.a(_udivsi3.o)
                0x00000000001000ac                __aeabi_uidiv
                0x00000000001000ac                __udivsi3
                0x0000000000100298                __aeabi_uidivmod
 .text          0x00000000001002b8      0x240 c:/devkitpro/devkitarm/bin/../lib/gcc/arm-none-eabi/11.1.0/armv6k/fpu\libgcc.a(_divsi3.o)
                0x00000000001002b8                __divsi3
                0x00000000001002b8                __aeabi_idiv
                0x00000000001004d8                __aeabi_idivmod
 .text          0x00000000001004f8        0x4 c:/devkitpro/devkitarm/bin/../lib/gcc/arm-none-eabi/11.1.0/armv6k/fpu\libgcc.a(_dvmd_tls.o)
                0x00000000001004f8                __aeabi_idiv0
                0x00000000001004f8                __aeabi_ldiv0
 .text          0x00000000001004fc      0x3c0 c:/devkitpro/devkitarm/bin/../lib/gcc/arm-none-eabi/11.1.0/armv6k/fpu\libgcc.a(_arm_addsubdf3.o)
                0x00000000001004fc                __aeabi_drsub
                0x0000000000100504                __aeabi_dsub
                0x0000000000100504                __subdf3
                0x0000000000100508                __aeabi_dadd
                0x0000000000100508                __adddf3
                0x00000000001007b4                __floatunsidf
                0x00000000001007b4                __aeabi_ui2d
                0x00000000001007d8                __floatsidf
                0x00000000001007d8                __aeabi_i2d
                0x0000000000100800                __aeabi_f2d
                0x0000000000100800                __extendsfdf2
                0x0000000000100848                __floatundidf
                0x0000000000100848                __aeabi_ul2d
                0x000000000010085c                __floatdidf
                0x000000000010085c                __aeabi_l2d
 .text          0x00000000001008bc       0xd4 c:/devkitpro/devkitarm/bin/../lib/gcc/arm-none-eabi/11.1.0/armv6k/fpu\libgcc.a(_aeabi_ldivmod.o)
                0x00000000001008bc                __aeabi_ldivmod
 .text          0x0000000000100990       0x3c c:/devkitpro/devkitarm/bin/../lib/gcc/arm-none-eabi/11.1.0/armv6k/fpu\libgcc.a(_aeabi_uldivmod.o)
                0x0000000000100990                __aeabi_uldivmod
 *fill*         0x00000000001009cc       0x14 
 .text          0x00000000001009e0      0x390 c:/devkitpro/devkitarm/bin/../lib/gcc/arm-none-eabi/11.1.0/../../../../arm-none-eabi/lib/armv6k/fpu\libg.a(lib_a-strcmp.o)
                0x00000000001009e8                strcmp
 *(.text.*)
 .text.__do_global_dtors_aux
                0x0000000000100d70       0x40 c:/devkitpro/devkitarm/bin/../lib/gcc/arm-none-eabi/11.1.0/armv6k/fpu/crtbegin.o
 .text.frame_dummy
                0x0000000000100db0       0x2c c:/devkitpro/devkitarm/bin/../lib/gcc/arm-none-eabi/11.1.0/armv6k/fpu/crtbegin.o
 .text.SetEnemy
                0x0000000000100ddc       0x8c main.o
                0x0000000000100ddc                SetEnemy
 .text.initSprites
                0x0000000000100e68       0xe0 main.o
                0x0000000000100e68                initSprites
 .text.startup.main
                0x0000000000100f48      0x334 main.o
                0x0000000000100f48                main
 .text.C2Di_FrameEndHook
                0x000000000010127c       0x34 C:/devkitPro/libctru/lib\libcitro2d.a(base.o)
 .text.C2D_Init
                0x00000000001012b0      0x330 C:/devkitPro/libctru/lib\libcitro2d.a(base.o)
                0x00000000001012b0                C2D_Init
 .text.C2D_Fini
                0x00000000001015e0       0x44 C:/devkitPro/libctru/lib\libcitro2d.a(base.o)
                0x00000000001015e0                C2D_Fini
 .text.C2D_Prepare
                0x0000000000101624       0xd0 C:/devkitPro/libctru/lib\libcitro2d.a(base.o)
                0x0000000000101624                C2D_Prepare
 .text.C2D_Flush
                0x00000000001016f4       0x3c C:/devkitPro/libctru/lib\libcitro2d.a(base.o)
                0x00000000001016f4                C2D_Flush
 .text.C2D_SceneSize
                0x0000000000101730      0x108 C:/devkitPro/libctru/lib\libcitro2d.a(base.o)
                0x0000000000101730                C2D_SceneSize
 .text.C2D_CreateScreenTarget
                0x0000000000101838       0x58 C:/devkitPro/libctru/lib\libcitro2d.a(base.o)
                0x0000000000101838                C2D_CreateScreenTarget
 .text.C2D_TargetClear
                0x0000000000101890       0x58 C:/devkitPro/libctru/lib\libcitro2d.a(base.o)
                0x0000000000101890                C2D_TargetClear
 .text.C2Di_CalcQuad
                0x00000000001018e8      0x13c C:/devkitPro/libctru/lib\libcitro2d.a(base.o)
                0x00000000001018e8                C2Di_CalcQuad
 .text.C2Di_Update
                0x0000000000101a24      0x22c C:/devkitPro/libctru/lib\libcitro2d.a(base.o)
                0x0000000000101a24                C2Di_Update
 .text.C2D_DrawImage
                0x0000000000101c50      0x2f8 C:/devkitPro/libctru/lib\libcitro2d.a(base.o)
                0x0000000000101c50                C2D_DrawImage
 .text.C2Di_GlyphComp
                0x0000000000101f48       0x18 C:/devkitPro/libctru/lib\libcitro2d.a(text.o)
 .text.C2D_TextBufNew
                0x0000000000101f60      0x1d0 C:/devkitPro/libctru/lib\libcitro2d.a(text.o)
                0x0000000000101f60                C2D_TextBufNew
 .text.C2D_TextFontParseLine
                0x0000000000102130      0x1c8 C:/devkitPro/libctru/lib\libcitro2d.a(text.o)
                0x0000000000102130                C2D_TextFontParseLine
 .text.C2D_TextFontParse
                0x00000000001022f8       0xa8 C:/devkitPro/libctru/lib\libcitro2d.a(text.o)
                0x00000000001022f8                C2D_TextFontParse
 .text.C2D_TextParse
                0x00000000001023a0       0x14 C:/devkitPro/libctru/lib\libcitro2d.a(text.o)
                0x00000000001023a0                C2D_TextParse
 .text.C2D_TextOptimize
                0x00000000001023b4       0x30 C:/devkitPro/libctru/lib\libcitro2d.a(text.o)
                0x00000000001023b4                C2D_TextOptimize
 .text.C2D_SpriteSheetLoadFromHandle
                0x00000000001023e4       0x6c C:/devkitPro/libctru/lib\libcitro2d.a(spritesheet.o)
                0x00000000001023e4                C2D_SpriteSheetLoadFromHandle
 .text.C2D_SpriteSheetLoad
                0x0000000000102450       0x48 C:/devkitPro/libctru/lib\libcitro2d.a(spritesheet.o)
                0x0000000000102450                C2D_SpriteSheetLoad
 .text.C2D_SpriteSheetCount
                0x0000000000102498        0x8 C:/devkitPro/libctru/lib\libcitro2d.a(spritesheet.o)
                0x0000000000102498                C2D_SpriteSheetCount
 .text.C2D_SpriteSheetGetImage
                0x00000000001024a0       0x2c C:/devkitPro/libctru/lib\libcitro2d.a(spritesheet.o)
                0x00000000001024a0                C2D_SpriteSheetGetImage
 .text.C2D_FontGlyphIndexFromCodePoint
                0x00000000001024cc       0x44 C:/devkitPro/libctru/lib\libcitro2d.a(font.o)
                0x00000000001024cc                C2D_FontGlyphIndexFromCodePoint
 .text.C2D_FontCalcGlyphPos
                0x0000000000102510       0x78 C:/devkitPro/libctru/lib\libcitro2d.a(font.o)
                0x0000000000102510                C2D_FontCalcGlyphPos
 .text.C3Di_LightEnvUpdate
                0x0000000000102588        0x4 C:/devkitPro/libctru/lib\libcitro3d.a(base.o)
                0x0000000000102588                C3Di_LightEnvUpdate
 .text.C3Di_LightEnvDirty
                0x000000000010258c        0x4 C:/devkitPro/libctru/lib\libcitro3d.a(base.o)
                0x000000000010258c                C3Di_LightEnvDirty
 .text.C3Di_AptEventHook
                0x0000000000102590       0xb4 C:/devkitPro/libctru/lib\libcitro3d.a(base.o)
 .text.C3Di_GasUpdate
                0x0000000000102644        0x4 C:/devkitPro/libctru/lib\libcitro3d.a(base.o)
                0x0000000000102644                C3Di_GasUpdate
 .text.C3D_Init
                0x0000000000102648      0x1e0 C:/devkitPro/libctru/lib\libcitro3d.a(base.o)
                0x0000000000102648                C3D_Init
 .text.C3D_SetViewport
                0x0000000000102828       0x98 C:/devkitPro/libctru/lib\libcitro3d.a(base.o)
                0x0000000000102828                C3D_SetViewport
 .text.C3Di_UpdateContext
                0x00000000001028c0      0x4ec C:/devkitPro/libctru/lib\libcitro3d.a(base.o)
                0x00000000001028c0                C3Di_UpdateContext
 .text.C3Di_SplitFrame
                0x0000000000102dac       0xe0 C:/devkitPro/libctru/lib\libcitro3d.a(base.o)
                0x0000000000102dac                C3Di_SplitFrame
 .text.C3D_Fini
                0x0000000000102e8c       0x44 C:/devkitPro/libctru/lib\libcitro3d.a(base.o)
                0x0000000000102e8c                C3D_Fini
 .text.C3D_BindProgram
                0x0000000000102ed0      0x108 C:/devkitPro/libctru/lib\libcitro3d.a(base.o)
                0x0000000000102ed0                C3D_BindProgram
 .text.onVBlank0
                0x0000000000102fd8       0x4c C:/devkitPro/libctru/lib\libcitro3d.a(renderqueue.o)
 .text.onVBlank1
                0x0000000000103024       0x4c C:/devkitPro/libctru/lib\libcitro3d.a(renderqueue.o)
 .text.C3Di_RenderTargetDestroy
                0x0000000000103070       0x80 C:/devkitPro/libctru/lib\libcitro3d.a(renderqueue.o)
 .text.onQueueFinish
                0x00000000001030f0       0xf4 C:/devkitPro/libctru/lib\libcitro3d.a(renderqueue.o)
 .text.C3Di_RenderQueueEnableVBlank
                0x00000000001031e4       0x38 C:/devkitPro/libctru/lib\libcitro3d.a(renderqueue.o)
                0x00000000001031e4                C3Di_RenderQueueEnableVBlank
 .text.C3Di_RenderQueueDisableVBlank
                0x000000000010321c       0x30 C:/devkitPro/libctru/lib\libcitro3d.a(renderqueue.o)
                0x000000000010321c                C3Di_RenderQueueDisableVBlank
 .text.C3Di_RenderQueueInit
                0x000000000010324c       0x60 C:/devkitPro/libctru/lib\libcitro3d.a(renderqueue.o)
                0x000000000010324c                C3Di_RenderQueueInit
 .text.C3Di_RenderQueueExit
                0x00000000001032ac       0xb0 C:/devkitPro/libctru/lib\libcitro3d.a(renderqueue.o)
                0x00000000001032ac                C3Di_RenderQueueExit
 .text.C3Di_RenderQueueWaitDone
                0x000000000010335c       0x34 C:/devkitPro/libctru/lib\libcitro3d.a(renderqueue.o)
                0x000000000010335c                C3Di_RenderQueueWaitDone
 .text.C3D_FrameBegin
                0x0000000000103390       0xe4 C:/devkitPro/libctru/lib\libcitro3d.a(renderqueue.o)
                0x0000000000103390                C3D_FrameBegin
 .text.C3D_FrameDrawOn
                0x0000000000103474       0x48 C:/devkitPro/libctru/lib\libcitro3d.a(renderqueue.o)
                0x0000000000103474                C3D_FrameDrawOn
 .text.C3D_FrameSplit
                0x00000000001034bc       0x58 C:/devkitPro/libctru/lib\libcitro3d.a(renderqueue.o)
                0x00000000001034bc                C3D_FrameSplit
 .text.C3D_FrameEnd
                0x0000000000103514      0x1d8 C:/devkitPro/libctru/lib\libcitro3d.a(renderqueue.o)
                0x0000000000103514                C3D_FrameEnd
 .text.C3D_FrameEndHook
                0x00000000001036ec       0x1c C:/devkitPro/libctru/lib\libcitro3d.a(renderqueue.o)
                0x00000000001036ec                C3D_FrameEndHook
 .text.C3D_RenderTargetCreate
                0x0000000000103708      0x128 C:/devkitPro/libctru/lib\libcitro3d.a(renderqueue.o)
                0x0000000000103708                C3D_RenderTargetCreate
 .text.C3D_RenderTargetSetOutput
                0x0000000000103830       0xa8 C:/devkitPro/libctru/lib\libcitro3d.a(renderqueue.o)
                0x0000000000103830                C3D_RenderTargetSetOutput
 .text.C3D_SyncTextureCopy
                0x00000000001038d8       0xfc C:/devkitPro/libctru/lib\libcitro3d.a(renderqueue.o)
                0x00000000001038d8                C3D_SyncTextureCopy
 .text.C3D_TexInitWithParams
                0x00000000001039d4      0x2a0 C:/devkitPro/libctru/lib\libcitro3d.a(texture.o)
                0x00000000001039d4                C3D_TexInitWithParams
 .text.C3D_TexLoadImage
                0x0000000000103c74       0xc8 C:/devkitPro/libctru/lib\libcitro3d.a(texture.o)
                0x0000000000103c74                C3D_TexLoadImage
 .text.C3D_TexBind
                0x0000000000103d3c       0x44 C:/devkitPro/libctru/lib\libcitro3d.a(texture.o)
                0x0000000000103d3c                C3D_TexBind
 .text.C3D_TexDelete
                0x0000000000103d80       0x74 C:/devkitPro/libctru/lib\libcitro3d.a(texture.o)
                0x0000000000103d80                C3D_TexDelete
 .text.C3Di_SetTex
                0x0000000000103df4      0x16c C:/devkitPro/libctru/lib\libcitro3d.a(texture.o)
                0x0000000000103df4                C3Di_SetTex
 .text.Tex3DSi_ImportCommon
                0x0000000000103f60      0x3f4 C:/devkitPro/libctru/lib\libcitro3d.a(tex3ds.o)
 .text.Tex3DS_TextureImportStdio
                0x0000000000104354       0x38 C:/devkitPro/libctru/lib\libcitro3d.a(tex3ds.o)
                0x0000000000104354                Tex3DS_TextureImportStdio
 .text.Tex3DS_GetNumSubTextures
                0x000000000010438c        0x8 C:/devkitPro/libctru/lib\libcitro3d.a(tex3ds.o)
                0x000000000010438c                Tex3DS_GetNumSubTextures
 .text.Tex3DS_GetSubTexture
                0x0000000000104394       0x1c C:/devkitPro/libctru/lib\libcitro3d.a(tex3ds.o)
                0x0000000000104394                Tex3DS_GetSubTexture
 .text.C3D_CalcColorBufSize
                0x00000000001043b0       0x1c C:/devkitPro/libctru/lib\libcitro3d.a(framebuffer.o)
                0x00000000001043b0                C3D_CalcColorBufSize
 .text.C3D_CalcDepthBufSize
                0x00000000001043cc       0x1c C:/devkitPro/libctru/lib\libcitro3d.a(framebuffer.o)
                0x00000000001043cc                C3D_CalcDepthBufSize
 .text.C3D_SetFrameBuf
                0x00000000001043e8       0x44 C:/devkitPro/libctru/lib\libcitro3d.a(framebuffer.o)
                0x00000000001043e8                C3D_SetFrameBuf
 .text.C3Di_FrameBufBind
                0x000000000010442c      0x16c C:/devkitPro/libctru/lib\libcitro3d.a(framebuffer.o)
                0x000000000010442c                C3Di_FrameBufBind
 .text.C3D_FrameBufClear
                0x0000000000104598       0xcc C:/devkitPro/libctru/lib\libcitro3d.a(framebuffer.o)
                0x0000000000104598                C3D_FrameBufClear
 .text.C3D_FrameBufTransfer
                0x0000000000104664       0x44 C:/devkitPro/libctru/lib\libcitro3d.a(framebuffer.o)
                0x0000000000104664                C3D_FrameBufTransfer
 .text.C3D_GetTexEnv
                0x00000000001046a8       0x34 C:/devkitPro/libctru/lib\libcitro3d.a(texenv.o)
                0x00000000001046a8                C3D_GetTexEnv
 .text.C3Di_TexEnvBind
                0x00000000001046dc       0x24 C:/devkitPro/libctru/lib\libcitro3d.a(texenv.o)
                0x00000000001046dc                C3Di_TexEnvBind
 .text.C3D_ProcTexInit
                0x0000000000104700       0x70 C:/devkitPro/libctru/lib\libcitro3d.a(proctex.o)
                0x0000000000104700                C3D_ProcTexInit
 .text.C3D_ProcTexBind
                0x0000000000104770       0x54 C:/devkitPro/libctru/lib\libcitro3d.a(proctex.o)
                0x0000000000104770                C3D_ProcTexBind
 .text.C3D_ProcTexLutBind
                0x00000000001047c4       0x5c C:/devkitPro/libctru/lib\libcitro3d.a(proctex.o)
                0x00000000001047c4                C3D_ProcTexLutBind
 .text.ProcTexLut_FromArray
                0x0000000000104820       0xa4 C:/devkitPro/libctru/lib\libcitro3d.a(proctex.o)
                0x0000000000104820                ProcTexLut_FromArray
 .text.C3Di_ProcTexUpdate
                0x00000000001048c4      0x17c C:/devkitPro/libctru/lib\libcitro3d.a(proctex.o)
                0x00000000001048c4                C3Di_ProcTexUpdate
 .text.C3Di_ProcTexDirty
                0x0000000000104a40       0x68 C:/devkitPro/libctru/lib\libcitro3d.a(proctex.o)
                0x0000000000104a40                C3Di_ProcTexDirty
 .text.BufInfo_Init
                0x0000000000104aa8       0x24 C:/devkitPro/libctru/lib\libcitro3d.a(buffers.o)
                0x0000000000104aa8                BufInfo_Init
 .text.BufInfo_Add
                0x0000000000104acc       0x80 C:/devkitPro/libctru/lib\libcitro3d.a(buffers.o)
                0x0000000000104acc                BufInfo_Add
 .text.C3D_SetBufInfo
                0x0000000000104b4c       0x40 C:/devkitPro/libctru/lib\libcitro3d.a(buffers.o)
                0x0000000000104b4c                C3D_SetBufInfo
 .text.C3Di_BufInfoBind
                0x0000000000104b8c       0x48 C:/devkitPro/libctru/lib\libcitro3d.a(buffers.o)
                0x0000000000104b8c                C3Di_BufInfoBind
 .text.C3D_DrawArrays
                0x0000000000104bd4      0x148 C:/devkitPro/libctru/lib\libcitro3d.a(drawArrays.o)
                0x0000000000104bd4                C3D_DrawArrays
 .text.C3D_DepthMap
                0x0000000000104d1c       0x40 C:/devkitPro/libctru/lib\libcitro3d.a(effect.o)
                0x0000000000104d1c                C3D_DepthMap
 .text.C3D_CullFace
                0x0000000000104d5c       0x1c C:/devkitPro/libctru/lib\libcitro3d.a(effect.o)
                0x0000000000104d5c                C3D_CullFace
 .text.C3D_StencilTest
                0x0000000000104d78       0x40 C:/devkitPro/libctru/lib\libcitro3d.a(effect.o)
                0x0000000000104d78                C3D_StencilTest
 .text.C3D_StencilOp
                0x0000000000104db8       0x24 C:/devkitPro/libctru/lib\libcitro3d.a(effect.o)
                0x0000000000104db8                C3D_StencilOp
 .text.C3D_BlendingColor
                0x0000000000104ddc       0x1c C:/devkitPro/libctru/lib\libcitro3d.a(effect.o)
                0x0000000000104ddc                C3D_BlendingColor
 .text.C3D_EarlyDepthTest
                0x0000000000104df8       0x24 C:/devkitPro/libctru/lib\libcitro3d.a(effect.o)
                0x0000000000104df8                C3D_EarlyDepthTest
 .text.C3D_DepthTest
                0x0000000000104e1c       0x2c C:/devkitPro/libctru/lib\libcitro3d.a(effect.o)
                0x0000000000104e1c                C3D_DepthTest
 .text.C3D_AlphaTest
                0x0000000000104e48       0x2c C:/devkitPro/libctru/lib\libcitro3d.a(effect.o)
                0x0000000000104e48                C3D_AlphaTest
 .text.C3D_AlphaBlend
                0x0000000000104e74       0x50 C:/devkitPro/libctru/lib\libcitro3d.a(effect.o)
                0x0000000000104e74                C3D_AlphaBlend
 .text.C3D_FragOpMode
                0x0000000000104ec4       0x30 C:/devkitPro/libctru/lib\libcitro3d.a(effect.o)
                0x0000000000104ec4                C3D_FragOpMode
 .text.C3D_FragOpShadow
                0x0000000000104ef4       0x44 C:/devkitPro/libctru/lib\libcitro3d.a(effect.o)
                0x0000000000104ef4                C3D_FragOpShadow
 .text.C3Di_EffectBind
                0x0000000000104f38      0x1ac C:/devkitPro/libctru/lib\libcitro3d.a(effect.o)
                0x0000000000104f38                C3Di_EffectBind
 .text.AttrInfo_Init
                0x00000000001050e4       0x28 C:/devkitPro/libctru/lib\libcitro3d.a(attribs.o)
                0x00000000001050e4                AttrInfo_Init
 .text.AttrInfo_AddLoader
                0x000000000010510c       0x98 C:/devkitPro/libctru/lib\libcitro3d.a(attribs.o)
                0x000000000010510c                AttrInfo_AddLoader
 .text.C3D_SetAttrInfo
                0x00000000001051a4       0x54 C:/devkitPro/libctru/lib\libcitro3d.a(attribs.o)
                0x00000000001051a4                C3D_SetAttrInfo
 .text.C3Di_AttrInfoBind
                0x00000000001051f8       0x80 C:/devkitPro/libctru/lib\libcitro3d.a(attribs.o)
                0x00000000001051f8                C3Di_AttrInfoBind
 .text.C3D_ImmSendAttrib
                0x0000000000105278       0xa8 C:/devkitPro/libctru/lib\libcitro3d.a(immediate.o)
                0x0000000000105278                C3D_ImmSendAttrib
 .text.C3D_UpdateUniforms
                0x0000000000105320      0x29c C:/devkitPro/libctru/lib\libcitro3d.a(uniforms.o)
                0x0000000000105320                C3D_UpdateUniforms
 .text.C3Di_DirtyUniforms
                0x00000000001055bc       0xc0 C:/devkitPro/libctru/lib\libcitro3d.a(uniforms.o)
                0x00000000001055bc                C3Di_DirtyUniforms
 .text.C3Di_LoadShaderUniforms
                0x000000000010567c       0xd8 C:/devkitPro/libctru/lib\libcitro3d.a(uniforms.o)
                0x000000000010567c                C3Di_LoadShaderUniforms
 .text.C3Di_ClearShaderUniforms
                0x0000000000105754       0x28 C:/devkitPro/libctru/lib\libcitro3d.a(uniforms.o)
                0x0000000000105754                C3Di_ClearShaderUniforms
 .text.Mtx_Ortho
                0x000000000010577c       0xcc C:/devkitPro/libctru/lib\libcitro3d.a(mtx_ortho.o)
                0x000000000010577c                Mtx_Ortho
 .text.Mtx_OrthoTilt
                0x0000000000105848       0xcc C:/devkitPro/libctru/lib\libcitro3d.a(mtx_orthotilt.o)
                0x0000000000105848                Mtx_OrthoTilt
 .text._ZL21addrMapNodeComparatorPK11rbtree_nodeS1_
                0x0000000000105914       0x24 C:/devkitPro/libctru/lib\libctru.a(vram.o)
 .text._ZL21addrMapNodeDestructorP11rbtree_node
                0x0000000000105938        0x4 C:/devkitPro/libctru/lib\libctru.a(vram.o)
 .text.vramMemAlign
                0x000000000010593c      0x114 C:/devkitPro/libctru/lib\libctru.a(vram.o)
                0x000000000010593c                vramMemAlign
 .text.vramAlloc
                0x0000000000105a50        0x8 C:/devkitPro/libctru/lib\libctru.a(vram.o)
                0x0000000000105a50                vramAlloc
 .text.vramFree
                0x0000000000105a58       0x5c C:/devkitPro/libctru/lib\libctru.a(vram.o)
                0x0000000000105a58                vramFree
 .text._ZL21addrMapNodeComparatorPK11rbtree_nodeS1_
                0x0000000000105ab4       0x24 C:/devkitPro/libctru/lib\libctru.a(linear.o)
 .text._ZL21addrMapNodeDestructorP11rbtree_node
                0x0000000000105ad8        0x4 C:/devkitPro/libctru/lib\libctru.a(linear.o)
 .text.linearMemAlign
                0x0000000000105adc      0x120 C:/devkitPro/libctru/lib\libctru.a(linear.o)
                0x0000000000105adc                linearMemAlign
 .text.linearAlloc
                0x0000000000105bfc        0x8 C:/devkitPro/libctru/lib\libctru.a(linear.o)
                0x0000000000105bfc                linearAlloc
 .text.linearFree
                0x0000000000105c04       0x5c C:/devkitPro/libctru/lib\libctru.a(linear.o)
                0x0000000000105c04                linearFree
 .text._ZN7MemPool13CoalesceRightEP8MemBlock
                0x0000000000105c60       0x84 C:/devkitPro/libctru/lib\libctru.a(mem_pool.o)
                0x0000000000105c60                MemPool::CoalesceRight(MemBlock*)
 .text._ZN7MemPool8AllocateER8MemChunkmi
                0x0000000000105ce4      0x170 C:/devkitPro/libctru/lib\libctru.a(mem_pool.o)
                0x0000000000105ce4                MemPool::Allocate(MemChunk&, unsigned long, int)
 .text._ZN7MemPool10DeallocateERK8MemChunk
                0x0000000000105e54       0xfc C:/devkitPro/libctru/lib\libctru.a(mem_pool.o)
                0x0000000000105e54                MemPool::Deallocate(MemChunk const&)
 .text.romfs_close
                0x0000000000105f50        0x8 C:/devkitPro/libctru/lib\libctru.a(romfs_dev.o)
 .text.romfs_seek
                0x0000000000105f58       0xc8 C:/devkitPro/libctru/lib\libctru.a(romfs_dev.o)
 .text.romfs_dirreset
                0x0000000000106020       0x24 C:/devkitPro/libctru/lib\libctru.a(romfs_dev.o)
 .text.fill_dir
                0x0000000000106044       0xc8 C:/devkitPro/libctru/lib\libctru.a(romfs_dev.o)
 .text.romfs_dirnext
                0x000000000010610c      0x2b0 C:/devkitPro/libctru/lib\libctru.a(romfs_dev.o)
 .text.romfs_free
                0x00000000001063bc       0x84 C:/devkitPro/libctru/lib\libctru.a(romfs_dev.o)
 .text.searchForFile.constprop.0
                0x0000000000106440       0xd4 C:/devkitPro/libctru/lib\libctru.a(romfs_dev.o)
 .text.searchForDir.constprop.0
                0x0000000000106514       0xd8 C:/devkitPro/libctru/lib\libctru.a(romfs_dev.o)
 .text.navigateToDir.constprop.0
                0x00000000001065ec      0x1c0 C:/devkitPro/libctru/lib\libctru.a(romfs_dev.o)
 .text.romfs_open
                0x00000000001067ac      0x128 C:/devkitPro/libctru/lib\libctru.a(romfs_dev.o)
 .text.romfs_chdir
                0x00000000001068d4       0x4c C:/devkitPro/libctru/lib\libctru.a(romfs_dev.o)
 .text.romfs_diropen
                0x0000000000106920       0x70 C:/devkitPro/libctru/lib\libctru.a(romfs_dev.o)
 .text.romfs_stat
                0x0000000000106990      0x17c C:/devkitPro/libctru/lib\libctru.a(romfs_dev.o)
 .text.romfs_dirclose
                0x0000000000106b0c        0x8 C:/devkitPro/libctru/lib\libctru.a(romfs_dev.o)
 .text.romfs_fstat
                0x0000000000106b14       0x7c C:/devkitPro/libctru/lib\libctru.a(romfs_dev.o)
 .text.romfs_read
                0x0000000000106b90       0xd4 C:/devkitPro/libctru/lib\libctru.a(romfs_dev.o)
 .text.romfsMountFromFile
                0x0000000000106c64      0x290 C:/devkitPro/libctru/lib\libctru.a(romfs_dev.o)
                0x0000000000106c64                romfsMountFromFile
 .text.romfsMountFromCurrentProcess
                0x0000000000106ef4       0x98 C:/devkitPro/libctru/lib\libctru.a(romfs_dev.o)
                0x0000000000106ef4                romfsMountFromCurrentProcess
 .text.romfsMountSelf
                0x0000000000106f8c      0x25c C:/devkitPro/libctru/lib\libctru.a(romfs_dev.o)
                0x0000000000106f8c                romfsMountSelf
 .text.romfsUnmount
                0x00000000001071e8       0xac C:/devkitPro/libctru/lib\libctru.a(romfs_dev.o)
                0x00000000001071e8                romfsUnmount
 .text.osConvertVirtToPhys
                0x0000000000107294       0x74 C:/devkitPro/libctru/lib\libctru.a(os.o)
                0x0000000000107294                osConvertVirtToPhys
 .text.osGetTimeRef
                0x0000000000107308       0x54 C:/devkitPro/libctru/lib\libctru.a(os.o)
                0x0000000000107308                osGetTimeRef
 .text.osGetTime
                0x000000000010735c       0xe4 C:/devkitPro/libctru/lib\libctru.a(os.o)
                0x000000000010735c                osGetTime
 .text.__libctru_gtod
                0x0000000000107440       0x74 C:/devkitPro/libctru/lib\libctru.a(os.o)
                0x0000000000107440                __libctru_gtod
 .text.__ctru_speedup_config
                0x00000000001074b4       0x34 C:/devkitPro/libctru/lib\libctru.a(os.o)
                0x00000000001074b4                __ctru_speedup_config
 .text.consoleDrawChar
                0x00000000001074e8      0x178 C:/devkitPro/libctru/lib\libctru.a(console.o)
                0x00000000001074e8                consoleDrawChar
 .text.consolePrintChar
                0x0000000000107660      0x124 C:/devkitPro/libctru/lib\libctru.a(console.o)
                0x0000000000107660                consolePrintChar
 .text.con_write
                0x0000000000107784      0xa00 C:/devkitPro/libctru/lib\libctru.a(console.o)
                0x0000000000107784                con_write
 .text.consoleInit
                0x0000000000108184      0x168 C:/devkitPro/libctru/lib\libctru.a(console.o)
                0x0000000000108184                consoleInit
 .text.newRow   0x00000000001082ec       0xf4 C:/devkitPro/libctru/lib\libctru.a(console.o)
 .text.fontEnsureMapped
                0x00000000001083e0       0x9c C:/devkitPro/libctru/lib\libctru.a(font.o)
                0x00000000001083e0                fontEnsureMapped
 .text.fontGlyphIndexFromCodePoint
                0x000000000010847c       0xfc C:/devkitPro/libctru/lib\libctru.a(font.o)
                0x000000000010847c                fontGlyphIndexFromCodePoint
 .text.fontGetCharWidthInfo
                0x0000000000108578       0x6c C:/devkitPro/libctru/lib\libctru.a(font.o)
                0x0000000000108578                fontGetCharWidthInfo
 .text.fontCalcGlyphPos
                0x00000000001085e4      0x1c0 C:/devkitPro/libctru/lib\libctru.a(font.o)
                0x00000000001085e4                fontCalcGlyphPos
 .text.gfxPresentFramebuffer
                0x00000000001087a4       0xd0 C:/devkitPro/libctru/lib\libctru.a(gfx.o)
 .text.gfxIsWide
                0x0000000000108874       0x1c C:/devkitPro/libctru/lib\libctru.a(gfx.o)
                0x0000000000108874                gfxIsWide
 .text.gfxSetScreenFormat
                0x0000000000108890       0xec C:/devkitPro/libctru/lib\libctru.a(gfx.o)
                0x0000000000108890                gfxSetScreenFormat
 .text.gfxSetDoubleBuffering
                0x000000000010897c       0x10 C:/devkitPro/libctru/lib\libctru.a(gfx.o)
                0x000000000010897c                gfxSetDoubleBuffering
 .text.gfxInit  0x000000000010898c      0x108 C:/devkitPro/libctru/lib\libctru.a(gfx.o)
                0x000000000010898c                gfxInit
 .text.gfxInitDefault
                0x0000000000108a94       0x10 C:/devkitPro/libctru/lib\libctru.a(gfx.o)
                0x0000000000108a94                gfxInitDefault
 .text.gfxExit  0x0000000000108aa4       0xb4 C:/devkitPro/libctru/lib\libctru.a(gfx.o)
                0x0000000000108aa4                gfxExit
 .text.gfxGetFramebuffer
                0x0000000000108b58       0xa0 C:/devkitPro/libctru/lib\libctru.a(gfx.o)
                0x0000000000108b58                gfxGetFramebuffer
 .text.gfxFlushBuffers
                0x0000000000108bf8      0x10c C:/devkitPro/libctru/lib\libctru.a(gfx.o)
                0x0000000000108bf8                gfxFlushBuffers
 .text.gfxScreenSwapBuffers
                0x0000000000108d04       0x30 C:/devkitPro/libctru/lib\libctru.a(gfx.o)
                0x0000000000108d04                gfxScreenSwapBuffers
 .text.gfxSwapBuffers
                0x0000000000108d34       0x50 C:/devkitPro/libctru/lib\libctru.a(gfx.o)
                0x0000000000108d34                gfxSwapBuffers
 .text.gfxSwapBuffersGpu
                0x0000000000108d84       0x50 C:/devkitPro/libctru/lib\libctru.a(gfx.o)
                0x0000000000108d84                gfxSwapBuffersGpu
 .text.shaderInstanceInit
                0x0000000000108dd4      0x1e0 C:/devkitPro/libctru/lib\libctru.a(shaderProgram.o)
                0x0000000000108dd4                shaderInstanceInit
 .text.shaderInstanceGetUniformLocation
                0x0000000000108fb4       0x18 C:/devkitPro/libctru/lib\libctru.a(shaderProgram.o)
                0x0000000000108fb4                shaderInstanceGetUniformLocation
 .text.shaderProgramInit
                0x0000000000108fcc       0x1c C:/devkitPro/libctru/lib\libctru.a(shaderProgram.o)
                0x0000000000108fcc                shaderProgramInit
 .text.shaderProgramFree
                0x0000000000108fe8       0x64 C:/devkitPro/libctru/lib\libctru.a(shaderProgram.o)
                0x0000000000108fe8                shaderProgramFree
 .text.shaderProgramSetVsh
                0x000000000010904c       0x80 C:/devkitPro/libctru/lib\libctru.a(shaderProgram.o)
                0x000000000010904c                shaderProgramSetVsh
 .text.shaderProgramConfigure
                0x00000000001090cc      0x8c0 C:/devkitPro/libctru/lib\libctru.a(shaderProgram.o)
                0x00000000001090cc                shaderProgramConfigure
 .text.DVLE_GenerateOutmap.part.0
                0x000000000010998c      0x1f8 C:/devkitPro/libctru/lib\libctru.a(shbin.o)
 .text.DVLB_ParseFile
                0x0000000000109b84      0x1cc C:/devkitPro/libctru/lib\libctru.a(shbin.o)
                0x0000000000109b84                DVLB_ParseFile
 .text.DVLB_Free
                0x0000000000109d50       0x38 C:/devkitPro/libctru/lib\libctru.a(shbin.o)
                0x0000000000109d50                DVLB_Free
 .text.DVLE_GetUniformRegister
                0x0000000000109d88       0x74 C:/devkitPro/libctru/lib\libctru.a(shbin.o)
                0x0000000000109d88                DVLE_GetUniformRegister
 .text.GX_BindQueue
                0x0000000000109dfc       0x10 C:/devkitPro/libctru/lib\libctru.a(gx.o)
                0x0000000000109dfc                GX_BindQueue
 .text.GX_ProcessCommandList
                0x0000000000109e0c       0x78 C:/devkitPro/libctru/lib\libctru.a(gx.o)
                0x0000000000109e0c                GX_ProcessCommandList
 .text.GX_MemoryFill
                0x0000000000109e84       0x74 C:/devkitPro/libctru/lib\libctru.a(gx.o)
                0x0000000000109e84                GX_MemoryFill
 .text.GX_DisplayTransfer
                0x0000000000109ef8       0x70 C:/devkitPro/libctru/lib\libctru.a(gx.o)
                0x0000000000109ef8                GX_DisplayTransfer
 .text.GX_TextureCopy
                0x0000000000109f68       0x74 C:/devkitPro/libctru/lib\libctru.a(gx.o)
                0x0000000000109f68                GX_TextureCopy
 .text.gxCmdQueueDoCommands.part.0
                0x0000000000109fdc       0x68 C:/devkitPro/libctru/lib\libctru.a(gxqueue.o)
 .text.gxCmdQueueInterrupt
                0x000000000010a044       0xc8 C:/devkitPro/libctru/lib\libctru.a(gxqueue.o)
                0x000000000010a044                gxCmdQueueInterrupt
 .text.gxCmdQueueClear
                0x000000000010a10c       0x4c C:/devkitPro/libctru/lib\libctru.a(gxqueue.o)
                0x000000000010a10c                gxCmdQueueClear
 .text.gxCmdQueueAdd
                0x000000000010a158       0xf8 C:/devkitPro/libctru/lib\libctru.a(gxqueue.o)
                0x000000000010a158                gxCmdQueueAdd
 .text.gxCmdQueueRun
                0x000000000010a250       0x80 C:/devkitPro/libctru/lib\libctru.a(gxqueue.o)
                0x000000000010a250                gxCmdQueueRun
 .text.gxCmdQueueStop
                0x000000000010a2d0       0x60 C:/devkitPro/libctru/lib\libctru.a(gxqueue.o)
                0x000000000010a2d0                gxCmdQueueStop
 .text.gxCmdQueueWait
                0x000000000010a330       0x74 C:/devkitPro/libctru/lib\libctru.a(gxqueue.o)
                0x000000000010a330                gxCmdQueueWait
 .text.GPUCMD_Add
                0x000000000010a3a4      0x13c C:/devkitPro/libctru/lib\libctru.a(gpu.o)
                0x000000000010a3a4                GPUCMD_Add
 .text.GPUCMD_Split
                0x000000000010a4e0       0xac C:/devkitPro/libctru/lib\libctru.a(gpu.o)
                0x000000000010a4e0                GPUCMD_Split
 .text.f32tof16
                0x000000000010a58c       0x40 C:/devkitPro/libctru/lib\libctru.a(gpu.o)
                0x000000000010a58c                f32tof16
 .text.f32tof24
                0x000000000010a5cc       0x40 C:/devkitPro/libctru/lib\libctru.a(gpu.o)
                0x000000000010a5cc                f32tof24
 .text.f32tof31
                0x000000000010a60c       0x44 C:/devkitPro/libctru/lib\libctru.a(gpu.o)
                0x000000000010a60c                f32tof31
 .text.gspHardwareInit
                0x000000000010a650      0xc58 C:/devkitPro/libctru/lib\libctru.a(gspgpu.o)
 .text.gspInit  0x000000000010b2a8      0x254 C:/devkitPro/libctru/lib\libctru.a(gspgpu.o)
                0x000000000010b2a8                gspInit
 .text.gspExit  0x000000000010b4fc       0xf0 C:/devkitPro/libctru/lib\libctru.a(gspgpu.o)
                0x000000000010b4fc                gspExit
 .text.gspHasGpuRight
                0x000000000010b5ec       0x10 C:/devkitPro/libctru/lib\libctru.a(gspgpu.o)
                0x000000000010b5ec                gspHasGpuRight
 .text.gspPresentBuffer
                0x000000000010b5fc       0x98 C:/devkitPro/libctru/lib\libctru.a(gspgpu.o)
                0x000000000010b5fc                gspPresentBuffer
 .text.gspSetEventCallback
                0x000000000010b694       0x30 C:/devkitPro/libctru/lib\libctru.a(gspgpu.o)
                0x000000000010b694                gspSetEventCallback
 .text.gspWaitForEvent
                0x000000000010b6c4       0x50 C:/devkitPro/libctru/lib\libctru.a(gspgpu.o)
                0x000000000010b6c4                gspWaitForEvent
 .text.gspWaitForAnyEvent
                0x000000000010b714       0x4c C:/devkitPro/libctru/lib\libctru.a(gspgpu.o)
                0x000000000010b714                gspWaitForAnyEvent
 .text.gspEventThreadMain
                0x000000000010b760      0x160 C:/devkitPro/libctru/lib\libctru.a(gspgpu.o)
 .text.gspSubmitGxCommand
                0x000000000010b8c0      0x130 C:/devkitPro/libctru/lib\libctru.a(gspgpu.o)
                0x000000000010b8c0                gspSubmitGxCommand
 .text.GSPGPU_FlushDataCache
                0x000000000010b9f0       0x50 C:/devkitPro/libctru/lib\libctru.a(gspgpu.o)
                0x000000000010b9f0                GSPGPU_FlushDataCache
 .text.GSPGPU_SetLcdForceBlack
                0x000000000010ba40       0x34 C:/devkitPro/libctru/lib\libctru.a(gspgpu.o)
                0x000000000010ba40                GSPGPU_SetLcdForceBlack
 .text.GSPGPU_AcquireRight
                0x000000000010ba74       0x68 C:/devkitPro/libctru/lib\libctru.a(gspgpu.o)
                0x000000000010ba74                GSPGPU_AcquireRight
 .text.GSPGPU_ReleaseRight
                0x000000000010badc       0x48 C:/devkitPro/libctru/lib\libctru.a(gspgpu.o)
                0x000000000010badc                GSPGPU_ReleaseRight
 .text.GSPGPU_ImportDisplayCaptureInfo
                0x000000000010bb24       0x7c C:/devkitPro/libctru/lib\libctru.a(gspgpu.o)
                0x000000000010bb24                GSPGPU_ImportDisplayCaptureInfo
 .text.GSPGPU_SaveVramSysArea
                0x000000000010bba0       0x2c C:/devkitPro/libctru/lib\libctru.a(gspgpu.o)
                0x000000000010bba0                GSPGPU_SaveVramSysArea
 .text.GSPGPU_RestoreVramSysArea
                0x000000000010bbcc       0x2c C:/devkitPro/libctru/lib\libctru.a(gspgpu.o)
                0x000000000010bbcc                GSPGPU_RestoreVramSysArea
 .text.aptConvertScreenForCapture
                0x000000000010bbf8      0x1b0 C:/devkitPro/libctru/lib\libctru.a(apt.o)
 .text.aptDspSleep
                0x000000000010bda8        0x8 C:/devkitPro/libctru/lib\libctru.a(apt.o)
                0x000000000010bda8                aptDspSleep
 .text.aptDspWakeup
                0x000000000010bdb0        0x4 C:/devkitPro/libctru/lib\libctru.a(apt.o)
                0x000000000010bdb0                aptDspWakeup
 .text.aptDspCancel
                0x000000000010bdb4        0x4 C:/devkitPro/libctru/lib\libctru.a(apt.o)
                0x000000000010bdb4                aptDspCancel
 .text.aptSendCommand
                0x000000000010bdb8      0x15c C:/devkitPro/libctru/lib\libctru.a(apt.o)
                0x000000000010bdb8                aptSendCommand
 .text.aptExitProcess
                0x000000000010bf14       0x38 C:/devkitPro/libctru/lib\libctru.a(apt.o)
 .text.aptExit  0x000000000010bf4c      0x2f0 C:/devkitPro/libctru/lib\libctru.a(apt.o)
                0x000000000010bf4c                aptExit
 .text.aptHandleSleep
                0x000000000010c23c       0xd8 C:/devkitPro/libctru/lib\libctru.a(apt.o)
                0x000000000010c23c                aptHandleSleep
 .text.aptHook  0x000000000010c314       0x30 C:/devkitPro/libctru/lib\libctru.a(apt.o)
                0x000000000010c314                aptHook
 .text.aptUnhook
                0x000000000010c344       0x30 C:/devkitPro/libctru/lib\libctru.a(apt.o)
                0x000000000010c344                aptUnhook
 .text.APT_SleepIfShellClosed
                0x000000000010c374       0x84 C:/devkitPro/libctru/lib\libctru.a(apt.o)
                0x000000000010c374                APT_SleepIfShellClosed
 .text.aptSetSleepAllowed
                0x000000000010c3f8       0x84 C:/devkitPro/libctru/lib\libctru.a(apt.o)
                0x000000000010c3f8                aptSetSleepAllowed
 .text.APT_UnlockTransition
                0x000000000010c47c       0x84 C:/devkitPro/libctru/lib\libctru.a(apt.o)
                0x000000000010c47c                APT_UnlockTransition
 .text.aptEventHandler
                0x000000000010c500      0x484 C:/devkitPro/libctru/lib\libctru.a(apt.o)
 .text.APT_ReceiveParameter
                0x000000000010c984       0xb0 C:/devkitPro/libctru/lib\libctru.a(apt.o)
                0x000000000010c984                APT_ReceiveParameter
 .text.aptReceiveParameter.constprop.0
                0x000000000010ca34       0xb0 C:/devkitPro/libctru/lib\libctru.a(apt.o)
 *fill*         0x000000000010cae4        0x4 
 .text.aptScreenTransfer
                0x000000000010cae8      0x2bc C:/devkitPro/libctru/lib\libctru.a(apt.o)
 .text.aptWaitForWakeUp.isra.0
                0x000000000010cda4      0x2d0 C:/devkitPro/libctru/lib\libctru.a(apt.o)
 .text.aptJumpToHomeMenu
                0x000000000010d074       0xf8 C:/devkitPro/libctru/lib\libctru.a(apt.o)
                0x000000000010d074                aptJumpToHomeMenu
 .text.aptMainLoop
                0x000000000010d16c       0x4c C:/devkitPro/libctru/lib\libctru.a(apt.o)
                0x000000000010d16c                aptMainLoop
 .text.aptInit  0x000000000010d1b8      0x234 C:/devkitPro/libctru/lib\libctru.a(apt.o)
                0x000000000010d1b8                aptInit
 .text.APT_CheckNew3DS
                0x000000000010d3ec       0x7c C:/devkitPro/libctru/lib\libctru.a(apt.o)
                0x000000000010d3ec                APT_CheckNew3DS
 .text.APT_GetSharedFont
                0x000000000010d468       0x48 C:/devkitPro/libctru/lib\libctru.a(apt.o)
                0x000000000010d468                APT_GetSharedFont
 .text.hidShouldUseIrrst
                0x000000000010d4b0       0x24 C:/devkitPro/libctru/lib\libctru.a(hid.o)
                0x000000000010d4b0                hidShouldUseIrrst
 .text.hidInit  0x000000000010d4d4      0x18c C:/devkitPro/libctru/lib\libctru.a(hid.o)
                0x000000000010d4d4                hidInit
 .text.hidExit  0x000000000010d660       0xe8 C:/devkitPro/libctru/lib\libctru.a(hid.o)
                0x000000000010d660                hidExit
 .text.hidScanInput
                0x000000000010d748      0x294 C:/devkitPro/libctru/lib\libctru.a(hid.o)
                0x000000000010d748                hidScanInput
 .text.hidKeysHeld
                0x000000000010d9dc       0x10 C:/devkitPro/libctru/lib\libctru.a(hid.o)
                0x000000000010d9dc                hidKeysHeld
 .text.hidKeysDown
                0x000000000010d9ec       0x10 C:/devkitPro/libctru/lib\libctru.a(hid.o)
                0x000000000010d9ec                hidKeysDown
 .text.hidTouchRead
                0x000000000010d9fc       0x18 C:/devkitPro/libctru/lib\libctru.a(hid.o)
                0x000000000010d9fc                hidTouchRead
 .text.ptmSysmInit
                0x000000000010da14       0x74 C:/devkitPro/libctru/lib\libctru.a(ptmsysm.o)
                0x000000000010da14                ptmSysmInit
 .text.ptmSysmExit
                0x000000000010da88       0x3c C:/devkitPro/libctru/lib\libctru.a(ptmsysm.o)
                0x000000000010da88                ptmSysmExit
 .text.PTMSYSM_ConfigureNew3DSCPU
                0x000000000010dac4       0x34 C:/devkitPro/libctru/lib\libctru.a(ptmsysm.o)
                0x000000000010dac4                PTMSYSM_ConfigureNew3DSCPU
 .text.fsInit   0x000000000010daf8       0xc8 C:/devkitPro/libctru/lib\libctru.a(fs.o)
                0x000000000010daf8                fsInit
 .text.fsExit   0x000000000010dbc0       0x3c C:/devkitPro/libctru/lib\libctru.a(fs.o)
                0x000000000010dbc0                fsExit
 .text.fsExemptFromSession
                0x000000000010dbfc       0x60 C:/devkitPro/libctru/lib\libctru.a(fs.o)
                0x000000000010dbfc                fsExemptFromSession
 .text.fsUnexemptFromSession
                0x000000000010dc5c       0x50 C:/devkitPro/libctru/lib\libctru.a(fs.o)
                0x000000000010dc5c                fsUnexemptFromSession
 .text.FSUSER_OpenFile
                0x000000000010dcac       0xcc C:/devkitPro/libctru/lib\libctru.a(fs.o)
                0x000000000010dcac                FSUSER_OpenFile
 .text.FSUSER_OpenFileDirectly
                0x000000000010dd78       0xd4 C:/devkitPro/libctru/lib\libctru.a(fs.o)
                0x000000000010dd78                FSUSER_OpenFileDirectly
 .text.FSUSER_DeleteFile
                0x000000000010de4c       0xbc C:/devkitPro/libctru/lib\libctru.a(fs.o)
                0x000000000010de4c                FSUSER_DeleteFile
 .text.FSUSER_RenameFile
                0x000000000010df08       0xf8 C:/devkitPro/libctru/lib\libctru.a(fs.o)
                0x000000000010df08                FSUSER_RenameFile
 .text.FSUSER_DeleteDirectory
                0x000000000010e000       0xbc C:/devkitPro/libctru/lib\libctru.a(fs.o)
                0x000000000010e000                FSUSER_DeleteDirectory
 .text.FSUSER_CreateFile
                0x000000000010e0bc       0xd4 C:/devkitPro/libctru/lib\libctru.a(fs.o)
                0x000000000010e0bc                FSUSER_CreateFile
 .text.FSUSER_CreateDirectory
                0x000000000010e190       0xc4 C:/devkitPro/libctru/lib\libctru.a(fs.o)
                0x000000000010e190                FSUSER_CreateDirectory
 .text.FSUSER_RenameDirectory
                0x000000000010e254       0xf8 C:/devkitPro/libctru/lib\libctru.a(fs.o)
                0x000000000010e254                FSUSER_RenameDirectory
 .text.FSUSER_OpenDirectory
                0x000000000010e34c       0xb4 C:/devkitPro/libctru/lib\libctru.a(fs.o)
                0x000000000010e34c                FSUSER_OpenDirectory
 .text.FSUSER_OpenArchive
                0x000000000010e400       0x94 C:/devkitPro/libctru/lib\libctru.a(fs.o)
                0x000000000010e400                FSUSER_OpenArchive
 .text.FSUSER_CloseArchive
                0x000000000010e494       0x8c C:/devkitPro/libctru/lib\libctru.a(fs.o)
                0x000000000010e494                FSUSER_CloseArchive
 .text.FSUSER_GetSdmcArchiveResource
                0x000000000010e520       0x74 C:/devkitPro/libctru/lib\libctru.a(fs.o)
                0x000000000010e520                FSUSER_GetSdmcArchiveResource
 .text.FSUSER_IsSdmcWritable
                0x000000000010e594       0x64 C:/devkitPro/libctru/lib\libctru.a(fs.o)
                0x000000000010e594                FSUSER_IsSdmcWritable
 .text.FSFILE_Read
                0x000000000010e5f8       0x58 C:/devkitPro/libctru/lib\libctru.a(fs.o)
                0x000000000010e5f8                FSFILE_Read
 .text.FSFILE_Write
                0x000000000010e650       0x60 C:/devkitPro/libctru/lib\libctru.a(fs.o)
                0x000000000010e650                FSFILE_Write
 .text.FSFILE_GetSize
                0x000000000010e6b0       0x38 C:/devkitPro/libctru/lib\libctru.a(fs.o)
                0x000000000010e6b0                FSFILE_GetSize
 .text.FSFILE_SetSize
                0x000000000010e6e8       0x28 C:/devkitPro/libctru/lib\libctru.a(fs.o)
                0x000000000010e6e8                FSFILE_SetSize
 .text.FSFILE_Close
                0x000000000010e710       0x3c C:/devkitPro/libctru/lib\libctru.a(fs.o)
                0x000000000010e710                FSFILE_Close
 .text.FSFILE_Flush
                0x000000000010e74c       0x24 C:/devkitPro/libctru/lib\libctru.a(fs.o)
                0x000000000010e74c                FSFILE_Flush
 .text.FSDIR_Read
                0x000000000010e770       0x50 C:/devkitPro/libctru/lib\libctru.a(fs.o)
                0x000000000010e770                FSDIR_Read
 .text.FSDIR_Close
                0x000000000010e7c0       0x3c C:/devkitPro/libctru/lib\libctru.a(fs.o)
                0x000000000010e7c0                FSDIR_Close
 .text.buffer_read
                0x000000000010e7fc       0xcc C:/devkitPro/libctru/lib\libctru.a(decompress.o)
 .text.iov_read
                0x000000000010e8c8       0xd0 C:/devkitPro/libctru/lib\libctru.a(decompress.o)
 .text.iov_memmove
                0x000000000010e998      0x128 C:/devkitPro/libctru/lib\libctru.a(decompress.o)
 .text.decompress_rle
                0x000000000010eac0      0x1d8 C:/devkitPro/libctru/lib\libctru.a(decompress.o)
 .text.decompress_lzss
                0x000000000010ec98      0x258 C:/devkitPro/libctru/lib\libctru.a(decompress.o)
 .text.decompress_huff.part.0
                0x000000000010eef0      0x2ec C:/devkitPro/libctru/lib\libctru.a(decompress.o)
 .text.decompress_lz11
                0x000000000010f1dc      0x440 C:/devkitPro/libctru/lib\libctru.a(decompress.o)
 .text.decompressCallback_Stdio
                0x000000000010f61c       0x10 C:/devkitPro/libctru/lib\libctru.a(decompress.o)
                0x000000000010f61c                decompressCallback_Stdio
 .text.decompressHeader
                0x000000000010f62c       0xe4 C:/devkitPro/libctru/lib\libctru.a(decompress.o)
                0x000000000010f62c                decompressHeader
 .text.decompressV
                0x000000000010f710      0x250 C:/devkitPro/libctru/lib\libctru.a(decompress.o)
                0x000000000010f710                decompressV
 .text.rbtree_init
                0x000000000010f960       0x10 C:/devkitPro/libctru/lib\libctru.a(rbtree_init.o)
                0x000000000010f960                rbtree_init
 .text.do_insert
                0x000000000010f970      0x1a0 C:/devkitPro/libctru/lib\libctru.a(rbtree_insert.o)
 .text.rbtree_insert
                0x000000000010fb10        0x8 C:/devkitPro/libctru/lib\libctru.a(rbtree_insert.o)
                0x000000000010fb10                rbtree_insert
 .text.rbtree_rotate
                0x000000000010fb18       0x90 C:/devkitPro/libctru/lib\libctru.a(rbtree_rotate.o)
                0x000000000010fb18                rbtree_rotate
 .text.rbtree_remove
                0x000000000010fba8      0x338 C:/devkitPro/libctru/lib\libctru.a(rbtree_remove.o)
                0x000000000010fba8                rbtree_remove
 .text.rbtree_find
                0x000000000010fee0       0x74 C:/devkitPro/libctru/lib\libctru.a(rbtree_find.o)
                0x000000000010fee0                rbtree_find
 .text.utf16_to_utf8
                0x000000000010ff54       0xe8 C:/devkitPro/libctru/lib\libctru.a(utf16_to_utf8.o)
                0x000000000010ff54                utf16_to_utf8
 .text.decode_utf16
                0x000000000011003c       0x64 C:/devkitPro/libctru/lib\libctru.a(decode_utf16.o)
                0x000000000011003c                decode_utf16
 .text.decode_utf8
                0x00000000001100a0      0x13c C:/devkitPro/libctru/lib\libctru.a(decode_utf8.o)
                0x00000000001100a0                decode_utf8
 .text.utf8_to_utf16
                0x00000000001101dc       0xc0 C:/devkitPro/libctru/lib\libctru.a(utf8_to_utf16.o)
                0x00000000001101dc                utf8_to_utf16
 *fill*         0x000000000011029c        0x4 
 .text.__system_allocateHeaps
                0x00000000001102a0      0x1e0 C:/devkitPro/libctru/lib\libctru.a(allocateHeaps.o)
                0x00000000001102a0                __system_allocateHeaps
 .text.__libctru_init
                0x0000000000110480       0x38 C:/devkitPro/libctru/lib\libctru.a(ctru_init.o)
                0x0000000000110480                __libctru_init
 .text.__system_initArgv
                0x00000000001104b8       0xf0 C:/devkitPro/libctru/lib\libctru.a(initArgv.o)
                0x00000000001104b8                __system_initArgv
 .text.svcControlMemory
                0x00000000001105a8       0x20 C:/devkitPro/libctru/lib\libctru.a(svc.o)
                0x00000000001105a8                svcControlMemory
 .text.svcQueryMemory
                0x00000000001105c8       0x30 C:/devkitPro/libctru/lib\libctru.a(svc.o)
                0x00000000001105c8                svcQueryMemory
 .text.svcExitProcess
                0x00000000001105f8        0x8 C:/devkitPro/libctru/lib\libctru.a(svc.o)
                0x00000000001105f8                svcExitProcess
 .text.svcCreateThread
                0x0000000000110600       0x20 C:/devkitPro/libctru/lib\libctru.a(svc.o)
                0x0000000000110600                svcCreateThread
 .text.svcExitThread
                0x0000000000110620        0x8 C:/devkitPro/libctru/lib\libctru.a(svc.o)
                0x0000000000110620                svcExitThread
 .text.svcSleepThread
                0x0000000000110628        0x8 C:/devkitPro/libctru/lib\libctru.a(svc.o)
                0x0000000000110628                svcSleepThread
 .text.svcReleaseMutex
                0x0000000000110630        0x8 C:/devkitPro/libctru/lib\libctru.a(svc.o)
                0x0000000000110630                svcReleaseMutex
 .text.svcCreateEvent
                0x0000000000110638       0x14 C:/devkitPro/libctru/lib\libctru.a(svc.o)
                0x0000000000110638                svcCreateEvent
 .text.svcSignalEvent
                0x000000000011064c        0x8 C:/devkitPro/libctru/lib\libctru.a(svc.o)
                0x000000000011064c                svcSignalEvent
 .text.svcClearEvent
                0x0000000000110654        0x8 C:/devkitPro/libctru/lib\libctru.a(svc.o)
                0x0000000000110654                svcClearEvent
 .text.svcMapMemoryBlock
                0x000000000011065c        0x8 C:/devkitPro/libctru/lib\libctru.a(svc.o)
                0x000000000011065c                svcMapMemoryBlock
 .text.svcUnmapMemoryBlock
                0x0000000000110664        0x8 C:/devkitPro/libctru/lib\libctru.a(svc.o)
                0x0000000000110664                svcUnmapMemoryBlock
 .text.svcCreateAddressArbiter
                0x000000000011066c       0x14 C:/devkitPro/libctru/lib\libctru.a(svc.o)
                0x000000000011066c                svcCreateAddressArbiter
 .text.svcArbitrateAddressNoTimeout
                0x0000000000110680        0x8 C:/devkitPro/libctru/lib\libctru.a(svc.o)
                0x0000000000110680                svcArbitrateAddressNoTimeout
 .text.svcCloseHandle
                0x0000000000110688        0x8 C:/devkitPro/libctru/lib\libctru.a(svc.o)
                0x0000000000110688                svcCloseHandle
 .text.svcWaitSynchronization
                0x0000000000110690        0x8 C:/devkitPro/libctru/lib\libctru.a(svc.o)
                0x0000000000110690                svcWaitSynchronization
 .text.svcWaitSynchronizationN
                0x0000000000110698       0x28 C:/devkitPro/libctru/lib\libctru.a(svc.o)
                0x0000000000110698                svcWaitSynchronizationN
 .text.svcDuplicateHandle
                0x00000000001106c0       0x14 C:/devkitPro/libctru/lib\libctru.a(svc.o)
                0x00000000001106c0                svcDuplicateHandle
 .text.svcGetSystemTick
                0x00000000001106d4        0x8 C:/devkitPro/libctru/lib\libctru.a(svc.o)
                0x00000000001106d4                svcGetSystemTick
 .text.svcConnectToPort
                0x00000000001106dc       0x14 C:/devkitPro/libctru/lib\libctru.a(svc.o)
                0x00000000001106dc                svcConnectToPort
 .text.svcSendSyncRequest
                0x00000000001106f0        0x8 C:/devkitPro/libctru/lib\libctru.a(svc.o)
                0x00000000001106f0                svcSendSyncRequest
 .text.svcGetResourceLimit
                0x00000000001106f8       0x14 C:/devkitPro/libctru/lib\libctru.a(svc.o)
                0x00000000001106f8                svcGetResourceLimit
 .text.svcGetResourceLimitLimitValues
                0x000000000011070c        0x8 C:/devkitPro/libctru/lib\libctru.a(svc.o)
                0x000000000011070c                svcGetResourceLimitLimitValues
 .text.svcGetResourceLimitCurrentValues
                0x0000000000110714        0x8 C:/devkitPro/libctru/lib\libctru.a(svc.o)
                0x0000000000110714                svcGetResourceLimitCurrentValues
 .text.svcBreak
                0x000000000011071c        0x8 C:/devkitPro/libctru/lib\libctru.a(svc.o)
                0x000000000011071c                svcBreak
 .text.initSystem
                0x0000000000110724       0x50 C:/devkitPro/libctru/lib\libctru.a(stack_adjust.o)
                0x0000000000110724                initSystem
 .text.__ctru_exit
                0x0000000000110774       0x18 C:/devkitPro/libctru/lib\libctru.a(stack_adjust.o)
                0x0000000000110774                __ctru_exit
 .text.__aeabi_read_tp
                0x000000000011078c        0xc C:/devkitPro/libctru/lib\libctru.a(readtp.o)
                0x000000000011078c                __aeabi_read_tp
 .text.__sync_init
                0x0000000000110798        0xc C:/devkitPro/libctru/lib\libctru.a(synchronization.o)
                0x0000000000110798                __sync_init
 .text.__sync_fini
                0x00000000001107a4       0x18 C:/devkitPro/libctru/lib\libctru.a(synchronization.o)
                0x00000000001107a4                __sync_fini
 .text.syncArbitrateAddress
                0x00000000001107bc       0x2c C:/devkitPro/libctru/lib\libctru.a(synchronization.o)
                0x00000000001107bc                syncArbitrateAddress
 .text.LightLock_Init
                0x00000000001107e8       0x1c C:/devkitPro/libctru/lib\libctru.a(synchronization.o)
                0x00000000001107e8                LightLock_Init
 .text.LightLock_Lock
                0x0000000000110804       0x94 C:/devkitPro/libctru/lib\libctru.a(synchronization.o)
                0x0000000000110804                LightLock_Lock
 .text.LightLock_TryLock
                0x0000000000110898       0x44 C:/devkitPro/libctru/lib\libctru.a(synchronization.o)
                0x0000000000110898                LightLock_TryLock
 .text.LightLock_Unlock
                0x00000000001108dc       0x40 C:/devkitPro/libctru/lib\libctru.a(synchronization.o)
                0x00000000001108dc                LightLock_Unlock
 .text.RecursiveLock_Init
                0x000000000011091c       0x24 C:/devkitPro/libctru/lib\libctru.a(synchronization.o)
                0x000000000011091c                RecursiveLock_Init
 .text.RecursiveLock_Lock
                0x0000000000110940       0x30 C:/devkitPro/libctru/lib\libctru.a(synchronization.o)
                0x0000000000110940                RecursiveLock_Lock
 .text.RecursiveLock_TryLock
                0x0000000000110970       0x78 C:/devkitPro/libctru/lib\libctru.a(synchronization.o)
                0x0000000000110970                RecursiveLock_TryLock
 .text.RecursiveLock_Unlock
                0x00000000001109e8       0x54 C:/devkitPro/libctru/lib\libctru.a(synchronization.o)
                0x00000000001109e8                RecursiveLock_Unlock
 .text.LightEvent_Init
                0x0000000000110a3c       0x40 C:/devkitPro/libctru/lib\libctru.a(synchronization.o)
                0x0000000000110a3c                LightEvent_Init
 .text.LightEvent_Clear
                0x0000000000110a7c       0xa4 C:/devkitPro/libctru/lib\libctru.a(synchronization.o)
                0x0000000000110a7c                LightEvent_Clear
 .text.LightEvent_Signal
                0x0000000000110b20       0xc8 C:/devkitPro/libctru/lib\libctru.a(synchronization.o)
                0x0000000000110b20                LightEvent_Signal
 .text.LightEvent_TryWait
                0x0000000000110be8       0x58 C:/devkitPro/libctru/lib\libctru.a(synchronization.o)
                0x0000000000110be8                LightEvent_TryWait
 .text.LightEvent_Wait
                0x0000000000110c40       0xb0 C:/devkitPro/libctru/lib\libctru.a(synchronization.o)
                0x0000000000110c40                LightEvent_Wait
 .text.envGetHandle
                0x0000000000110cf0       0x84 C:/devkitPro/libctru/lib\libctru.a(env.o)
                0x0000000000110cf0                envGetHandle
 .text.envDestroyHandles
                0x0000000000110d74       0x50 C:/devkitPro/libctru/lib\libctru.a(env.o)
                0x0000000000110d74                envDestroyHandles
 .text.srvInit  0x0000000000110dc4      0x124 C:/devkitPro/libctru/lib\libctru.a(srv.o)
                0x0000000000110dc4                srvInit
 .text.srvExit  0x0000000000110ee8       0x58 C:/devkitPro/libctru/lib\libctru.a(srv.o)
                0x0000000000110ee8                srvExit
 .text.srvGetServiceHandleDirect
                0x0000000000110f40       0x80 C:/devkitPro/libctru/lib\libctru.a(srv.o)
                0x0000000000110f40                srvGetServiceHandleDirect
 .text.srvGetServiceHandle
                0x0000000000110fc0       0x48 C:/devkitPro/libctru/lib\libctru.a(srv.o)
                0x0000000000110fc0                srvGetServiceHandle
 .text.srvPublishToSubscriber
                0x0000000000111008       0x38 C:/devkitPro/libctru/lib\libctru.a(srv.o)
                0x0000000000111008                srvPublishToSubscriber
 .text.threadCreate
                0x0000000000111040      0x188 C:/devkitPro/libctru/lib\libctru.a(thread.o)
                0x0000000000111040                threadCreate
 .text.threadFree
                0x00000000001111c8       0x2c C:/devkitPro/libctru/lib\libctru.a(thread.o)
                0x00000000001111c8                threadFree
 .text.threadJoin
                0x00000000001111f4       0x24 C:/devkitPro/libctru/lib\libctru.a(thread.o)
                0x00000000001111f4                threadJoin
 .text.threadGetCurrent
                0x0000000000111218       0x30 C:/devkitPro/libctru/lib\libctru.a(thread.o)
                0x0000000000111218                threadGetCurrent
 .text.threadExit
                0x0000000000111248       0x40 C:/devkitPro/libctru/lib\libctru.a(thread.o)
                0x0000000000111248                threadExit
 .text._thread_begin
                0x0000000000111288       0x44 C:/devkitPro/libctru/lib\libctru.a(thread.o)
 .text.mappableFindAddressWithin
                0x00000000001112cc       0x94 C:/devkitPro/libctru/lib\libctru.a(mappable.o)
 .text.mappableInit
                0x0000000000111360       0x28 C:/devkitPro/libctru/lib\libctru.a(mappable.o)
                0x0000000000111360                mappableInit
 .text.mappableAlloc
                0x0000000000111388       0x80 C:/devkitPro/libctru/lib\libctru.a(mappable.o)
                0x0000000000111388                mappableAlloc
 .text.mappableFree
                0x0000000000111408        0x4 C:/devkitPro/libctru/lib\libctru.a(mappable.o)
                0x0000000000111408                mappableFree
 .text.irrstInit
                0x000000000011140c      0x160 C:/devkitPro/libctru/lib\libctru.a(irrst.o)
                0x000000000011140c                irrstInit
 .text.irrstExit
                0x000000000011156c       0xcc C:/devkitPro/libctru/lib\libctru.a(irrst.o)
                0x000000000011156c                irrstExit
 .text.irrstScanInput
                0x0000000000111638       0xb0 C:/devkitPro/libctru/lib\libctru.a(irrst.o)
                0x0000000000111638                irrstScanInput
 .text.irrstKeysHeld
                0x00000000001116e8       0x24 C:/devkitPro/libctru/lib\libctru.a(irrst.o)
                0x00000000001116e8                irrstKeysHeld
 .text.srvPmGetSessionHandle
                0x000000000011170c        0xc C:/devkitPro/libctru/lib\libctru.a(srvpm.o)
                0x000000000011170c                srvPmGetSessionHandle
 .text.rbtree_node_next
                0x0000000000111718       0x50 C:/devkitPro/libctru/lib\libctru.a(rbtree_iterator.o)
                0x0000000000111718                rbtree_node_next
 .text.encode_utf16
                0x0000000000111768       0x60 C:/devkitPro/libctru/lib\libctru.a(encode_utf16.o)
                0x0000000000111768                encode_utf16
 .text.encode_utf8
                0x00000000001117c8       0xfc C:/devkitPro/libctru/lib\libctru.a(encode_utf8.o)
                0x00000000001117c8                encode_utf8
 .text.__appInit
                0x00000000001118c4       0x30 C:/devkitPro/libctru/lib\libctru.a(appInit.o)
                0x00000000001118c4                __appInit
 .text.__libctru_nanosleep
                0x00000000001118f4       0x30 C:/devkitPro/libctru/lib\libctru.a(syscalls.o)
 .text.__libctru_get_reent
                0x0000000000111924       0x30 C:/devkitPro/libctru/lib\libctru.a(syscalls.o)
 .text.__system_initSyscalls
                0x0000000000111954       0xf8 C:/devkitPro/libctru/lib\libctru.a(syscalls.o)
                0x0000000000111954                __system_initSyscalls
 .text.__appExit
                0x0000000000111a4c       0x30 C:/devkitPro/libctru/lib\libctru.a(appExit.o)
                0x0000000000111a4c                __appExit
 .text.__libctru_exit
                0x0000000000111a7c       0x90 C:/devkitPro/libctru/lib\libctru.a(ctru_exit.o)
                0x0000000000111a7c                __libctru_exit
 .text.archive_link
                0x0000000000111b0c       0x14 C:/devkitPro/libctru/lib\libctru.a(archive_dev.o)
 .text.archive_dirreset
                0x0000000000111b20       0x14 C:/devkitPro/libctru/lib\libctru.a(archive_dev.o)
 .text.archive_chmod
                0x0000000000111b34       0x14 C:/devkitPro/libctru/lib\libctru.a(archive_dev.o)
 .text.error_cmp
                0x0000000000111b48       0x24 C:/devkitPro/libctru/lib\libctru.a(archive_dev.o)
 .text.archive_translate_error
                0x0000000000111b6c       0x50 C:/devkitPro/libctru/lib\libctru.a(archive_dev.o)
 .text.archive_seek
                0x0000000000111bbc       0xd4 C:/devkitPro/libctru/lib\libctru.a(archive_dev.o)
 .text._archiveInit.part.0
                0x0000000000111c90       0x7c C:/devkitPro/libctru/lib\libctru.a(archive_dev.o)
 .text.archiveFindDevice.part.0
                0x0000000000111d0c       0x8c C:/devkitPro/libctru/lib\libctru.a(archive_dev.o)
 .text.archive_utf16path
                0x0000000000111d98      0x294 C:/devkitPro/libctru/lib\libctru.a(archive_dev.o)
 .text._archiveUnmountDeviceStruct.part.0
                0x000000000011202c       0xa0 C:/devkitPro/libctru/lib\libctru.a(archive_dev.o)
 .text.archive_fchmod
                0x00000000001120cc       0x14 C:/devkitPro/libctru/lib\libctru.a(archive_dev.o)
 .text.archive_statvfs
                0x00000000001120e0       0x14 C:/devkitPro/libctru/lib\libctru.a(archive_dev.o)
 .text._archiveMountDevice
                0x00000000001120f4      0x158 C:/devkitPro/libctru/lib\libctru.a(archive_dev.o)
 .text.archive_diropen
                0x000000000011224c       0xe8 C:/devkitPro/libctru/lib\libctru.a(archive_dev.o)
 .text.archive_fstat
                0x0000000000112334       0xa4 C:/devkitPro/libctru/lib\libctru.a(archive_dev.o)
 .text.archive_close
                0x00000000001123d8       0x6c C:/devkitPro/libctru/lib\libctru.a(archive_dev.o)
 .text.archive_fsync
                0x0000000000112444       0x6c C:/devkitPro/libctru/lib\libctru.a(archive_dev.o)
 .text.archive_dirclose
                0x00000000001124b0       0x70 C:/devkitPro/libctru/lib\libctru.a(archive_dev.o)
 .text.sdmc_statvfs
                0x0000000000112520       0xe8 C:/devkitPro/libctru/lib\libctru.a(archive_dev.o)
 .text.archive_ftruncate
                0x0000000000112608       0x80 C:/devkitPro/libctru/lib\libctru.a(archive_dev.o)
 .text.archive_chdir
                0x0000000000112688       0xfc C:/devkitPro/libctru/lib\libctru.a(archive_dev.o)
 .text.archive_read
                0x0000000000112784       0xb0 C:/devkitPro/libctru/lib\libctru.a(archive_dev.o)
 .text.archive_unlink
                0x0000000000112834       0xac C:/devkitPro/libctru/lib\libctru.a(archive_dev.o)
 .text.archive_rmdir
                0x00000000001128e0       0xc8 C:/devkitPro/libctru/lib\libctru.a(archive_dev.o)
 .text.archive_mkdir
                0x00000000001129a8       0xec C:/devkitPro/libctru/lib\libctru.a(archive_dev.o)
 .text.archive_stat
                0x0000000000112a94      0x1a8 C:/devkitPro/libctru/lib\libctru.a(archive_dev.o)
 .text.archive_rename
                0x0000000000112c3c      0x184 C:/devkitPro/libctru/lib\libctru.a(archive_dev.o)
 .text.archive_dirnext
                0x0000000000112dc0      0x168 C:/devkitPro/libctru/lib\libctru.a(archive_dev.o)
 .text.archive_write
                0x0000000000112f28      0x12c C:/devkitPro/libctru/lib\libctru.a(archive_dev.o)
 .text.archive_open
                0x0000000000113054      0x1f0 C:/devkitPro/libctru/lib\libctru.a(archive_dev.o)
 .text.archiveMountSdmc
                0x0000000000113244      0x1a4 C:/devkitPro/libctru/lib\libctru.a(archive_dev.o)
                0x0000000000113244                archiveMountSdmc
 .text.archiveUnmountAll
                0x00000000001133e8       0x54 C:/devkitPro/libctru/lib\libctru.a(archive_dev.o)
                0x00000000001133e8                archiveUnmountAll
 *fill*         0x000000000011343c        0x4 
 .text.cosf     0x0000000000113440      0x22c c:/devkitpro/devkitarm/bin/../lib/gcc/arm-none-eabi/11.1.0/../../../../arm-none-eabi/lib/armv6k/fpu\libm.a(lib_a-cosf.o)
                0x0000000000113440                cosf
 .text.with_errnof
                0x000000000011366c       0x24 c:/devkitpro/devkitarm/bin/../lib/gcc/arm-none-eabi/11.1.0/../../../../arm-none-eabi/lib/armv6k/fpu\libm.a(lib_a-math_errf.o)
 .text.__math_invalidf
                0x0000000000113690       0x1c c:/devkitpro/devkitarm/bin/../lib/gcc/arm-none-eabi/11.1.0/../../../../arm-none-eabi/lib/armv6k/fpu\libm.a(lib_a-math_errf.o)
                0x0000000000113690                __math_invalidf
 *fill*         0x00000000001136ac        0x4 
 .text.sinf     0x00000000001136b0      0x26c c:/devkitpro/devkitarm/bin/../lib/gcc/arm-none-eabi/11.1.0/../../../../arm-none-eabi/lib/armv6k/fpu\libm.a(lib_a-sinf.o)
                0x00000000001136b0                sinf
 .text.__udivmoddi4
                0x000000000011391c      0x120 c:/devkitpro/devkitarm/bin/../lib/gcc/arm-none-eabi/11.1.0/armv6k/fpu\libgcc.a(_udivmoddi4.o)
                0x000000000011391c                __udivmoddi4
 .text.bsearch  0x0000000000113a3c       0x78 c:/devkitpro/devkitarm/bin/../lib/gcc/arm-none-eabi/11.1.0/../../../../arm-none-eabi/lib/armv6k/fpu\libg.a(lib_a-bsearch.o)
                0x0000000000113a3c                bsearch
 .text.calloc   0x0000000000113ab4       0x28 c:/devkitpro/devkitarm/bin/../lib/gcc/arm-none-eabi/11.1.0/../../../../arm-none-eabi/lib/armv6k/fpu\libg.a(lib_a-calloc.o)
                0x0000000000113ab4                calloc
 .text._calloc_r
                0x0000000000113adc       0xbc c:/devkitpro/devkitarm/bin/../lib/gcc/arm-none-eabi/11.1.0/../../../../arm-none-eabi/lib/armv6k/fpu\libg.a(lib_a-callocr.o)
                0x0000000000113adc                _calloc_r
 .text.__errno  0x0000000000113b98        0xc c:/devkitpro/devkitarm/bin/../lib/gcc/arm-none-eabi/11.1.0/../../../../arm-none-eabi/lib/armv6k/fpu\libg.a(lib_a-errno.o)
                0x0000000000113b98                __errno
 .text.exit     0x0000000000113ba4       0x34 c:/devkitpro/devkitarm/bin/../lib/gcc/arm-none-eabi/11.1.0/../../../../arm-none-eabi/lib/armv6k/fpu\libg.a(lib_a-exit.o)
                0x0000000000113ba4                exit
 .text._fclose_r
                0x0000000000113bd8      0x160 c:/devkitpro/devkitarm/bin/../lib/gcc/arm-none-eabi/11.1.0/../../../../arm-none-eabi/lib/armv6k/fpu\libg.a(lib_a-fclose.o)
                0x0000000000113bd8                _fclose_r
 .text.fclose   0x0000000000113d38       0x20 c:/devkitpro/devkitarm/bin/../lib/gcc/arm-none-eabi/11.1.0/../../../../arm-none-eabi/lib/armv6k/fpu\libg.a(lib_a-fclose.o)
                0x0000000000113d38                fclose
 .text.__sflush_r
                0x0000000000113d58      0x258 c:/devkitpro/devkitarm/bin/../lib/gcc/arm-none-eabi/11.1.0/../../../../arm-none-eabi/lib/armv6k/fpu\libg.a(lib_a-fflush.o)
                0x0000000000113d58                __sflush_r
 .text._fflush_r
                0x0000000000113fb0       0x94 c:/devkitpro/devkitarm/bin/../lib/gcc/arm-none-eabi/11.1.0/../../../../arm-none-eabi/lib/armv6k/fpu\libg.a(lib_a-fflush.o)
                0x0000000000113fb0                _fflush_r
 .text.fflush   0x0000000000114044       0x38 c:/devkitpro/devkitarm/bin/../lib/gcc/arm-none-eabi/11.1.0/../../../../arm-none-eabi/lib/armv6k/fpu\libg.a(lib_a-fflush.o)
                0x0000000000114044                fflush
 .text._cleanup_r
                0x000000000011407c        0xc c:/devkitpro/devkitarm/bin/../lib/gcc/arm-none-eabi/11.1.0/../../../../arm-none-eabi/lib/armv6k/fpu\libg.a(lib_a-findfp.o)
                0x000000000011407c                _cleanup_r
 .text.__sinit  0x0000000000114088      0x184 c:/devkitpro/devkitarm/bin/../lib/gcc/arm-none-eabi/11.1.0/../../../../arm-none-eabi/lib/armv6k/fpu\libg.a(lib_a-findfp.o)
                0x0000000000114088                __sinit
 .text.__sfp    0x000000000011420c      0x134 c:/devkitpro/devkitarm/bin/../lib/gcc/arm-none-eabi/11.1.0/../../../../arm-none-eabi/lib/armv6k/fpu\libg.a(lib_a-findfp.o)
                0x000000000011420c                __sfp
 .text.__sfp_lock_acquire
                0x0000000000114340        0xc c:/devkitpro/devkitarm/bin/../lib/gcc/arm-none-eabi/11.1.0/../../../../arm-none-eabi/lib/armv6k/fpu\libg.a(lib_a-findfp.o)
                0x0000000000114340                __sfp_lock_acquire
 .text.__sfp_lock_release
                0x000000000011434c        0xc c:/devkitpro/devkitarm/bin/../lib/gcc/arm-none-eabi/11.1.0/../../../../arm-none-eabi/lib/armv6k/fpu\libg.a(lib_a-findfp.o)
                0x000000000011434c                __sfp_lock_release
 .text.__libc_fini_array
                0x0000000000114358       0x3c c:/devkitpro/devkitarm/bin/../lib/gcc/arm-none-eabi/11.1.0/../../../../arm-none-eabi/lib/armv6k/fpu\libg.a(lib_a-fini.o)
                0x0000000000114358                __libc_fini_array
 .text._fopen_r
                0x0000000000114394      0x140 c:/devkitpro/devkitarm/bin/../lib/gcc/arm-none-eabi/11.1.0/../../../../arm-none-eabi/lib/armv6k/fpu\libg.a(lib_a-fopen.o)
                0x0000000000114394                _fopen_r
 .text.fopen    0x00000000001144d4       0x28 c:/devkitpro/devkitarm/bin/../lib/gcc/arm-none-eabi/11.1.0/../../../../arm-none-eabi/lib/armv6k/fpu\libg.a(lib_a-fopen.o)
                0x00000000001144d4                fopen
 .text._fread_r
                0x00000000001144fc      0x2d4 c:/devkitpro/devkitarm/bin/../lib/gcc/arm-none-eabi/11.1.0/../../../../arm-none-eabi/lib/armv6k/fpu\libg.a(lib_a-fread.o)
                0x00000000001144fc                _fread_r
 .text.fread    0x00000000001147d0       0x38 c:/devkitpro/devkitarm/bin/../lib/gcc/arm-none-eabi/11.1.0/../../../../arm-none-eabi/lib/armv6k/fpu\libg.a(lib_a-fread.o)
                0x00000000001147d0                fread
 .text._malloc_trim_r
                0x0000000000114808       0xf8 c:/devkitpro/devkitarm/bin/../lib/gcc/arm-none-eabi/11.1.0/../../../../arm-none-eabi/lib/armv6k/fpu\libg.a(lib_a-freer.o)
                0x0000000000114808                _malloc_trim_r
 .text._free_r  0x0000000000114900      0x2e4 c:/devkitpro/devkitarm/bin/../lib/gcc/arm-none-eabi/11.1.0/../../../../arm-none-eabi/lib/armv6k/fpu\libg.a(lib_a-freer.o)
                0x0000000000114900                _free_r
 .text._fseek_r
                0x0000000000114be4       0x1c c:/devkitpro/devkitarm/bin/../lib/gcc/arm-none-eabi/11.1.0/../../../../arm-none-eabi/lib/armv6k/fpu\libg.a(lib_a-fseek.o)
                0x0000000000114be4                _fseek_r
 .text._fseeko_r
                0x0000000000114c00      0x598 c:/devkitpro/devkitarm/bin/../lib/gcc/arm-none-eabi/11.1.0/../../../../arm-none-eabi/lib/armv6k/fpu\libg.a(lib_a-fseeko.o)
                0x0000000000114c00                _fseeko_r
 .text._fwalk   0x0000000000115198       0x68 c:/devkitpro/devkitarm/bin/../lib/gcc/arm-none-eabi/11.1.0/../../../../arm-none-eabi/lib/armv6k/fpu\libg.a(lib_a-fwalk.o)
                0x0000000000115198                _fwalk
 .text._fwalk_reent
                0x0000000000115200       0x70 c:/devkitpro/devkitarm/bin/../lib/gcc/arm-none-eabi/11.1.0/../../../../arm-none-eabi/lib/armv6k/fpu\libg.a(lib_a-fwalk.o)
                0x0000000000115200                _fwalk_reent
 .text.__libc_init_array
                0x0000000000115270       0x7c c:/devkitpro/devkitarm/bin/../lib/gcc/arm-none-eabi/11.1.0/../../../../arm-none-eabi/lib/armv6k/fpu\libg.a(lib_a-init.o)
                0x0000000000115270                __libc_init_array
 .text.__smakebuf_r
                0x00000000001152ec      0x138 c:/devkitpro/devkitarm/bin/../lib/gcc/arm-none-eabi/11.1.0/../../../../arm-none-eabi/lib/armv6k/fpu\libg.a(lib_a-makebuf.o)
                0x00000000001152ec                __smakebuf_r
 .text.__swhatbuf_r
                0x0000000000115424       0x8c c:/devkitpro/devkitarm/bin/../lib/gcc/arm-none-eabi/11.1.0/../../../../arm-none-eabi/lib/armv6k/fpu\libg.a(lib_a-makebuf.o)
                0x0000000000115424                __swhatbuf_r
 .text.memalign
                0x00000000001154b0       0x28 c:/devkitpro/devkitarm/bin/../lib/gcc/arm-none-eabi/11.1.0/../../../../arm-none-eabi/lib/armv6k/fpu\libg.a(lib_a-malign.o)
                0x00000000001154b0                memalign
 .text._memalign_r
                0x00000000001154d8      0x150 c:/devkitpro/devkitarm/bin/../lib/gcc/arm-none-eabi/11.1.0/../../../../arm-none-eabi/lib/armv6k/fpu\libg.a(lib_a-malignr.o)
                0x00000000001154d8                _memalign_r
 .text.malloc   0x0000000000115628       0x20 c:/devkitpro/devkitarm/bin/../lib/gcc/arm-none-eabi/11.1.0/../../../../arm-none-eabi/lib/armv6k/fpu\libg.a(lib_a-malloc.o)
                0x0000000000115628                malloc
 .text.free     0x0000000000115648       0x20 c:/devkitpro/devkitarm/bin/../lib/gcc/arm-none-eabi/11.1.0/../../../../arm-none-eabi/lib/armv6k/fpu\libg.a(lib_a-malloc.o)
                0x0000000000115648                free
 .text._malloc_r
                0x0000000000115668      0x7e0 c:/devkitpro/devkitarm/bin/../lib/gcc/arm-none-eabi/11.1.0/../../../../arm-none-eabi/lib/armv6k/fpu\libg.a(lib_a-mallocr.o)
                0x0000000000115668                _malloc_r
 .text.memchr   0x0000000000115e48       0xe0 c:/devkitpro/devkitarm/bin/../lib/gcc/arm-none-eabi/11.1.0/../../../../arm-none-eabi/lib/armv6k/fpu\libg.a(lib_a-memchr-stub.o)
                0x0000000000115e48                memchr
 .text.memcmp   0x0000000000115f28       0xa8 c:/devkitpro/devkitarm/bin/../lib/gcc/arm-none-eabi/11.1.0/../../../../arm-none-eabi/lib/armv6k/fpu\libg.a(lib_a-memcmp.o)
                0x0000000000115f28                memcmp
 .text.memcpy   0x0000000000115fd0      0x11c c:/devkitpro/devkitarm/bin/../lib/gcc/arm-none-eabi/11.1.0/../../../../arm-none-eabi/lib/armv6k/fpu\libg.a(lib_a-memcpy-stub.o)
                0x0000000000115fd0                memcpy
 .text.memset   0x00000000001160ec      0x118 c:/devkitpro/devkitarm/bin/../lib/gcc/arm-none-eabi/11.1.0/../../../../arm-none-eabi/lib/armv6k/fpu\libg.a(lib_a-memset.o)
                0x00000000001160ec                memset
 .text.__malloc_lock
                0x0000000000116204        0xc c:/devkitpro/devkitarm/bin/../lib/gcc/arm-none-eabi/11.1.0/../../../../arm-none-eabi/lib/armv6k/fpu\libg.a(lib_a-mlock.o)
                0x0000000000116204                __malloc_lock
 .text.__malloc_unlock
                0x0000000000116210        0xc c:/devkitpro/devkitarm/bin/../lib/gcc/arm-none-eabi/11.1.0/../../../../arm-none-eabi/lib/armv6k/fpu\libg.a(lib_a-mlock.o)
                0x0000000000116210                __malloc_unlock
 .text.printf   0x000000000011621c       0x34 c:/devkitpro/devkitarm/bin/../lib/gcc/arm-none-eabi/11.1.0/../../../../arm-none-eabi/lib/armv6k/fpu\libg.a(lib_a-printf.o)
                0x000000000011621c                printf
 .text.qsort    0x0000000000116250      0x958 c:/devkitpro/devkitarm/bin/../lib/gcc/arm-none-eabi/11.1.0/../../../../arm-none-eabi/lib/armv6k/fpu\libg.a(lib_a-qsort.o)
                0x0000000000116250                qsort
 .text.srand    0x0000000000116ba8       0x1c c:/devkitpro/devkitarm/bin/../lib/gcc/arm-none-eabi/11.1.0/../../../../arm-none-eabi/lib/armv6k/fpu\libg.a(lib_a-rand.o)
                0x0000000000116ba8                srand
 .text.rand     0x0000000000116bc4       0x44 c:/devkitpro/devkitarm/bin/../lib/gcc/arm-none-eabi/11.1.0/../../../../arm-none-eabi/lib/armv6k/fpu\libg.a(lib_a-rand.o)
                0x0000000000116bc4                rand
 .text.realloc  0x0000000000116c08       0x28 c:/devkitpro/devkitarm/bin/../lib/gcc/arm-none-eabi/11.1.0/../../../../arm-none-eabi/lib/armv6k/fpu\libg.a(lib_a-realloc.o)
                0x0000000000116c08                realloc
 .text._realloc_r
                0x0000000000116c30      0x558 c:/devkitpro/devkitarm/bin/../lib/gcc/arm-none-eabi/11.1.0/../../../../arm-none-eabi/lib/armv6k/fpu\libg.a(lib_a-reallocr.o)
                0x0000000000116c30                _realloc_r
 .text.lflush   0x0000000000117188       0x1c c:/devkitpro/devkitarm/bin/../lib/gcc/arm-none-eabi/11.1.0/../../../../arm-none-eabi/lib/armv6k/fpu\libg.a(lib_a-refill.o)
 .text.__srefill_r
                0x00000000001171a4      0x1ac c:/devkitpro/devkitarm/bin/../lib/gcc/arm-none-eabi/11.1.0/../../../../arm-none-eabi/lib/armv6k/fpu\libg.a(lib_a-refill.o)
                0x00000000001171a4                __srefill_r
 .text.setvbuf  0x0000000000117350      0x260 c:/devkitpro/devkitarm/bin/../lib/gcc/arm-none-eabi/11.1.0/../../../../arm-none-eabi/lib/armv6k/fpu\libg.a(lib_a-setvbuf.o)
                0x0000000000117350                setvbuf
 .text.sscanf   0x00000000001175b0       0x74 c:/devkitpro/devkitarm/bin/../lib/gcc/arm-none-eabi/11.1.0/../../../../arm-none-eabi/lib/armv6k/fpu\libg.a(lib_a-sscanf.o)
                0x00000000001175b0                sscanf
 .text.__sread  0x0000000000117624       0x44 c:/devkitpro/devkitarm/bin/../lib/gcc/arm-none-eabi/11.1.0/../../../../arm-none-eabi/lib/armv6k/fpu\libg.a(lib_a-stdio.o)
                0x0000000000117624                __sread
 .text.__seofread
                0x0000000000117668        0x8 c:/devkitpro/devkitarm/bin/../lib/gcc/arm-none-eabi/11.1.0/../../../../arm-none-eabi/lib/armv6k/fpu\libg.a(lib_a-stdio.o)
                0x0000000000117668                __seofread
 .text.__swrite
                0x0000000000117670       0x68 c:/devkitpro/devkitarm/bin/../lib/gcc/arm-none-eabi/11.1.0/../../../../arm-none-eabi/lib/armv6k/fpu\libg.a(lib_a-stdio.o)
                0x0000000000117670                __swrite
 .text.__sseek  0x00000000001176d8       0x48 c:/devkitpro/devkitarm/bin/../lib/gcc/arm-none-eabi/11.1.0/../../../../arm-none-eabi/lib/armv6k/fpu\libg.a(lib_a-stdio.o)
                0x00000000001176d8                __sseek
 .text.__sclose
                0x0000000000117720        0x8 c:/devkitpro/devkitarm/bin/../lib/gcc/arm-none-eabi/11.1.0/../../../../arm-none-eabi/lib/armv6k/fpu\libg.a(lib_a-stdio.o)
                0x0000000000117720                __sclose
 .text.strchr   0x0000000000117728      0x12c c:/devkitpro/devkitarm/bin/../lib/gcc/arm-none-eabi/11.1.0/../../../../arm-none-eabi/lib/armv6k/fpu\libg.a(lib_a-strchr.o)
                0x0000000000117728                strchr
 .text.strlen   0x0000000000117854       0x5c c:/devkitpro/devkitarm/bin/../lib/gcc/arm-none-eabi/11.1.0/../../../../arm-none-eabi/lib/armv6k/fpu\libg.a(lib_a-strlen-stub.o)
                0x0000000000117854                strlen
 .text.strncat  0x00000000001178b0       0xec c:/devkitpro/devkitarm/bin/../lib/gcc/arm-none-eabi/11.1.0/../../../../arm-none-eabi/lib/armv6k/fpu\libg.a(lib_a-strncat.o)
                0x00000000001178b0                strncat
 .text.strncmp  0x000000000011799c       0xdc c:/devkitpro/devkitarm/bin/../lib/gcc/arm-none-eabi/11.1.0/../../../../arm-none-eabi/lib/armv6k/fpu\libg.a(lib_a-strncmp.o)
                0x000000000011799c                strncmp
 .text.strncpy  0x0000000000117a78       0xc0 c:/devkitpro/devkitarm/bin/../lib/gcc/arm-none-eabi/11.1.0/../../../../arm-none-eabi/lib/armv6k/fpu\libg.a(lib_a-strncpy.o)
                0x0000000000117a78                strncpy
 .text.strnlen  0x0000000000117b38       0x48 c:/devkitpro/devkitarm/bin/../lib/gcc/arm-none-eabi/11.1.0/../../../../arm-none-eabi/lib/armv6k/fpu\libg.a(lib_a-strnlen.o)
                0x0000000000117b38                strnlen
 .text.get_arg  0x0000000000117b80       0x50 c:/devkitpro/devkitarm/bin/../lib/gcc/arm-none-eabi/11.1.0/../../../../arm-none-eabi/lib/armv6k/fpu\libg.a(lib_a-svfscanf.o)
 .text.__ssvfscanf_r
                0x0000000000117bd0     0x2bbc c:/devkitpro/devkitarm/bin/../lib/gcc/arm-none-eabi/11.1.0/../../../../arm-none-eabi/lib/armv6k/fpu\libg.a(lib_a-svfscanf.o)
                0x0000000000117bd0                __ssvfscanf_r
 .text.time     0x000000000011a78c       0x3c c:/devkitpro/devkitarm/bin/../lib/gcc/arm-none-eabi/11.1.0/../../../../arm-none-eabi/lib/armv6k/fpu\libg.a(lib_a-time.o)
                0x000000000011a78c                time
 .text.get_arg  0x000000000011a7c8      0x628 c:/devkitpro/devkitarm/bin/../lib/gcc/arm-none-eabi/11.1.0/../../../../arm-none-eabi/lib/armv6k/fpu\libg.a(lib_a-vfiprintf.o)
 .text.__sprint_r
                0x000000000011adf0       0x30 c:/devkitpro/devkitarm/bin/../lib/gcc/arm-none-eabi/11.1.0/../../../../arm-none-eabi/lib/armv6k/fpu\libg.a(lib_a-vfiprintf.o)
                0x000000000011adf0                __sprint_r
 .text._vfiprintf_r
                0x000000000011ae20     0x233c c:/devkitpro/devkitarm/bin/../lib/gcc/arm-none-eabi/11.1.0/../../../../arm-none-eabi/lib/armv6k/fpu\libg.a(lib_a-vfiprintf.o)
                0x000000000011ae20                _vfiprintf_r
 .text.__sbprintf
                0x000000000011d15c       0xd4 c:/devkitpro/devkitarm/bin/../lib/gcc/arm-none-eabi/11.1.0/../../../../arm-none-eabi/lib/armv6k/fpu\libg.a(lib_a-vfiprintf.o)
 .text.get_arg  0x000000000011d230      0x628 c:/devkitpro/devkitarm/bin/../lib/gcc/arm-none-eabi/11.1.0/../../../../arm-none-eabi/lib/armv6k/fpu\libg.a(lib_a-vfprintf.o)
 .text._vfprintf_r
                0x000000000011d858     0x3684 c:/devkitpro/devkitarm/bin/../lib/gcc/arm-none-eabi/11.1.0/../../../../arm-none-eabi/lib/armv6k/fpu\libg.a(lib_a-vfprintf.o)
                0x000000000011d858                _vfprintf_r
 .text.__sbprintf
                0x0000000000120edc       0xd4 c:/devkitpro/devkitarm/bin/../lib/gcc/arm-none-eabi/11.1.0/../../../../arm-none-eabi/lib/armv6k/fpu\libg.a(lib_a-vfprintf.o)
 .text._wcrtomb_r
                0x0000000000120fb0       0x54 c:/devkitpro/devkitarm/bin/../lib/gcc/arm-none-eabi/11.1.0/../../../../arm-none-eabi/lib/armv6k/fpu\libg.a(lib_a-wcrtomb.o)
                0x0000000000120fb0                _wcrtomb_r
 .text._wcsrtombs_r
                0x0000000000121004       0x28 c:/devkitpro/devkitarm/bin/../lib/gcc/arm-none-eabi/11.1.0/../../../../arm-none-eabi/lib/armv6k/fpu\libg.a(lib_a-wcsrtombs.o)
                0x0000000000121004                _wcsrtombs_r
 .text.__swsetup_r
                0x000000000012102c      0x154 c:/devkitpro/devkitarm/bin/../lib/gcc/arm-none-eabi/11.1.0/../../../../arm-none-eabi/lib/armv6k/fpu\libg.a(lib_a-wsetup.o)
                0x000000000012102c                __swsetup_r
 .text.__call_exitprocs
                0x0000000000121180      0x114 c:/devkitpro/devkitarm/bin/../lib/gcc/arm-none-eabi/11.1.0/../../../../arm-none-eabi/lib/armv6k/fpu\libg.a(lib_a-__call_atexit.o)
                0x0000000000121180                __call_exitprocs
 .text.quorem   0x0000000000121294      0x1ac c:/devkitpro/devkitarm/bin/../lib/gcc/arm-none-eabi/11.1.0/../../../../arm-none-eabi/lib/armv6k/fpu\libg.a(lib_a-dtoa.o)
 .text._dtoa_r  0x0000000000121440     0x12cc c:/devkitpro/devkitarm/bin/../lib/gcc/arm-none-eabi/11.1.0/../../../../arm-none-eabi/lib/armv6k/fpu\libg.a(lib_a-dtoa.o)
                0x0000000000121440                _dtoa_r
 .text.__sflags
                0x000000000012270c       0xcc c:/devkitpro/devkitarm/bin/../lib/gcc/arm-none-eabi/11.1.0/../../../../arm-none-eabi/lib/armv6k/fpu\libg.a(lib_a-flags.o)
                0x000000000012270c                __sflags
 .text.__sfvwrite_r
                0x00000000001227d8      0x4c0 c:/devkitpro/devkitarm/bin/../lib/gcc/arm-none-eabi/11.1.0/../../../../arm-none-eabi/lib/armv6k/fpu\libg.a(lib_a-fvwrite.o)
                0x00000000001227d8                __sfvwrite_r
 .text.iswspace
                0x0000000000122c98        0x8 c:/devkitpro/devkitarm/bin/../lib/gcc/arm-none-eabi/11.1.0/../../../../arm-none-eabi/lib/armv6k/fpu\libg.a(lib_a-iswspace.o)
                0x0000000000122c98                iswspace
 .text._localeconv_r
                0x0000000000122ca0        0xc c:/devkitpro/devkitarm/bin/../lib/gcc/arm-none-eabi/11.1.0/../../../../arm-none-eabi/lib/armv6k/fpu\libg.a(lib_a-localeconv.o)
                0x0000000000122ca0                _localeconv_r
 .text.__locale_mb_cur_max
                0x0000000000122cac       0x10 c:/devkitpro/devkitarm/bin/../lib/gcc/arm-none-eabi/11.1.0/../../../../arm-none-eabi/lib/armv6k/fpu\libg.a(lib_a-locale.o)
                0x0000000000122cac                __locale_mb_cur_max
 .text._mbrtowc_r
                0x0000000000122cbc       0x68 c:/devkitpro/devkitarm/bin/../lib/gcc/arm-none-eabi/11.1.0/../../../../arm-none-eabi/lib/armv6k/fpu\libg.a(lib_a-mbrtowc.o)
                0x0000000000122cbc                _mbrtowc_r
 .text.__utf8_mbtowc
                0x0000000000122d24      0x2e4 c:/devkitpro/devkitarm/bin/../lib/gcc/arm-none-eabi/11.1.0/../../../../arm-none-eabi/lib/armv6k/fpu\libg.a(lib_a-mbtowc_r.o)
                0x0000000000122d24                __utf8_mbtowc
 .text.memmove  0x0000000000123008      0x154 c:/devkitpro/devkitarm/bin/../lib/gcc/arm-none-eabi/11.1.0/../../../../arm-none-eabi/lib/armv6k/fpu\libg.a(lib_a-memmove.o)
                0x0000000000123008                memmove
 .text._Balloc  0x000000000012315c       0x88 c:/devkitpro/devkitarm/bin/../lib/gcc/arm-none-eabi/11.1.0/../../../../arm-none-eabi/lib/armv6k/fpu\libg.a(lib_a-mprec.o)
                0x000000000012315c                _Balloc
 .text._Bfree   0x00000000001231e4       0x1c c:/devkitpro/devkitarm/bin/../lib/gcc/arm-none-eabi/11.1.0/../../../../arm-none-eabi/lib/armv6k/fpu\libg.a(lib_a-mprec.o)
                0x00000000001231e4                _Bfree
 .text.__multadd
                0x0000000000123200       0xf4 c:/devkitpro/devkitarm/bin/../lib/gcc/arm-none-eabi/11.1.0/../../../../arm-none-eabi/lib/armv6k/fpu\libg.a(lib_a-mprec.o)
                0x0000000000123200                __multadd
 .text.__s2b    0x00000000001232f4      0x110 c:/devkitpro/devkitarm/bin/../lib/gcc/arm-none-eabi/11.1.0/../../../../arm-none-eabi/lib/armv6k/fpu\libg.a(lib_a-mprec.o)
                0x00000000001232f4                __s2b
 .text.__hi0bits
                0x0000000000123404       0x58 c:/devkitpro/devkitarm/bin/../lib/gcc/arm-none-eabi/11.1.0/../../../../arm-none-eabi/lib/armv6k/fpu\libg.a(lib_a-mprec.o)
                0x0000000000123404                __hi0bits
 .text.__lo0bits
                0x000000000012345c       0x94 c:/devkitpro/devkitarm/bin/../lib/gcc/arm-none-eabi/11.1.0/../../../../arm-none-eabi/lib/armv6k/fpu\libg.a(lib_a-mprec.o)
                0x000000000012345c                __lo0bits
 .text.__i2b    0x00000000001234f0       0xa4 c:/devkitpro/devkitarm/bin/../lib/gcc/arm-none-eabi/11.1.0/../../../../arm-none-eabi/lib/armv6k/fpu\libg.a(lib_a-mprec.o)
                0x00000000001234f0                __i2b
 .text.__multiply
                0x0000000000123594      0x204 c:/devkitpro/devkitarm/bin/../lib/gcc/arm-none-eabi/11.1.0/../../../../arm-none-eabi/lib/armv6k/fpu\libg.a(lib_a-mprec.o)
                0x0000000000123594                __multiply
 .text.__pow5mult
                0x0000000000123798      0x120 c:/devkitpro/devkitarm/bin/../lib/gcc/arm-none-eabi/11.1.0/../../../../arm-none-eabi/lib/armv6k/fpu\libg.a(lib_a-mprec.o)
                0x0000000000123798                __pow5mult
 .text.__lshift
                0x00000000001238b8      0x13c c:/devkitpro/devkitarm/bin/../lib/gcc/arm-none-eabi/11.1.0/../../../../arm-none-eabi/lib/armv6k/fpu\libg.a(lib_a-mprec.o)
                0x00000000001238b8                __lshift
 .text.__mcmp   0x00000000001239f4       0x58 c:/devkitpro/devkitarm/bin/../lib/gcc/arm-none-eabi/11.1.0/../../../../arm-none-eabi/lib/armv6k/fpu\libg.a(lib_a-mprec.o)
                0x00000000001239f4                __mcmp