Archive member included to satisfy reference by file (symbol)

C:/devkitPro/libctru/lib\libcitro2d.a(base.o)
                              main.o (C2D_Init)
C:/devkitPro/libctru/lib\libcitro2d.a(render2d.shbin.o)
                              C:/devkitPro/libctru/lib\libcitro2d.a(base.o) (render2d_shbin)
C:/devkitPro/libctru/lib\libcitro3d.a(base.o)
                              main.o (C3D_Init)
C:/devkitPro/libctru/lib\libcitro3d.a(renderqueue.o)
                              C:/devkitPro/libctru/lib\libcitro3d.a(base.o) (C3Di_RenderQueueEnableVBlank)
C:/devkitPro/libctru/lib\libcitro3d.a(texture.o)
                              C:/devkitPro/libctru/lib\libcitro2d.a(base.o) (C3D_TexBind)
C:/devkitPro/libctru/lib\libcitro3d.a(framebuffer.o)
                              C:/devkitPro/libctru/lib\libcitro3d.a(renderqueue.o) (C3D_CalcColorBufSize)
C:/devkitPro/libctru/lib\libcitro3d.a(texenv.o)
                              C:/devkitPro/libctru/lib\libcitro2d.a(base.o) (C3D_GetTexEnv)
C:/devkitPro/libctru/lib\libcitro3d.a(proctex.o)
                              C:/devkitPro/libctru/lib\libcitro2d.a(base.o) (C3D_ProcTexInit)
C:/devkitPro/libctru/lib\libcitro3d.a(buffers.o)
                              C:/devkitPro/libctru/lib\libcitro2d.a(base.o) (BufInfo_Init)
C:/devkitPro/libctru/lib\libcitro3d.a(drawArrays.o)
                              C:/devkitPro/libctru/lib\libcitro2d.a(base.o) (C3D_DrawArrays)
C:/devkitPro/libctru/lib\libcitro3d.a(effect.o)
                              C:/devkitPro/libctru/lib\libcitro3d.a(base.o) (C3D_DepthMap)
C:/devkitPro/libctru/lib\libcitro3d.a(attribs.o)
                              C:/devkitPro/libctru/lib\libcitro2d.a(base.o) (AttrInfo_Init)
C:/devkitPro/libctru/lib\libcitro3d.a(immediate.o)
                              C:/devkitPro/libctru/lib\libcitro3d.a(base.o) (C3D_ImmSendAttrib)
C:/devkitPro/libctru/lib\libcitro3d.a(uniforms.o)
                              C:/devkitPro/libctru/lib\libcitro3d.a(base.o) (C3D_UpdateUniforms)
C:/devkitPro/libctru/lib\libcitro3d.a(mtx_ortho.o)
                              C:/devkitPro/libctru/lib\libcitro2d.a(base.o) (Mtx_Ortho)
C:/devkitPro/libctru/lib\libcitro3d.a(mtx_scale.o)
                              C:/devkitPro/libctru/lib\libcitro2d.a(base.o) (Mtx_Scale)
C:/devkitPro/libctru/lib\libcitro3d.a(mtx_multiply.o)
                              C:/devkitPro/libctru/lib\libcitro2d.a(base.o) (Mtx_Multiply)
C:/devkitPro/libctru/lib\libcitro3d.a(mtx_orthotilt.o)
                              C:/devkitPro/libctru/lib\libcitro2d.a(base.o) (Mtx_OrthoTilt)
C:/devkitPro/libctru/lib\libcitro3d.a(mtx_translate.o)
                              C:/devkitPro/libctru/lib\libcitro2d.a(base.o) (Mtx_Translate)
C:/devkitPro/libctru/lib\libcitro3d.a(mtx_rotatez.o)
                              C:/devkitPro/libctru/lib\libcitro2d.a(base.o) (Mtx_RotateZ)
C:/devkitPro/libctru/lib\libctru.a(vram.o)
                              C:/devkitPro/libctru/lib\libcitro3d.a(renderqueue.o) (vramAlloc)
C:/devkitPro/libctru/lib\libctru.a(linear.o)
                              C:/devkitPro/libctru/lib\libcitro2d.a(base.o) (linearAlloc)
C:/devkitPro/libctru/lib\libctru.a(mem_pool.o)
                              C:/devkitPro/libctru/lib\libctru.a(vram.o) (MemPool::Allocate(MemChunk&, unsigned long, int))
C:/devkitPro/libctru/lib\libctru.a(romfs_dev.o)
                              main.o (romfsUnmount)
C:/devkitPro/libctru/lib\libctru.a(os.o)
                              C:/devkitPro/libctru/lib\libcitro3d.a(texture.o) (osConvertVirtToPhys)
C:/devkitPro/libctru/lib\libctru.a(console.o)
                              main.o (consoleInit)
C:/devkitPro/libctru/lib\libctru.a(path_buf.o)
                              C:/devkitPro/libctru/lib\libctru.a(romfs_dev.o) (__ctru_dev_utf16_buf)
C:/devkitPro/libctru/lib\libctru.a(gfx.o)
                              C:/devkitPro/libctru/lib\libcitro2d.a(base.o) (gfxIsWide)
C:/devkitPro/libctru/lib\libctru.a(shaderProgram.o)
                              C:/devkitPro/libctru/lib\libcitro2d.a(base.o) (shaderInstanceGetUniformLocation)
C:/devkitPro/libctru/lib\libctru.a(shbin.o)
                              C:/devkitPro/libctru/lib\libcitro2d.a(base.o) (DVLB_ParseFile)
C:/devkitPro/libctru/lib\libctru.a(gx.o)
                              C:/devkitPro/libctru/lib\libcitro3d.a(renderqueue.o) (GX_BindQueue)
C:/devkitPro/libctru/lib\libctru.a(gxqueue.o)
                              C:/devkitPro/libctru/lib\libcitro3d.a(renderqueue.o) (gxCmdQueueClear)
C:/devkitPro/libctru/lib\libctru.a(gpu.o)
                              C:/devkitPro/libctru/lib\libcitro3d.a(base.o) (GPUCMD_Add)
C:/devkitPro/libctru/lib\libctru.a(gspgpu.o)
                              C:/devkitPro/libctru/lib\libctru.a(gfx.o) (gspInit)
C:/devkitPro/libctru/lib\libctru.a(apt.o)
                              C:/devkitPro/libctru/lib\libcitro3d.a(base.o) (aptHook)
C:/devkitPro/libctru/lib\libctru.a(hid.o)
                              main.o (hidScanInput)
[...]
Memory Configuration

Name             Origin             Length             Attributes
*default*        0x0000000000000000 0xffffffffffffffff

Linker script and memory map

                0x0000000000100000                PROVIDE (__start__ = 0x100000)
                0x0000000000100000                . = __start__

.text           0x0000000000100000    0x266ac
 *(.crt0)
 .crt0          0x0000000000100000       0x94 c:/devkitpro/devkitarm/bin/../lib/gcc/arm-none-eabi/11.1.0/../../../../arm-none-eabi/lib/armv6k/fpu/3dsx_crt0.o
                0x0000000000100000                _start
                0x0000000000100008                __service_ptr
                0x000000000010000c                __apt_appid
                0x0000000000100010                __heap_size
                0x0000000000100014                __linear_heap_size
                0x0000000000100018                __system_arglist
                0x000000000010001c                __system_runflags
 *(.init)
 .init          0x0000000000100094        0xc c:/devkitpro/devkitarm/bin/../lib/gcc/arm-none-eabi/11.1.0/armv6k/fpu/crti.o
                0x0000000000100094                _init
 .init          0x00000000001000a0        0xc c:/devkitpro/devkitarm/bin/../lib/gcc/arm-none-eabi/11.1.0/armv6k/fpu/crtn.o
                0x00000000001000ac                . = ALIGN (0x4)
 *(.text)
 .text          0x00000000001000ac      0x20c c:/devkitpro/devkitarm/bin/../lib/gcc/arm-none-eabi/11.1.0/armv6k/fpu\libgcc.a(_udivsi3.o)
                0x00000000001000ac                __aeabi_uidiv
                0x00000000001000ac                __udivsi3
                0x0000000000100298                __aeabi_uidivmod
 .text          0x00000000001002b8      0x240 c:/devkitpro/devkitarm/bin/../lib/gcc/arm-none-eabi/11.1.0/armv6k/fpu\libgcc.a(_divsi3.o)
                0x00000000001002b8                __divsi3
                0x00000000001002b8                __aeabi_idiv
                0x00000000001004d8                __aeabi_idivmod
 .text          0x00000000001004f8        0x4 c:/devkitpro/devkitarm/bin/../lib/gcc/arm-none-eabi/11.1.0/armv6k/fpu\libgcc.a(_dvmd_tls.o)
                0x00000000001004f8                __aeabi_idiv0
                0x00000000001004f8                __aeabi_ldiv0
 .text          0x00000000001004fc      0x3c0 c:/devkitpro/devkitarm/bin/../lib/gcc/arm-none-eabi/11.1.0/armv6k/fpu\libgcc.a(_arm_addsubdf3.o)
                0x00000000001004fc                __aeabi_drsub
                0x0000000000100504                __aeabi_dsub
                0x0000000000100504                __subdf3
                0x0000000000100508                __aeabi_dadd
                0x0000000000100508                __adddf3
                0x00000000001007b4                __floatunsidf
                0x00000000001007b4                __aeabi_ui2d
                0x00000000001007d8                __floatsidf
                0x00000000001007d8                __aeabi_i2d
                0x0000000000100800                __aeabi_f2d
                0x0000000000100800                __extendsfdf2
                0x0000000000100848                __floatundidf
                0x0000000000100848                __aeabi_ul2d
                0x000000000010085c                __floatdidf
                0x000000000010085c                __aeabi_l2d
 .text          0x00000000001008bc       0xd4 c:/devkitpro/devkitarm/bin/../lib/gcc/arm-none-eabi/11.1.0/armv6k/fpu\libgcc.a(_aeabi_ldivmod.o)
                0x00000000001008bc                __aeabi_ldivmod
 .text          0x0000000000100990       0x3c c:/devkitpro/devkitarm/bin/../lib/gcc/arm-none-eabi/11.1.0/armv6k/fpu\libgcc.a(_aeabi_uldivmod.o)
                0x0000000000100990                __aeabi_uldivmod
 *fill*         0x00000000001009cc       0x14 
 .text          0x00000000001009e0      0x390 c:/devkitpro/devkitarm/bin/../lib/gcc/arm-none-eabi/11.1.0/../../../../arm-none-eabi/lib/armv6k/fpu\libg.a(lib_a-strcmp.o)
                0x00000000001009e8                strcmp
 *(.text.*)
 .text.__do_global_dtors_aux
                0x0000000000100d70       0x40 c:/devkitpro/devkitarm/bin/../lib/gcc/arm-none-eabi/11.1.0/armv6k/fpu/crtbegin.o
 .text.frame_dummy
                0x0000000000100db0       0x2c c:/devkitpro/devkitarm/bin/../lib/gcc/arm-none-eabi/11.1.0/armv6k/fpu/crtbegin.o
 .text.GenerateRandomInt
                0x0000000000100ddc       0x30 main.o
                0x0000000000100ddc                GenerateRandomInt
 .text.DrawPlayer
                0x0000000000100e0c       0x44 main.o
                0x0000000000100e0c                DrawPlayer
 .text.SetEnemy
                0x0000000000100e50       0x98 main.o
                0x0000000000100e50                SetEnemy
 .text.DrawEnemy
                0x0000000000100ee8       0x44 main.o
                0x0000000000100ee8                DrawEnemy
 *fill*         0x0000000000100f2c        0x4 
 .text.startup.main
                0x0000000000100f30      0x3d0 main.o
                0x0000000000100f30                main
 .text.C2Di_FrameEndHook
                0x0000000000101300       0x34 C:/devkitPro/libctru/lib\libcitro2d.a(base.o)
 *fill*         0x0000000000101334        0x4 
 .text.C2D_Init
                0x0000000000101338      0x330 C:/devkitPro/libctru/lib\libcitro2d.a(base.o)
                0x0000000000101338                C2D_Init
 .text.C2D_Fini
                0x0000000000101668       0x44 C:/devkitPro/libctru/lib\libcitro2d.a(base.o)
                0x0000000000101668                C2D_Fini
 .text.C2D_Prepare
                0x00000000001016ac       0xd0 C:/devkitPro/libctru/lib\libcitro2d.a(base.o)
                0x00000000001016ac                C2D_Prepare
 .text.C2D_Flush
                0x000000000010177c       0x3c C:/devkitPro/libctru/lib\libcitro2d.a(base.o)
                0x000000000010177c                C2D_Flush
 .text.C2D_SceneSize
                0x00000000001017b8      0x108 C:/devkitPro/libctru/lib\libcitro2d.a(base.o)
                0x00000000001017b8                C2D_SceneSize
 .text.C2D_CreateScreenTarget
                0x00000000001018c0       0x58 C:/devkitPro/libctru/lib\libcitro2d.a(base.o)
                0x00000000001018c0                C2D_CreateScreenTarget
 .text.C2D_TargetClear
                0x0000000000101918       0x58 C:/devkitPro/libctru/lib\libcitro2d.a(base.o)
                0x0000000000101918                C2D_TargetClear
 .text.C2Di_Update
                0x0000000000101970      0x22c C:/devkitPro/libctru/lib\libcitro2d.a(base.o)
                0x0000000000101970                C2Di_Update
 .text.C2D_DrawTriangle
                0x0000000000101b9c      0x134 C:/devkitPro/libctru/lib\libcitro2d.a(base.o)
                0x0000000000101b9c                C2D_DrawTriangle
 .text.C2D_DrawRectangle
                0x0000000000101cd0      0x1b0 C:/devkitPro/libctru/lib\libcitro2d.a(base.o)
                0x0000000000101cd0                C2D_DrawRectangle
 .text.C3Di_LightEnvUpdate
                0x0000000000101e80        0x4 C:/devkitPro/libctru/lib\libcitro3d.a(base.o)
                0x0000000000101e80                C3Di_LightEnvUpdate
 .text.C3Di_LightEnvDirty
                0x0000000000101e84        0x4 C:/devkitPro/libctru/lib\libcitro3d.a(base.o)
                0x0000000000101e84                C3Di_LightEnvDirty
 .text.C3Di_AptEventHook
                0x0000000000101e88       0xb4 C:/devkitPro/libctru/lib\libcitro3d.a(base.o)
 .text.C3Di_GasUpdate
                0x0000000000101f3c        0x4 C:/devkitPro/libctru/lib\libcitro3d.a(base.o)
                0x0000000000101f3c                C3Di_GasUpdate
 .text.C3D_Init
                0x0000000000101f40      0x1e0 C:/devkitPro/libctru/lib\libcitro3d.a(base.o)
                0x0000000000101f40                C3D_Init
 .text.C3D_SetViewport
                0x0000000000102120       0x98 C:/devkitPro/libctru/lib\libcitro3d.a(base.o)
                0x0000000000102120                C3D_SetViewport
 .text.C3Di_UpdateContext
                0x00000000001021b8      0x4ec C:/devkitPro/libctru/lib\libcitro3d.a(base.o)
                0x00000000001021b8                C3Di_UpdateContext
 .text.C3Di_SplitFrame
                0x00000000001026a4       0xe0 C:/devkitPro/libctru/lib\libcitro3d.a(base.o)
                0x00000000001026a4                C3Di_SplitFrame
 .text.C3D_Fini
                0x0000000000102784       0x44 C:/devkitPro/libctru/lib\libcitro3d.a(base.o)
                0x0000000000102784                C3D_Fini
 .text.C3D_BindProgram
                0x00000000001027c8      0x108 C:/devkitPro/libctru/lib\libcitro3d.a(base.o)
                0x00000000001027c8                C3D_BindProgram
 .text.onVBlank0
                0x00000000001028d0       0x4c C:/devkitPro/libctru/lib\libcitro3d.a(renderqueue.o)
 .text.onVBlank1
                0x000000000010291c       0x4c C:/devkitPro/libctru/lib\libcitro3d.a(renderqueue.o)
 .text.C3Di_RenderTargetDestroy
                0x0000000000102968       0x80 C:/devkitPro/libctru/lib\libcitro3d.a(renderqueue.o)
 .text.onQueueFinish
                0x00000000001029e8       0xf4 C:/devkitPro/libctru/lib\libcitro3d.a(renderqueue.o)
 .text.C3Di_RenderQueueEnableVBlank
                0x0000000000102adc       0x38 C:/devkitPro/libctru/lib\libcitro3d.a(renderqueue.o)
                0x0000000000102adc                C3Di_RenderQueueEnableVBlank
 .text.C3Di_RenderQueueDisableVBlank
                0x0000000000102b14       0x30 C:/devkitPro/libctru/lib\libcitro3d.a(renderqueue.o)
                0x0000000000102b14                C3Di_RenderQueueDisableVBlank
 .text.C3Di_RenderQueueInit
                0x0000000000102b44       0x60 C:/devkitPro/libctru/lib\libcitro3d.a(renderqueue.o)
                0x0000000000102b44                C3Di_RenderQueueInit
 .text.C3Di_RenderQueueExit
                0x0000000000102ba4       0xb0 C:/devkitPro/libctru/lib\libcitro3d.a(renderqueue.o)
                0x0000000000102ba4                C3Di_RenderQueueExit
 .text.C3Di_RenderQueueWaitDone
                0x0000000000102c54       0x34 C:/devkitPro/libctru/lib\libcitro3d.a(renderqueue.o)
                0x0000000000102c54                C3Di_RenderQueueWaitDone
 .text.C3D_FrameBegin
                0x0000000000102c88       0xe4 C:/devkitPro/libctru/lib\libcitro3d.a(renderqueue.o)
                0x0000000000102c88                C3D_FrameBegin
 .text.C3D_FrameDrawOn
                0x0000000000102d6c       0x48 C:/devkitPro/libctru/lib\libcitro3d.a(renderqueue.o)
                0x0000000000102d6c                C3D_FrameDrawOn
 .text.C3D_FrameSplit
                0x0000000000102db4       0x58 C:/devkitPro/libctru/lib\libcitro3d.a(renderqueue.o)
                0x0000000000102db4                C3D_FrameSplit
 .text.C3D_FrameEnd
                0x0000000000102e0c      0x1d8 C:/devkitPro/libctru/lib\libcitro3d.a(renderqueue.o)
                0x0000000000102e0c                C3D_FrameEnd
 .text.C3D_FrameEndHook
                0x0000000000102fe4       0x1c C:/devkitPro/libctru/lib\libcitro3d.a(renderqueue.o)
                0x0000000000102fe4                C3D_FrameEndHook
 .text.C3D_RenderTargetCreate
                0x0000000000103000      0x128 C:/devkitPro/libctru/lib\libcitro3d.a(renderqueue.o)
                0x0000000000103000                C3D_RenderTargetCreate
 .text.C3D_RenderTargetSetOutput
                0x0000000000103128       0xa8 C:/devkitPro/libctru/lib\libcitro3d.a(renderqueue.o)
                0x0000000000103128                C3D_RenderTargetSetOutput
 .text.C3D_TexBind
                0x00000000001031d0       0x44 C:/devkitPro/libctru/lib\libcitro3d.a(texture.o)
                0x00000000001031d0                C3D_TexBind
 .text.C3Di_SetTex
                0x0000000000103214      0x16c C:/devkitPro/libctru/lib\libcitro3d.a(texture.o)
                0x0000000000103214                C3Di_SetTex
 .text.C3D_CalcColorBufSize
                0x0000000000103380       0x1c C:/devkitPro/libctru/lib\libcitro3d.a(framebuffer.o)
                0x0000000000103380                C3D_CalcColorBufSize
 .text.C3D_CalcDepthBufSize
                0x000000000010339c       0x1c C:/devkitPro/libctru/lib\libcitro3d.a(framebuffer.o)
                0x000000000010339c                C3D_CalcDepthBufSize
 .text.C3D_SetFrameBuf
                0x00000000001033b8       0x44 C:/devkitPro/libctru/lib\libcitro3d.a(framebuffer.o)
                0x00000000001033b8                C3D_SetFrameBuf
 .text.C3Di_FrameBufBind
                0x00000000001033fc      0x16c C:/devkitPro/libctru/lib\libcitro3d.a(framebuffer.o)
                0x00000000001033fc                C3Di_FrameBufBind
 .text.C3D_FrameBufClear
                0x0000000000103568       0xcc C:/devkitPro/libctru/lib\libcitro3d.a(framebuffer.o)
                0x0000000000103568                C3D_FrameBufClear
 .text.C3D_FrameBufTransfer
                0x0000000000103634       0x44 C:/devkitPro/libctru/lib\libcitro3d.a(framebuffer.o)
                0x0000000000103634                C3D_FrameBufTransfer
 .text.C3D_GetTexEnv
                0x0000000000103678       0x34 C:/devkitPro/libctru/lib\libcitro3d.a(texenv.o)
                0x0000000000103678                C3D_GetTexEnv
 .text.C3Di_TexEnvBind
                0x00000000001036ac       0x24 C:/devkitPro/libctru/lib\libcitro3d.a(texenv.o)
                0x00000000001036ac                C3Di_TexEnvBind
 .text.C3D_ProcTexInit
                0x00000000001036d0       0x70 C:/devkitPro/libctru/lib\libcitro3d.a(proctex.o)
                0x00000000001036d0                C3D_ProcTexInit
 .text.C3D_ProcTexBind
                0x0000000000103740       0x54 C:/devkitPro/libctru/lib\libcitro3d.a(proctex.o)
                0x0000000000103740                C3D_ProcTexBind
 .text.C3D_ProcTexLutBind
                0x0000000000103794       0x5c C:/devkitPro/libctru/lib\libcitro3d.a(proctex.o)
                0x0000000000103794                C3D_ProcTexLutBind
 .text.ProcTexLut_FromArray
                0x00000000001037f0       0xa4 C:/devkitPro/libctru/lib\libcitro3d.a(proctex.o)
                0x00000000001037f0                ProcTexLut_FromArray
 .text.C3Di_ProcTexUpdate
                0x0000000000103894      0x17c C:/devkitPro/libctru/lib\libcitro3d.a(proctex.o)
                0x0000000000103894                C3Di_ProcTexUpdate
 .text.C3Di_ProcTexDirty
                0x0000000000103a10       0x68 C:/devkitPro/libctru/lib\libcitro3d.a(proctex.o)
                0x0000000000103a10                C3Di_ProcTexDirty
 .text.BufInfo_Init
                0x0000000000103a78       0x24 C:/devkitPro/libctru/lib\libcitro3d.a(buffers.o)
                0x0000000000103a78                BufInfo_Init
 .text.BufInfo_Add
                0x0000000000103a9c       0x80 C:/devkitPro/libctru/lib\libcitro3d.a(buffers.o)
                0x0000000000103a9c                BufInfo_Add
 .text.C3D_SetBufInfo
                0x0000000000103b1c       0x40 C:/devkitPro/libctru/lib\libcitro3d.a(buffers.o)
                0x0000000000103b1c                C3D_SetBufInfo
 .text.C3Di_BufInfoBind
                0x0000000000103b5c       0x48 C:/devkitPro/libctru/lib\libcitro3d.a(buffers.o)
                0x0000000000103b5c                C3Di_BufInfoBind
 .text.C3D_DrawArrays
                0x0000000000103ba4      0x148 C:/devkitPro/libctru/lib\libcitro3d.a(drawArrays.o)
                0x0000000000103ba4                C3D_DrawArrays
 .text.C3D_DepthMap
                0x0000000000103cec       0x40 C:/devkitPro/libctru/lib\libcitro3d.a(effect.o)
                0x0000000000103cec                C3D_DepthMap
 .text.C3D_CullFace
                0x0000000000103d2c       0x1c C:/devkitPro/libctru/lib\libcitro3d.a(effect.o)
                0x0000000000103d2c                C3D_CullFace
 .text.C3D_StencilTest
                0x0000000000103d48       0x40 C:/devkitPro/libctru/lib\libcitro3d.a(effect.o)
                0x0000000000103d48                C3D_StencilTest
 .text.C3D_StencilOp
                0x0000000000103d88       0x24 C:/devkitPro/libctru/lib\libcitro3d.a(effect.o)
                0x0000000000103d88                C3D_StencilOp
 .text.C3D_BlendingColor
                0x0000000000103dac       0x1c C:/devkitPro/libctru/lib\libcitro3d.a(effect.o)
                0x0000000000103dac                C3D_BlendingColor
 .text.C3D_EarlyDepthTest
                0x0000000000103dc8       0x24 C:/devkitPro/libctru/lib\libcitro3d.a(effect.o)
                0x0000000000103dc8                C3D_EarlyDepthTest
 .text.C3D_DepthTest
                0x0000000000103dec       0x2c C:/devkitPro/libctru/lib\libcitro3d.a(effect.o)
                0x0000000000103dec                C3D_DepthTest
 .text.C3D_AlphaTest
                0x0000000000103e18       0x2c C:/devkitPro/libctru/lib\libcitro3d.a(effect.o)
                0x0000000000103e18                C3D_AlphaTest
 .text.C3D_AlphaBlend
                0x0000000000103e44       0x50 C:/devkitPro/libctru/lib\libcitro3d.a(effect.o)
                0x0000000000103e44                C3D_AlphaBlend
 .text.C3D_FragOpMode
                0x0000000000103e94       0x30 C:/devkitPro/libctru/lib\libcitro3d.a(effect.o)
                0x0000000000103e94                C3D_FragOpMode
 .text.C3D_FragOpShadow
                0x0000000000103ec4       0x44 C:/devkitPro/libctru/lib\libcitro3d.a(effect.o)
                0x0000000000103ec4                C3D_FragOpShadow
 .text.C3Di_EffectBind
                0x0000000000103f08      0x1ac C:/devkitPro/libctru/lib\libcitro3d.a(effect.o)
                0x0000000000103f08                C3Di_EffectBind
 .text.AttrInfo_Init
                0x00000000001040b4       0x28 C:/devkitPro/libctru/lib\libcitro3d.a(attribs.o)
                0x00000000001040b4                AttrInfo_Init
 .text.AttrInfo_AddLoader
                0x00000000001040dc       0x98 C:/devkitPro/libctru/lib\libcitro3d.a(attribs.o)
                0x00000000001040dc                AttrInfo_AddLoader
 .text.C3D_SetAttrInfo
                0x0000000000104174       0x54 C:/devkitPro/libctru/lib\libcitro3d.a(attribs.o)
                0x0000000000104174                C3D_SetAttrInfo
 .text.C3Di_AttrInfoBind
                0x00000000001041c8       0x80 C:/devkitPro/libctru/lib\libcitro3d.a(attribs.o)
                0x00000000001041c8                C3Di_AttrInfoBind
 .text.C3D_ImmSendAttrib
                0x0000000000104248       0xa8 C:/devkitPro/libctru/lib\libcitro3d.a(immediate.o)
                0x0000000000104248                C3D_ImmSendAttrib
 .text.C3D_UpdateUniforms
                0x00000000001042f0      0x29c C:/devkitPro/libctru/lib\libcitro3d.a(uniforms.o)
                0x00000000001042f0                C3D_UpdateUniforms
 .text.C3Di_DirtyUniforms
                0x000000000010458c       0xc0 C:/devkitPro/libctru/lib\libcitro3d.a(uniforms.o)
                0x000000000010458c                C3Di_DirtyUniforms
 .text.C3Di_LoadShaderUniforms
                0x000000000010464c       0xd8 C:/devkitPro/libctru/lib\libcitro3d.a(uniforms.o)
                0x000000000010464c                C3Di_LoadShaderUniforms
 .text.C3Di_ClearShaderUniforms
                0x0000000000104724       0x28 C:/devkitPro/libctru/lib\libcitro3d.a(uniforms.o)
                0x0000000000104724                C3Di_ClearShaderUniforms
 .text.Mtx_Ortho
                0x000000000010474c       0xcc C:/devkitPro/libctru/lib\libcitro3d.a(mtx_ortho.o)
                0x000000000010474c                Mtx_Ortho
 .text.Mtx_OrthoTilt
                0x0000000000104818       0xcc C:/devkitPro/libctru/lib\libcitro3d.a(mtx_orthotilt.o)
                0x0000000000104818                Mtx_OrthoTilt
 .text._ZL21addrMapNodeComparatorPK11rbtree_nodeS1_
                0x00000000001048e4       0x24 C:/devkitPro/libctru/lib\libctru.a(vram.o)
 .text._ZL21addrMapNodeDestructorP11rbtree_node
                0x0000000000104908        0x4 C:/devkitPro/libctru/lib\libctru.a(vram.o)
 .text.vramMemAlign
                0x000000000010490c      0x114 C:/devkitPro/libctru/lib\libctru.a(vram.o)
                0x000000000010490c                vramMemAlign
 .text.vramAlloc
                0x0000000000104a20        0x8 C:/devkitPro/libctru/lib\libctru.a(vram.o)
                0x0000000000104a20                vramAlloc
 .text.vramFree
                0x0000000000104a28       0x5c C:/devkitPro/libctru/lib\libctru.a(vram.o)
                0x0000000000104a28                vramFree
 .text._ZL21addrMapNodeComparatorPK11rbtree_nodeS1_
                0x0000000000104a84       0x24 C:/devkitPro/libctru/lib\libctru.a(linear.o)
 .text._ZL21addrMapNodeDestructorP11rbtree_node
                0x0000000000104aa8        0x4 C:/devkitPro/libctru/lib\libctru.a(linear.o)
 .text.linearMemAlign
                0x0000000000104aac      0x120 C:/devkitPro/libctru/lib\libctru.a(linear.o)
                0x0000000000104aac                linearMemAlign
 .text.linearAlloc
                0x0000000000104bcc        0x8 C:/devkitPro/libctru/lib\libctru.a(linear.o)
                0x0000000000104bcc                linearAlloc
 .text.linearFree
                0x0000000000104bd4       0x5c C:/devkitPro/libctru/lib\libctru.a(linear.o)
                0x0000000000104bd4                linearFree
 .text._ZN7MemPool13CoalesceRightEP8MemBlock
                0x0000000000104c30       0x84 C:/devkitPro/libctru/lib\libctru.a(mem_pool.o)
                0x0000000000104c30                MemPool::CoalesceRight(MemBlock*)
 .text._ZN7MemPool8AllocateER8MemChunkmi
                0x0000000000104cb4      0x170 C:/devkitPro/libctru/lib\libctru.a(mem_pool.o)
                0x0000000000104cb4                MemPool::Allocate(MemChunk&, unsigned long, int)
 .text._ZN7MemPool10DeallocateERK8MemChunk
                0x0000000000104e24       0xfc C:/devkitPro/libctru/lib\libctru.a(mem_pool.o)
                0x0000000000104e24                MemPool::Deallocate(MemChunk const&)
 .text.romfs_free
                0x0000000000104f20       0x84 C:/devkitPro/libctru/lib\libctru.a(romfs_dev.o)
 .text.romfsUnmount
                0x0000000000104fa4       0xac C:/devkitPro/libctru/lib\libctru.a(romfs_dev.o)
                0x0000000000104fa4                romfsUnmount
 .text.osConvertVirtToPhys
                0x0000000000105050       0x74 C:/devkitPro/libctru/lib\libctru.a(os.o)
                0x0000000000105050                osConvertVirtToPhys
 .text.osGetTimeRef
                0x00000000001050c4       0x54 C:/devkitPro/libctru/lib\libctru.a(os.o)
                0x00000000001050c4                osGetTimeRef
 .text.osGetTime
                0x0000000000105118       0xe4 C:/devkitPro/libctru/lib\libctru.a(os.o)
                0x0000000000105118                osGetTime
 .text.__libctru_gtod
                0x00000000001051fc       0x74 C:/devkitPro/libctru/lib\libctru.a(os.o)
                0x00000000001051fc                __libctru_gtod
 .text.__ctru_speedup_config
                0x0000000000105270       0x34 C:/devkitPro/libctru/lib\libctru.a(os.o)
                0x0000000000105270                __ctru_speedup_config
 .text.consoleDrawChar
                0x00000000001052a4      0x178 C:/devkitPro/libctru/lib\libctru.a(console.o)
                0x00000000001052a4                consoleDrawChar
 .text.consolePrintChar
                0x000000000010541c      0x124 C:/devkitPro/libctru/lib\libctru.a(console.o)
                0x000000000010541c                consolePrintChar
 .text.con_write
                0x0000000000105540      0xa00 C:/devkitPro/libctru/lib\libctru.a(console.o)
                0x0000000000105540                con_write
 .text.consoleInit
                0x0000000000105f40      0x168 C:/devkitPro/libctru/lib\libctru.a(console.o)
                0x0000000000105f40                consoleInit
 .text.newRow   0x00000000001060a8       0xf4 C:/devkitPro/libctru/lib\libctru.a(console.o)
 .text.gfxPresentFramebuffer
                0x000000000010619c       0xd0 C:/devkitPro/libctru/lib\libctru.a(gfx.o)
 .text.gfxIsWide
                0x000000000010626c       0x1c C:/devkitPro/libctru/lib\libctru.a(gfx.o)
                0x000000000010626c                gfxIsWide
 .text.gfxSetScreenFormat
                0x0000000000106288       0xec C:/devkitPro/libctru/lib\libctru.a(gfx.o)
                0x0000000000106288                gfxSetScreenFormat
 .text.gfxSetDoubleBuffering
                0x0000000000106374       0x10 C:/devkitPro/libctru/lib\libctru.a(gfx.o)
                0x0000000000106374                gfxSetDoubleBuffering
 .text.gfxInit  0x0000000000106384      0x108 C:/devkitPro/libctru/lib\libctru.a(gfx.o)
                0x0000000000106384                gfxInit
 .text.gfxInitDefault
                0x000000000010648c       0x10 C:/devkitPro/libctru/lib\libctru.a(gfx.o)
                0x000000000010648c                gfxInitDefault
 .text.gfxExit  0x000000000010649c       0xb4 C:/devkitPro/libctru/lib\libctru.a(gfx.o)
                0x000000000010649c                gfxExit
 .text.gfxGetFramebuffer
                0x0000000000106550       0xa0 C:/devkitPro/libctru/lib\libctru.a(gfx.o)
                0x0000000000106550                gfxGetFramebuffer
 .text.gfxFlushBuffers
                0x00000000001065f0      0x10c C:/devkitPro/libctru/lib\libctru.a(gfx.o)
                0x00000000001065f0                gfxFlushBuffers
 .text.gfxScreenSwapBuffers
                0x00000000001066fc       0x30 C:/devkitPro/libctru/lib\libctru.a(gfx.o)
                0x00000000001066fc                gfxScreenSwapBuffers
 .text.gfxSwapBuffers
                0x000000000010672c       0x50 C:/devkitPro/libctru/lib\libctru.a(gfx.o)
                0x000000000010672c                gfxSwapBuffers
 .text.gfxSwapBuffersGpu
                0x000000000010677c       0x50 C:/devkitPro/libctru/lib\libctru.a(gfx.o)
                0x000000000010677c                gfxSwapBuffersGpu
 .text.shaderInstanceInit
                0x00000000001067cc      0x1e0 C:/devkitPro/libctru/lib\libctru.a(shaderProgram.o)
                0x00000000001067cc                shaderInstanceInit
 .text.shaderInstanceGetUniformLocation
                0x00000000001069ac       0x18 C:/devkitPro/libctru/lib\libctru.a(shaderProgram.o)
                0x00000000001069ac                shaderInstanceGetUniformLocation
 .text.shaderProgramInit
                0x00000000001069c4       0x1c C:/devkitPro/libctru/lib\libctru.a(shaderProgram.o)
                0x00000000001069c4                shaderProgramInit
 .text.shaderProgramFree
                0x00000000001069e0       0x64 C:/devkitPro/libctru/lib\libctru.a(shaderProgram.o)
                0x00000000001069e0                shaderProgramFree
 .text.shaderProgramSetVsh
                0x0000000000106a44       0x80 C:/devkitPro/libctru/lib\libctru.a(shaderProgram.o)
                0x0000000000106a44                shaderProgramSetVsh
 .text.shaderProgramConfigure
                0x0000000000106ac4      0x8c0 C:/devkitPro/libctru/lib\libctru.a(shaderProgram.o)
                0x0000000000106ac4                shaderProgramConfigure
 .text.DVLE_GenerateOutmap.part.0
                0x0000000000107384      0x1f8 C:/devkitPro/libctru/lib\libctru.a(shbin.o)
 .text.DVLB_ParseFile
                0x000000000010757c      0x1cc C:/devkitPro/libctru/lib\libctru.a(shbin.o)
                0x000000000010757c                DVLB_ParseFile
 .text.DVLB_Free
                0x0000000000107748       0x38 C:/devkitPro/libctru/lib\libctru.a(shbin.o)
                0x0000000000107748                DVLB_Free
 .text.DVLE_GetUniformRegister
                0x0000000000107780       0x74 C:/devkitPro/libctru/lib\libctru.a(shbin.o)
                0x0000000000107780                DVLE_GetUniformRegister
 .text.GX_BindQueue
                0x00000000001077f4       0x10 C:/devkitPro/libctru/lib\libctru.a(gx.o)
                0x00000000001077f4                GX_BindQueue
 .text.GX_ProcessCommandList
                0x0000000000107804       0x78 C:/devkitPro/libctru/lib\libctru.a(gx.o)
                0x0000000000107804                GX_ProcessCommandList
 .text.GX_MemoryFill
                0x000000000010787c       0x74 C:/devkitPro/libctru/lib\libctru.a(gx.o)
                0x000000000010787c                GX_MemoryFill
 .text.GX_DisplayTransfer
                0x00000000001078f0       0x70 C:/devkitPro/libctru/lib\libctru.a(gx.o)
                0x00000000001078f0                GX_DisplayTransfer
 .text.gxCmdQueueDoCommands.part.0
                0x0000000000107960       0x68 C:/devkitPro/libctru/lib\libctru.a(gxqueue.o)
 .text.gxCmdQueueInterrupt
                0x00000000001079c8       0xc8 C:/devkitPro/libctru/lib\libctru.a(gxqueue.o)
                0x00000000001079c8                gxCmdQueueInterrupt
 .text.gxCmdQueueClear
                0x0000000000107a90       0x4c C:/devkitPro/libctru/lib\libctru.a(gxqueue.o)
                0x0000000000107a90                gxCmdQueueClear
 .text.gxCmdQueueAdd
                0x0000000000107adc       0xf8 C:/devkitPro/libctru/lib\libctru.a(gxqueue.o)
                0x0000000000107adc                gxCmdQueueAdd
 .text.gxCmdQueueRun
                0x0000000000107bd4       0x80 C:/devkitPro/libctru/lib\libctru.a(gxqueue.o)
                0x0000000000107bd4                gxCmdQueueRun
 .text.gxCmdQueueStop
                0x0000000000107c54       0x60 C:/devkitPro/libctru/lib\libctru.a(gxqueue.o)
                0x0000000000107c54                gxCmdQueueStop
 .text.gxCmdQueueWait
                0x0000000000107cb4       0x74 C:/devkitPro/libctru/lib\libctru.a(gxqueue.o)
                0x0000000000107cb4                gxCmdQueueWait
 .text.GPUCMD_Add
                0x0000000000107d28      0x13c C:/devkitPro/libctru/lib\libctru.a(gpu.o)
                0x0000000000107d28                GPUCMD_Add
 .text.GPUCMD_Split
                0x0000000000107e64       0xac C:/devkitPro/libctru/lib\libctru.a(gpu.o)
                0x0000000000107e64                GPUCMD_Split
 .text.f32tof16
                0x0000000000107f10       0x40 C:/devkitPro/libctru/lib\libctru.a(gpu.o)
                0x0000000000107f10                f32tof16
 .text.f32tof24
                0x0000000000107f50       0x40 C:/devkitPro/libctru/lib\libctru.a(gpu.o)
                0x0000000000107f50                f32tof24
 .text.f32tof31
                0x0000000000107f90       0x44 C:/devkitPro/libctru/lib\libctru.a(gpu.o)
                0x0000000000107f90                f32tof31
 .text.gspHardwareInit
                0x0000000000107fd4      0xc58 C:/devkitPro/libctru/lib\libctru.a(gspgpu.o)
 .text.gspInit  0x0000000000108c2c      0x254 C:/devkitPro/libctru/lib\libctru.a(gspgpu.o)
                0x0000000000108c2c                gspInit
 .text.gspExit  0x0000000000108e80       0xf0 C:/devkitPro/libctru/lib\libctru.a(gspgpu.o)
                0x0000000000108e80                gspExit
 .text.gspHasGpuRight
                0x0000000000108f70       0x10 C:/devkitPro/libctru/lib\libctru.a(gspgpu.o)
                0x0000000000108f70                gspHasGpuRight
 .text.gspPresentBuffer
                0x0000000000108f80       0x98 C:/devkitPro/libctru/lib\libctru.a(gspgpu.o)
                0x0000000000108f80                gspPresentBuffer
 .text.gspSetEventCallback
                0x0000000000109018       0x30 C:/devkitPro/libctru/lib\libctru.a(gspgpu.o)
                0x0000000000109018                gspSetEventCallback
 .text.gspWaitForEvent
                0x0000000000109048       0x50 C:/devkitPro/libctru/lib\libctru.a(gspgpu.o)
                0x0000000000109048                gspWaitForEvent
 .text.gspWaitForAnyEvent
                0x0000000000109098       0x4c C:/devkitPro/libctru/lib\libctru.a(gspgpu.o)
                0x0000000000109098                gspWaitForAnyEvent
 .text.gspEventThreadMain
                0x00000000001090e4      0x160 C:/devkitPro/libctru/lib\libctru.a(gspgpu.o)
 .text.gspSubmitGxCommand
                0x0000000000109244      0x130 C:/devkitPro/libctru/lib\libctru.a(gspgpu.o)
                0x0000000000109244                gspSubmitGxCommand
 .text.GSPGPU_FlushDataCache
                0x0000000000109374       0x50 C:/devkitPro/libctru/lib\libctru.a(gspgpu.o)
                0x0000000000109374                GSPGPU_FlushDataCache
 .text.GSPGPU_SetLcdForceBlack
                0x00000000001093c4       0x34 C:/devkitPro/libctru/lib\libctru.a(gspgpu.o)
                0x00000000001093c4                GSPGPU_SetLcdForceBlack
 .text.GSPGPU_AcquireRight
                0x00000000001093f8       0x68 C:/devkitPro/libctru/lib\libctru.a(gspgpu.o)
                0x00000000001093f8                GSPGPU_AcquireRight
 .text.GSPGPU_ReleaseRight
                0x0000000000109460       0x48 C:/devkitPro/libctru/lib\libctru.a(gspgpu.o)
                0x0000000000109460                GSPGPU_ReleaseRight
 .text.GSPGPU_ImportDisplayCaptureInfo
                0x00000000001094a8       0x7c C:/devkitPro/libctru/lib\libctru.a(gspgpu.o)
                0x00000000001094a8                GSPGPU_ImportDisplayCaptureInfo
 .text.GSPGPU_SaveVramSysArea
                0x0000000000109524       0x2c C:/devkitPro/libctru/lib\libctru.a(gspgpu.o)
                0x0000000000109524                GSPGPU_SaveVramSysArea
 .text.GSPGPU_RestoreVramSysArea
                0x0000000000109550       0x2c C:/devkitPro/libctru/lib\libctru.a(gspgpu.o)
                0x0000000000109550                GSPGPU_RestoreVramSysArea
 .text.aptConvertScreenForCapture
                0x000000000010957c      0x1b0 C:/devkitPro/libctru/lib\libctru.a(apt.o)
 .text.aptDspSleep
                0x000000000010972c        0x8 C:/devkitPro/libctru/lib\libctru.a(apt.o)
                0x000000000010972c                aptDspSleep
 .text.aptDspWakeup
                0x0000000000109734        0x4 C:/devkitPro/libctru/lib\libctru.a(apt.o)
                0x0000000000109734                aptDspWakeup
 .text.aptDspCancel
                0x0000000000109738        0x4 C:/devkitPro/libctru/lib\libctru.a(apt.o)
                0x0000000000109738                aptDspCancel
 .text.aptSendCommand
                0x000000000010973c      0x15c C:/devkitPro/libctru/lib\libctru.a(apt.o)
                0x000000000010973c                aptSendCommand
 .text.aptExitProcess
                0x0000000000109898       0x38 C:/devkitPro/libctru/lib\libctru.a(apt.o)
 .text.aptExit  0x00000000001098d0      0x2f0 C:/devkitPro/libctru/lib\libctru.a(apt.o)
                0x00000000001098d0                aptExit
 .text.aptHandleSleep
                0x0000000000109bc0       0xd8 C:/devkitPro/libctru/lib\libctru.a(apt.o)
                0x0000000000109bc0                aptHandleSleep
 .text.aptHook  0x0000000000109c98       0x30 C:/devkitPro/libctru/lib\libctru.a(apt.o)
                0x0000000000109c98                aptHook
 .text.aptUnhook
                0x0000000000109cc8       0x30 C:/devkitPro/libctru/lib\libctru.a(apt.o)
                0x0000000000109cc8                aptUnhook
 .text.APT_SleepIfShellClosed
                0x0000000000109cf8       0x84 C:/devkitPro/libctru/lib\libctru.a(apt.o)
                0x0000000000109cf8                APT_SleepIfShellClosed
 .text.aptSetSleepAllowed
                0x0000000000109d7c       0x84 C:/devkitPro/libctru/lib\libctru.a(apt.o)
                0x0000000000109d7c                aptSetSleepAllowed
 .text.APT_UnlockTransition
                0x0000000000109e00       0x84 C:/devkitPro/libctru/lib\libctru.a(apt.o)
                0x0000000000109e00                APT_UnlockTransition
 *fill*         0x0000000000109e84        0x4 
 .text.aptEventHandler
                0x0000000000109e88      0x484 C:/devkitPro/libctru/lib\libctru.a(apt.o)
 .text.APT_ReceiveParameter
                0x000000000010a30c       0xb0 C:/devkitPro/libctru/lib\libctru.a(apt.o)
                0x000000000010a30c                APT_ReceiveParameter
 .text.aptReceiveParameter.constprop.0
                0x000000000010a3bc       0xb0 C:/devkitPro/libctru/lib\libctru.a(apt.o)
 *fill*         0x000000000010a46c        0x4 
 .text.aptScreenTransfer
                0x000000000010a470      0x2bc C:/devkitPro/libctru/lib\libctru.a(apt.o)
 .text.aptWaitForWakeUp.isra.0
                0x000000000010a72c      0x2d0 C:/devkitPro/libctru/lib\libctru.a(apt.o)
 .text.aptJumpToHomeMenu
                0x000000000010a9fc       0xf8 C:/devkitPro/libctru/lib\libctru.a(apt.o)
                0x000000000010a9fc                aptJumpToHomeMenu
 .text.aptMainLoop
                0x000000000010aaf4       0x4c C:/devkitPro/libctru/lib\libctru.a(apt.o)
                0x000000000010aaf4                aptMainLoop
 .text.aptInit  0x000000000010ab40      0x234 C:/devkitPro/libctru/lib\libctru.a(apt.o)
                0x000000000010ab40                aptInit
 .text.APT_CheckNew3DS
                0x000000000010ad74       0x7c C:/devkitPro/libctru/lib\libctru.a(apt.o)
                0x000000000010ad74                APT_CheckNew3DS
 .text.hidShouldUseIrrst
                0x000000000010adf0       0x24 C:/devkitPro/libctru/lib\libctru.a(hid.o)
                0x000000000010adf0                hidShouldUseIrrst
 .text.hidInit  0x000000000010ae14      0x18c C:/devkitPro/libctru/lib\libctru.a(hid.o)
                0x000000000010ae14                hidInit
 .text.hidExit  0x000000000010afa0       0xe8 C:/devkitPro/libctru/lib\libctru.a(hid.o)
                0x000000000010afa0                hidExit
 .text.hidScanInput
                0x000000000010b088      0x294 C:/devkitPro/libctru/lib\libctru.a(hid.o)
                0x000000000010b088                hidScanInput
 .text.hidKeysHeld
                0x000000000010b31c       0x10 C:/devkitPro/libctru/lib\libctru.a(hid.o)
                0x000000000010b31c                hidKeysHeld
 .text.hidKeysDown
                0x000000000010b32c       0x10 C:/devkitPro/libctru/lib\libctru.a(hid.o)
                0x000000000010b32c                hidKeysDown
 .text.ptmSysmInit
                0x000000000010b33c       0x74 C:/devkitPro/libctru/lib\libctru.a(ptmsysm.o)
                0x000000000010b33c                ptmSysmInit
 .text.ptmSysmExit
                0x000000000010b3b0       0x3c C:/devkitPro/libctru/lib\libctru.a(ptmsysm.o)
                0x000000000010b3b0                ptmSysmExit
 .text.PTMSYSM_ConfigureNew3DSCPU
                0x000000000010b3ec       0x34 C:/devkitPro/libctru/lib\libctru.a(ptmsysm.o)
                0x000000000010b3ec                PTMSYSM_ConfigureNew3DSCPU
 .text.fsInit   0x000000000010b420       0xc8 C:/devkitPro/libctru/lib\libctru.a(fs.o)
                0x000000000010b420                fsInit
 .text.fsExit   0x000000000010b4e8       0x3c C:/devkitPro/libctru/lib\libctru.a(fs.o)
                0x000000000010b4e8                fsExit
 .text.fsExemptFromSession
                0x000000000010b524       0x60 C:/devkitPro/libctru/lib\libctru.a(fs.o)
                0x000000000010b524                fsExemptFromSession
 .text.fsUnexemptFromSession
                0x000000000010b584       0x50 C:/devkitPro/libctru/lib\libctru.a(fs.o)
                0x000000000010b584                fsUnexemptFromSession
 .text.FSUSER_OpenFile
                0x000000000010b5d4       0xcc C:/devkitPro/libctru/lib\libctru.a(fs.o)
                0x000000000010b5d4                FSUSER_OpenFile
 .text.FSUSER_DeleteFile
                0x000000000010b6a0       0xbc C:/devkitPro/libctru/lib\libctru.a(fs.o)
                0x000000000010b6a0                FSUSER_DeleteFile
 .text.FSUSER_RenameFile
                0x000000000010b75c       0xf8 C:/devkitPro/libctru/lib\libctru.a(fs.o)
                0x000000000010b75c                FSUSER_RenameFile
 .text.FSUSER_DeleteDirectory
                0x000000000010b854       0xbc C:/devkitPro/libctru/lib\libctru.a(fs.o)
                0x000000000010b854                FSUSER_DeleteDirectory
 .text.FSUSER_CreateFile
                0x000000000010b910       0xd4 C:/devkitPro/libctru/lib\libctru.a(fs.o)
                0x000000000010b910                FSUSER_CreateFile
 .text.FSUSER_CreateDirectory
                0x000000000010b9e4       0xc4 C:/devkitPro/libctru/lib\libctru.a(fs.o)
                0x000000000010b9e4                FSUSER_CreateDirectory
 .text.FSUSER_RenameDirectory
                0x000000000010baa8       0xf8 C:/devkitPro/libctru/lib\libctru.a(fs.o)
                0x000000000010baa8                FSUSER_RenameDirectory
 .text.FSUSER_OpenDirectory
                0x000000000010bba0       0xb4 C:/devkitPro/libctru/lib\libctru.a(fs.o)
                0x000000000010bba0                FSUSER_OpenDirectory
 .text.FSUSER_OpenArchive
                0x000000000010bc54       0x94 C:/devkitPro/libctru/lib\libctru.a(fs.o)
                0x000000000010bc54                FSUSER_OpenArchive
 .text.FSUSER_CloseArchive
                0x000000000010bce8       0x8c C:/devkitPro/libctru/lib\libctru.a(fs.o)
                0x000000000010bce8                FSUSER_CloseArchive
 .text.FSUSER_GetSdmcArchiveResource
                0x000000000010bd74       0x74 C:/devkitPro/libctru/lib\libctru.a(fs.o)
                0x000000000010bd74                FSUSER_GetSdmcArchiveResource
 .text.FSUSER_IsSdmcWritable
                0x000000000010bde8       0x64 C:/devkitPro/libctru/lib\libctru.a(fs.o)
                0x000000000010bde8                FSUSER_IsSdmcWritable
 .text.FSFILE_Read
                0x000000000010be4c       0x58 C:/devkitPro/libctru/lib\libctru.a(fs.o)
                0x000000000010be4c                FSFILE_Read
 .text.FSFILE_Write
                0x000000000010bea4       0x60 C:/devkitPro/libctru/lib\libctru.a(fs.o)
                0x000000000010bea4                FSFILE_Write
 .text.FSFILE_GetSize
                0x000000000010bf04       0x38 C:/devkitPro/libctru/lib\libctru.a(fs.o)
                0x000000000010bf04                FSFILE_GetSize
 .text.FSFILE_SetSize
                0x000000000010bf3c       0x28 C:/devkitPro/libctru/lib\libctru.a(fs.o)
                0x000000000010bf3c                FSFILE_SetSize
 .text.FSFILE_Close
                0x000000000010bf64       0x3c C:/devkitPro/libctru/lib\libctru.a(fs.o)
                0x000000000010bf64                FSFILE_Close
 .text.FSFILE_Flush
                0x000000000010bfa0       0x24 C:/devkitPro/libctru/lib\libctru.a(fs.o)
                0x000000000010bfa0                FSFILE_Flush
 .text.FSDIR_Read
                0x000000000010bfc4       0x50 C:/devkitPro/libctru/lib\libctru.a(fs.o)
                0x000000000010bfc4                FSDIR_Read
 .text.FSDIR_Close
                0x000000000010c014       0x3c C:/devkitPro/libctru/lib\libctru.a(fs.o)
                0x000000000010c014                FSDIR_Close
 .text.rbtree_init
                0x000000000010c050       0x10 C:/devkitPro/libctru/lib\libctru.a(rbtree_init.o)
                0x000000000010c050                rbtree_init
 .text.do_insert
                0x000000000010c060      0x1a0 C:/devkitPro/libctru/lib\libctru.a(rbtree_insert.o)
 .text.rbtree_insert
                0x000000000010c200        0x8 C:/devkitPro/libctru/lib\libctru.a(rbtree_insert.o)
                0x000000000010c200                rbtree_insert
 .text.rbtree_rotate
                0x000000000010c208       0x90 C:/devkitPro/libctru/lib\libctru.a(rbtree_rotate.o)
                0x000000000010c208                rbtree_rotate
 .text.rbtree_remove
                0x000000000010c298      0x338 C:/devkitPro/libctru/lib\libctru.a(rbtree_remove.o)
                0x000000000010c298                rbtree_remove
 .text.rbtree_find
                0x000000000010c5d0       0x74 C:/devkitPro/libctru/lib\libctru.a(rbtree_find.o)
                0x000000000010c5d0                rbtree_find
 .text.utf16_to_utf8
                0x000000000010c644       0xe8 C:/devkitPro/libctru/lib\libctru.a(utf16_to_utf8.o)
                0x000000000010c644                utf16_to_utf8
 .text.decode_utf16
                0x000000000010c72c       0x64 C:/devkitPro/libctru/lib\libctru.a(decode_utf16.o)
                0x000000000010c72c                decode_utf16
 .text.utf8_to_utf16
                0x000000000010c790       0xc0 C:/devkitPro/libctru/lib\libctru.a(utf8_to_utf16.o)
                0x000000000010c790                utf8_to_utf16
 .text.__system_allocateHeaps
                0x000000000010c850      0x1e0 C:/devkitPro/libctru/lib\libctru.a(allocateHeaps.o)
                0x000000000010c850                __system_allocateHeaps
 .text.__libctru_init
                0x000000000010ca30       0x38 C:/devkitPro/libctru/lib\libctru.a(ctru_init.o)
                0x000000000010ca30                __libctru_init
 .text.__system_initArgv
                0x000000000010ca68       0xf0 C:/devkitPro/libctru/lib\libctru.a(initArgv.o)
                0x000000000010ca68                __system_initArgv
 .text.svcControlMemory
                0x000000000010cb58       0x20 C:/devkitPro/libctru/lib\libctru.a(svc.o)
                0x000000000010cb58                svcControlMemory
 .text.svcQueryMemory
                0x000000000010cb78       0x30 C:/devkitPro/libctru/lib\libctru.a(svc.o)
                0x000000000010cb78                svcQueryMemory
 .text.svcExitProcess
                0x000000000010cba8        0x8 C:/devkitPro/libctru/lib\libctru.a(svc.o)
                0x000000000010cba8                svcExitProcess
 .text.svcCreateThread
                0x000000000010cbb0       0x20 C:/devkitPro/libctru/lib\libctru.a(svc.o)
                0x000000000010cbb0                svcCreateThread
 .text.svcExitThread
                0x000000000010cbd0        0x8 C:/devkitPro/libctru/lib\libctru.a(svc.o)
                0x000000000010cbd0                svcExitThread
 .text.svcSleepThread
                0x000000000010cbd8        0x8 C:/devkitPro/libctru/lib\libctru.a(svc.o)
                0x000000000010cbd8                svcSleepThread
 .text.svcReleaseMutex
                0x000000000010cbe0        0x8 C:/devkitPro/libctru/lib\libctru.a(svc.o)
                0x000000000010cbe0                svcReleaseMutex
 .text.svcCreateEvent
                0x000000000010cbe8       0x14 C:/devkitPro/libctru/lib\libctru.a(svc.o)
                0x000000000010cbe8                svcCreateEvent
 .text.svcSignalEvent
                0x000000000010cbfc        0x8 C:/devkitPro/libctru/lib\libctru.a(svc.o)
                0x000000000010cbfc                svcSignalEvent
 .text.svcClearEvent
                0x000000000010cc04        0x8 C:/devkitPro/libctru/lib\libctru.a(svc.o)
                0x000000000010cc04                svcClearEvent
 .text.svcMapMemoryBlock
                0x000000000010cc0c        0x8 C:/devkitPro/libctru/lib\libctru.a(svc.o)
                0x000000000010cc0c                svcMapMemoryBlock
 .text.svcUnmapMemoryBlock
                0x000000000010cc14        0x8 C:/devkitPro/libctru/lib\libctru.a(svc.o)
                0x000000000010cc14                svcUnmapMemoryBlock
 .text.svcCreateAddressArbiter
                0x000000000010cc1c       0x14 C:/devkitPro/libctru/lib\libctru.a(svc.o)
                0x000000000010cc1c                svcCreateAddressArbiter
 .text.svcArbitrateAddressNoTimeout
                0x000000000010cc30        0x8 C:/devkitPro/libctru/lib\libctru.a(svc.o)
                0x000000000010cc30                svcArbitrateAddressNoTimeout
 .text.svcCloseHandle
                0x000000000010cc38        0x8 C:/devkitPro/libctru/lib\libctru.a(svc.o)
                0x000000000010cc38                svcCloseHandle
 .text.svcWaitSynchronization
                0x000000000010cc40        0x8 C:/devkitPro/libctru/lib\libctru.a(svc.o)
                0x000000000010cc40                svcWaitSynchronization
 .text.svcWaitSynchronizationN
                0x000000000010cc48       0x28 C:/devkitPro/libctru/lib\libctru.a(svc.o)
                0x000000000010cc48                svcWaitSynchronizationN
 .text.svcDuplicateHandle
                0x000000000010cc70       0x14 C:/devkitPro/libctru/lib\libctru.a(svc.o)
                0x000000000010cc70                svcDuplicateHandle
 .text.svcGetSystemTick
                0x000000000010cc84        0x8 C:/devkitPro/libctru/lib\libctru.a(svc.o)
                0x000000000010cc84                svcGetSystemTick
 .text.svcConnectToPort
                0x000000000010cc8c       0x14 C:/devkitPro/libctru/lib\libctru.a(svc.o)
                0x000000000010cc8c                svcConnectToPort
 .text.svcSendSyncRequest
                0x000000000010cca0        0x8 C:/devkitPro/libctru/lib\libctru.a(svc.o)
                0x000000000010cca0                svcSendSyncRequest
 .text.svcGetResourceLimit
                0x000000000010cca8       0x14 C:/devkitPro/libctru/lib\libctru.a(svc.o)
                0x000000000010cca8                svcGetResourceLimit
 .text.svcGetResourceLimitLimitValues
                0x000000000010ccbc        0x8 C:/devkitPro/libctru/lib\libctru.a(svc.o)
                0x000000000010ccbc                svcGetResourceLimitLimitValues
 .text.svcGetResourceLimitCurrentValues
                0x000000000010ccc4        0x8 C:/devkitPro/libctru/lib\libctru.a(svc.o)
                0x000000000010ccc4                svcGetResourceLimitCurrentValues
 .text.svcBreak
                0x000000000010cccc        0x8 C:/devkitPro/libctru/lib\libctru.a(svc.o)
                0x000000000010cccc                svcBreak
 .text.initSystem
                0x000000000010ccd4       0x50 C:/devkitPro/libctru/lib\libctru.a(stack_adjust.o)
                0x000000000010ccd4                initSystem
 .text.__ctru_exit
                0x000000000010cd24       0x18 C:/devkitPro/libctru/lib\libctru.a(stack_adjust.o)
                0x000000000010cd24                __ctru_exit
 .text.__aeabi_read_tp
                0x000000000010cd3c        0xc C:/devkitPro/libctru/lib\libctru.a(readtp.o)
                0x000000000010cd3c                __aeabi_read_tp
 .text.__sync_init
                0x000000000010cd48        0xc C:/devkitPro/libctru/lib\libctru.a(synchronization.o)
                0x000000000010cd48                __sync_init
 .text.__sync_fini
                0x000000000010cd54       0x18 C:/devkitPro/libctru/lib\libctru.a(synchronization.o)
                0x000000000010cd54                __sync_fini
 .text.syncArbitrateAddress
                0x000000000010cd6c       0x2c C:/devkitPro/libctru/lib\libctru.a(synchronization.o)
                0x000000000010cd6c                syncArbitrateAddress
 .text.LightLock_Init
                0x000000000010cd98       0x1c C:/devkitPro/libctru/lib\libctru.a(synchronization.o)
                0x000000000010cd98                LightLock_Init
 .text.LightLock_Lock
                0x000000000010cdb4       0x94 C:/devkitPro/libctru/lib\libctru.a(synchronization.o)
                0x000000000010cdb4                LightLock_Lock
 .text.LightLock_TryLock
                0x000000000010ce48       0x44 C:/devkitPro/libctru/lib\libctru.a(synchronization.o)
                0x000000000010ce48                LightLock_TryLock
 .text.LightLock_Unlock
                0x000000000010ce8c       0x40 C:/devkitPro/libctru/lib\libctru.a(synchronization.o)
                0x000000000010ce8c                LightLock_Unlock
 .text.RecursiveLock_Init
                0x000000000010cecc       0x24 C:/devkitPro/libctru/lib\libctru.a(synchronization.o)
                0x000000000010cecc                RecursiveLock_Init
 .text.RecursiveLock_Lock
                0x000000000010cef0       0x30 C:/devkitPro/libctru/lib\libctru.a(synchronization.o)
                0x000000000010cef0                RecursiveLock_Lock
 .text.RecursiveLock_TryLock
                0x000000000010cf20       0x78 C:/devkitPro/libctru/lib\libctru.a(synchronization.o)
                0x000000000010cf20                RecursiveLock_TryLock
 .text.RecursiveLock_Unlock
                0x000000000010cf98       0x54 C:/devkitPro/libctru/lib\libctru.a(synchronization.o)
                0x000000000010cf98                RecursiveLock_Unlock
 .text.LightEvent_Init
                0x000000000010cfec       0x40 C:/devkitPro/libctru/lib\libctru.a(synchronization.o)
                0x000000000010cfec                LightEvent_Init
 .text.LightEvent_Clear
                0x000000000010d02c       0xa4 C:/devkitPro/libctru/lib\libctru.a(synchronization.o)
                0x000000000010d02c                LightEvent_Clear
 .text.LightEvent_Signal
                0x000000000010d0d0       0xc8 C:/devkitPro/libctru/lib\libctru.a(synchronization.o)
                0x000000000010d0d0                LightEvent_Signal
 .text.LightEvent_TryWait
                0x000000000010d198       0x58 C:/devkitPro/libctru/lib\libctru.a(synchronization.o)
                0x000000000010d198                LightEvent_TryWait
 .text.LightEvent_Wait
                0x000000000010d1f0       0xb0 C:/devkitPro/libctru/lib\libctru.a(synchronization.o)
                0x000000000010d1f0                LightEvent_Wait
 .text.envGetHandle
                0x000000000010d2a0       0x84 C:/devkitPro/libctru/lib\libctru.a(env.o)
                0x000000000010d2a0                envGetHandle
 .text.envDestroyHandles
                0x000000000010d324       0x50 C:/devkitPro/libctru/lib\libctru.a(env.o)
                0x000000000010d324                envDestroyHandles
 .text.srvInit  0x000000000010d374      0x124 C:/devkitPro/libctru/lib\libctru.a(srv.o)
                0x000000000010d374                srvInit
 .text.srvExit  0x000000000010d498       0x58 C:/devkitPro/libctru/lib\libctru.a(srv.o)
                0x000000000010d498                srvExit
 .text.srvGetServiceHandleDirect
                0x000000000010d4f0       0x80 C:/devkitPro/libctru/lib\libctru.a(srv.o)
                0x000000000010d4f0                srvGetServiceHandleDirect
 .text.srvGetServiceHandle
                0x000000000010d570       0x48 C:/devkitPro/libctru/lib\libctru.a(srv.o)
                0x000000000010d570                srvGetServiceHandle
 .text.srvPublishToSubscriber
                0x000000000010d5b8       0x38 C:/devkitPro/libctru/lib\libctru.a(srv.o)
                0x000000000010d5b8                srvPublishToSubscriber
 .text.threadCreate
                0x000000000010d5f0      0x188 C:/devkitPro/libctru/lib\libctru.a(thread.o)
                0x000000000010d5f0                threadCreate
 .text.threadFree
                0x000000000010d778       0x2c C:/devkitPro/libctru/lib\libctru.a(thread.o)
                0x000000000010d778                threadFree
 .text.threadJoin
                0x000000000010d7a4       0x24 C:/devkitPro/libctru/lib\libctru.a(thread.o)
                0x000000000010d7a4                threadJoin
 .text.threadGetCurrent
                0x000000000010d7c8       0x30 C:/devkitPro/libctru/lib\libctru.a(thread.o)
                0x000000000010d7c8                threadGetCurrent
 .text.threadExit
                0x000000000010d7f8       0x40 C:/devkitPro/libctru/lib\libctru.a(thread.o)
                0x000000000010d7f8                threadExit
 .text._thread_begin
                0x000000000010d838       0x44 C:/devkitPro/libctru/lib\libctru.a(thread.o)
 .text.mappableFindAddressWithin
                0x000000000010d87c       0x94 C:/devkitPro/libctru/lib\libctru.a(mappable.o)
 .text.mappableInit
                0x000000000010d910       0x28 C:/devkitPro/libctru/lib\libctru.a(mappable.o)
                0x000000000010d910                mappableInit
 .text.mappableAlloc
                0x000000000010d938       0x80 C:/devkitPro/libctru/lib\libctru.a(mappable.o)
                0x000000000010d938                mappableAlloc
 .text.mappableFree
                0x000000000010d9b8        0x4 C:/devkitPro/libctru/lib\libctru.a(mappable.o)
                0x000000000010d9b8                mappableFree
 .text.irrstInit
                0x000000000010d9bc      0x160 C:/devkitPro/libctru/lib\libctru.a(irrst.o)
                0x000000000010d9bc                irrstInit
 .text.irrstExit
                0x000000000010db1c       0xcc C:/devkitPro/libctru/lib\libctru.a(irrst.o)
                0x000000000010db1c                irrstExit
 .text.irrstScanInput
                0x000000000010dbe8       0xb0 C:/devkitPro/libctru/lib\libctru.a(irrst.o)
                0x000000000010dbe8                irrstScanInput
 .text.irrstKeysHeld
                0x000000000010dc98       0x24 C:/devkitPro/libctru/lib\libctru.a(irrst.o)
                0x000000000010dc98                irrstKeysHeld
 .text.srvPmGetSessionHandle
                0x000000000010dcbc        0xc C:/devkitPro/libctru/lib\libctru.a(srvpm.o)
                0x000000000010dcbc                srvPmGetSessionHandle
 .text.rbtree_node_next
                0x000000000010dcc8       0x50 C:/devkitPro/libctru/lib\libctru.a(rbtree_iterator.o)
                0x000000000010dcc8                rbtree_node_next
 .text.encode_utf16
                0x000000000010dd18       0x60 C:/devkitPro/libctru/lib\libctru.a(encode_utf16.o)
                0x000000000010dd18                encode_utf16
 .text.encode_utf8
                0x000000000010dd78       0xfc C:/devkitPro/libctru/lib\libctru.a(encode_utf8.o)
                0x000000000010dd78                encode_utf8
 .text.decode_utf8
                0x000000000010de74      0x13c C:/devkitPro/libctru/lib\libctru.a(decode_utf8.o)
                0x000000000010de74                decode_utf8
 .text.__appInit
                0x000000000010dfb0       0x30 C:/devkitPro/libctru/lib\libctru.a(appInit.o)
                0x000000000010dfb0                __appInit
 .text.__libctru_nanosleep
                0x000000000010dfe0       0x30 C:/devkitPro/libctru/lib\libctru.a(syscalls.o)
 .text.__libctru_get_reent
                0x000000000010e010       0x30 C:/devkitPro/libctru/lib\libctru.a(syscalls.o)
 .text.__system_initSyscalls
                0x000000000010e040       0xf8 C:/devkitPro/libctru/lib\libctru.a(syscalls.o)
                0x000000000010e040                __system_initSyscalls
 .text.__appExit
                0x000000000010e138       0x30 C:/devkitPro/libctru/lib\libctru.a(appExit.o)
                0x000000000010e138                __appExit
 .text.__libctru_exit
                0x000000000010e168       0x90 C:/devkitPro/libctru/lib\libctru.a(ctru_exit.o)
                0x000000000010e168                __libctru_exit
 .text.archive_link
                0x000000000010e1f8       0x14 C:/devkitPro/libctru/lib\libctru.a(archive_dev.o)
 .text.archive_dirreset
                0x000000000010e20c       0x14 C:/devkitPro/libctru/lib\libctru.a(archive_dev.o)
 .text.archive_chmod
                0x000000000010e220       0x14 C:/devkitPro/libctru/lib\libctru.a(archive_dev.o)
 .text.error_cmp
                0x000000000010e234       0x24 C:/devkitPro/libctru/lib\libctru.a(archive_dev.o)
 .text.archive_translate_error
                0x000000000010e258       0x50 C:/devkitPro/libctru/lib\libctru.a(archive_dev.o)
 .text.archive_seek
                0x000000000010e2a8       0xd4 C:/devkitPro/libctru/lib\libctru.a(archive_dev.o)
 .text._archiveInit.part.0
                0x000000000010e37c       0x7c C:/devkitPro/libctru/lib\libctru.a(archive_dev.o)
 .text.archiveFindDevice.part.0
                0x000000000010e3f8       0x8c C:/devkitPro/libctru/lib\libctru.a(archive_dev.o)
 .text.archive_utf16path
                0x000000000010e484      0x294 C:/devkitPro/libctru/lib\libctru.a(archive_dev.o)
 .text._archiveUnmountDeviceStruct.part.0
                0x000000000010e718       0xa0 C:/devkitPro/libctru/lib\libctru.a(archive_dev.o)
 .text.archive_fchmod
                0x000000000010e7b8       0x14 C:/devkitPro/libctru/lib\libctru.a(archive_dev.o)
 .text.archive_statvfs
                0x000000000010e7cc       0x14 C:/devkitPro/libctru/lib\libctru.a(archive_dev.o)
 .text._archiveMountDevice
                0x000000000010e7e0      0x158 C:/devkitPro/libctru/lib\libctru.a(archive_dev.o)
 .text.archive_diropen
                0x000000000010e938       0xe8 C:/devkitPro/libctru/lib\libctru.a(archive_dev.o)
 .text.archive_fstat
                0x000000000010ea20       0xa4 C:/devkitPro/libctru/lib\libctru.a(archive_dev.o)
 .text.archive_close
                0x000000000010eac4       0x6c C:/devkitPro/libctru/lib\libctru.a(archive_dev.o)
 .text.archive_fsync
                0x000000000010eb30       0x6c C:/devkitPro/libctru/lib\libctru.a(archive_dev.o)
 .text.archive_dirclose
                0x000000000010eb9c       0x70 C:/devkitPro/libctru/lib\libctru.a(archive_dev.o)
 .text.sdmc_statvfs
                0x000000000010ec0c       0xe8 C:/devkitPro/libctru/lib\libctru.a(archive_dev.o)
 .text.archive_ftruncate
                0x000000000010ecf4       0x80 C:/devkitPro/libctru/lib\libctru.a(archive_dev.o)
 .text.archive_chdir
                0x000000000010ed74       0xfc C:/devkitPro/libctru/lib\libctru.a(archive_dev.o)
 .text.archive_read
                0x000000000010ee70       0xb0 C:/devkitPro/libctru/lib\libctru.a(archive_dev.o)
 .text.archive_unlink
                0x000000000010ef20       0xac C:/devkitPro/libctru/lib\libctru.a(archive_dev.o)
 .text.archive_rmdir
                0x000000000010efcc       0xc8 C:/devkitPro/libctru/lib\libctru.a(archive_dev.o)
 .text.archive_mkdir
                0x000000000010f094       0xec C:/devkitPro/libctru/lib\libctru.a(archive_dev.o)
 .text.archive_stat
                0x000000000010f180      0x1a8 C:/devkitPro/libctru/lib\libctru.a(archive_dev.o)
 .text.archive_rename
                0x000000000010f328      0x184 C:/devkitPro/libctru/lib\libctru.a(archive_dev.o)
 .text.archive_dirnext
                0x000000000010f4ac      0x168 C:/devkitPro/libctru/lib\libctru.a(archive_dev.o)
 .text.archive_write
                0x000000000010f614      0x12c C:/devkitPro/libctru/lib\libctru.a(archive_dev.o)
 .text.archive_open
                0x000000000010f740      0x1f0 C:/devkitPro/libctru/lib\libctru.a(archive_dev.o)
 .text.archiveMountSdmc
                0x000000000010f930      0x1a4 C:/devkitPro/libctru/lib\libctru.a(archive_dev.o)
                0x000000000010f930                archiveMountSdmc
 .text.archiveUnmountAll
                0x000000000010fad4       0x54 C:/devkitPro/libctru/lib\libctru.a(archive_dev.o)
                0x000000000010fad4                archiveUnmountAll
 .text.__udivmoddi4
                0x000000000010fb28      0x120 c:/devkitpro/devkitarm/bin/../lib/gcc/arm-none-eabi/11.1.0/armv6k/fpu\libgcc.a(_udivmoddi4.o)
                0x000000000010fb28                __udivmoddi4
 .text.bsearch  0x000000000010fc48       0x78 c:/devkitpro/devkitarm/bin/../lib/gcc/arm-none-eabi/11.1.0/../../../../arm-none-eabi/lib/armv6k/fpu\libg.a(lib_a-bsearch.o)
                0x000000000010fc48                bsearch
 .text.calloc   0x000000000010fcc0       0x28 c:/devkitpro/devkitarm/bin/../lib/gcc/arm-none-eabi/11.1.0/../../../../arm-none-eabi/lib/armv6k/fpu\libg.a(lib_a-calloc.o)
                0x000000000010fcc0                calloc
 .text._calloc_r
                0x000000000010fce8       0xbc c:/devkitpro/devkitarm/bin/../lib/gcc/arm-none-eabi/11.1.0/../../../../arm-none-eabi/lib/armv6k/fpu\libg.a(lib_a-callocr.o)
                0x000000000010fce8                _calloc_r
 .text.__errno  0x000000000010fda4        0xc c:/devkitpro/devkitarm/bin/../lib/gcc/arm-none-eabi/11.1.0/../../../../arm-none-eabi/lib/armv6k/fpu\libg.a(lib_a-errno.o)
                0x000000000010fda4                __errno
 .text.exit     0x000000000010fdb0       0x34 c:/devkitpro/devkitarm/bin/../lib/gcc/arm-none-eabi/11.1.0/../../../../arm-none-eabi/lib/armv6k/fpu\libg.a(lib_a-exit.o)
                0x000000000010fdb0                exit
 .text.__libc_fini_array
                0x000000000010fde4       0x3c c:/devkitpro/devkitarm/bin/../lib/gcc/arm-none-eabi/11.1.0/../../../../arm-none-eabi/lib/armv6k/fpu\libg.a(lib_a-fini.o)
                0x000000000010fde4                __libc_fini_array
 .text.__libc_init_array
                0x000000000010fe20       0x7c c:/devkitpro/devkitarm/bin/../lib/gcc/arm-none-eabi/11.1.0/../../../../arm-none-eabi/lib/armv6k/fpu\libg.a(lib_a-init.o)
                0x000000000010fe20                __libc_init_array
 .text.memalign
                0x000000000010fe9c       0x28 c:/devkitpro/devkitarm/bin/../lib/gcc/arm-none-eabi/11.1.0/../../../../arm-none-eabi/lib/armv6k/fpu\libg.a(lib_a-malign.o)
                0x000000000010fe9c                memalign
 .text._memalign_r
                0x000000000010fec4      0x150 c:/devkitpro/devkitarm/bin/../lib/gcc/arm-none-eabi/11.1.0/../../../../arm-none-eabi/lib/armv6k/fpu\libg.a(lib_a-malignr.o)
                0x000000000010fec4                _memalign_r
 .text.malloc   0x0000000000110014       0x20 c:/devkitpro/devkitarm/bin/../lib/gcc/arm-none-eabi/11.1.0/../../../../arm-none-eabi/lib/armv6k/fpu\libg.a(lib_a-malloc.o)
                0x0000000000110014                malloc
 .text.free     0x0000000000110034       0x20 c:/devkitpro/devkitarm/bin/../lib/gcc/arm-none-eabi/11.1.0/../../../../arm-none-eabi/lib/armv6k/fpu\libg.a(lib_a-malloc.o)
                0x0000000000110034                free
 .text._malloc_r
                0x0000000000110054      0x7e0 c:/devkitpro/devkitarm/bin/../lib/gcc/arm-none-eabi/11.1.0/../../../../arm-none-eabi/lib/armv6k/fpu\libg.a(lib_a-mallocr.o)
                0x0000000000110054                _malloc_r
 .text.memchr   0x0000000000110834       0xe0 c:/devkitpro/devkitarm/bin/../lib/gcc/arm-none-eabi/11.1.0/../../../../arm-none-eabi/lib/armv6k/fpu\libg.a(lib_a-memchr-stub.o)
                0x0000000000110834                memchr
 .text.memcpy   0x0000000000110914      0x11c c:/devkitpro/devkitarm/bin/../lib/gcc/arm-none-eabi/11.1.0/../../../../arm-none-eabi/lib/armv6k/fpu\libg.a(lib_a-memcpy-stub.o)
                0x0000000000110914                memcpy
 .text.memset   0x0000000000110a30      0x118 c:/devkitpro/devkitarm/bin/../lib/gcc/arm-none-eabi/11.1.0/../../../../arm-none-eabi/lib/armv6k/fpu\libg.a(lib_a-memset.o)
                0x0000000000110a30                memset
 .text.__malloc_lock
                0x0000000000110b48        0xc c:/devkitpro/devkitarm/bin/../lib/gcc/arm-none-eabi/11.1.0/../../../../arm-none-eabi/lib/armv6k/fpu\libg.a(lib_a-mlock.o)
                0x0000000000110b48                __malloc_lock
 .text.__malloc_unlock
                0x0000000000110b54        0xc c:/devkitpro/devkitarm/bin/../lib/gcc/arm-none-eabi/11.1.0/../../../../arm-none-eabi/lib/armv6k/fpu\libg.a(lib_a-mlock.o)
                0x0000000000110b54                __malloc_unlock
 .text.printf   0x0000000000110b60       0x34 c:/devkitpro/devkitarm/bin/../lib/gcc/arm-none-eabi/11.1.0/../../../../arm-none-eabi/lib/armv6k/fpu\libg.a(lib_a-printf.o)
                0x0000000000110b60                printf
 .text.srand    0x0000000000110b94       0x1c c:/devkitpro/devkitarm/bin/../lib/gcc/arm-none-eabi/11.1.0/../../../../arm-none-eabi/lib/armv6k/fpu\libg.a(lib_a-rand.o)
                0x0000000000110b94                srand
 .text.rand     0x0000000000110bb0       0x44 c:/devkitpro/devkitarm/bin/../lib/gcc/arm-none-eabi/11.1.0/../../../../arm-none-eabi/lib/armv6k/fpu\libg.a(lib_a-rand.o)
                0x0000000000110bb0                rand
 .text.setvbuf  0x0000000000110bf4      0x260 c:/devkitpro/devkitarm/bin/../lib/gcc/arm-none-eabi/11.1.0/../../../../arm-none-eabi/lib/armv6k/fpu\libg.a(lib_a-setvbuf.o)
                0x0000000000110bf4                setvbuf
 .text.sscanf   0x0000000000110e54       0x74 c:/devkitpro/devkitarm/bin/../lib/gcc/arm-none-eabi/11.1.0/../../../../arm-none-eabi/lib/armv6k/fpu\libg.a(lib_a-sscanf.o)
                0x0000000000110e54                sscanf
 .text.__sread  0x0000000000110ec8       0x44 c:/devkitpro/devkitarm/bin/../lib/gcc/arm-none-eabi/11.1.0/../../../../arm-none-eabi/lib/armv6k/fpu\libg.a(lib_a-stdio.o)
                0x0000000000110ec8                __sread
 .text.__seofread
                0x0000000000110f0c        0x8 c:/devkitpro/devkitarm/bin/../lib/gcc/arm-none-eabi/11.1.0/../../../../arm-none-eabi/lib/armv6k/fpu\libg.a(lib_a-stdio.o)
                0x0000000000110f0c                __seofread
 .text.__swrite
                0x0000000000110f14       0x68 c:/devkitpro/devkitarm/bin/../lib/gcc/arm-none-eabi/11.1.0/../../../../arm-none-eabi/lib/armv6k/fpu\libg.a(lib_a-stdio.o)
                0x0000000000110f14                __swrite
 .text.__sseek  0x0000000000110f7c       0x48 c:/devkitpro/devkitarm/bin/../lib/gcc/arm-none-eabi/11.1.0/../../../../arm-none-eabi/lib/armv6k/fpu\libg.a(lib_a-stdio.o)
                0x0000000000110f7c                __sseek
 .text.__sclose
                0x0000000000110fc4        0x8 c:/devkitpro/devkitarm/bin/../lib/gcc/arm-none-eabi/11.1.0/../../../../arm-none-eabi/lib/armv6k/fpu\libg.a(lib_a-stdio.o)
                0x0000000000110fc4                __sclose
 .text.strchr   0x0000000000110fcc      0x12c c:/devkitpro/devkitarm/bin/../lib/gcc/arm-none-eabi/11.1.0/../../../../arm-none-eabi/lib/armv6k/fpu\libg.a(lib_a-strchr.o)
                0x0000000000110fcc                strchr
 .text.strlen   0x00000000001110f8       0x5c c:/devkitpro/devkitarm/bin/../lib/gcc/arm-none-eabi/11.1.0/../../../../arm-none-eabi/lib/armv6k/fpu\libg.a(lib_a-strlen-stub.o)
                0x00000000001110f8                strlen
 .text.strncat  0x0000000000111154       0xec c:/devkitpro/devkitarm/bin/../lib/gcc/arm-none-eabi/11.1.0/../../../../arm-none-eabi/lib/armv6k/fpu\libg.a(lib_a-strncat.o)
                0x0000000000111154                strncat
 .text.strncmp  0x0000000000111240       0xdc c:/devkitpro/devkitarm/bin/../lib/gcc/arm-none-eabi/11.1.0/../../../../arm-none-eabi/lib/armv6k/fpu\libg.a(lib_a-strncmp.o)
                0x0000000000111240                strncmp
 .text.strncpy  0x000000000011131c       0xc0 c:/devkitpro/devkitarm/bin/../lib/gcc/arm-none-eabi/11.1.0/../../../../arm-none-eabi/lib/armv6k/fpu\libg.a(lib_a-strncpy.o)
                0x000000000011131c                strncpy
 .text.strnlen  0x00000000001113dc       0x48 c:/devkitpro/devkitarm/bin/../lib/gcc/arm-none-eabi/11.1.0/../../../../arm-none-eabi/lib/armv6k/fpu\libg.a(lib_a-strnlen.o)
                0x00000000001113dc                strnlen
 .text.get_arg  0x0000000000111424       0x50 c:/devkitpro/devkitarm/bin/../lib/gcc/arm-none-eabi/11.1.0/../../../../arm-none-eabi/lib/armv6k/fpu\libg.a(lib_a-svfscanf.o)
 .text.__ssvfscanf_r
                0x0000000000111474     0x2bbc c:/devkitpro/devkitarm/bin/../lib/gcc/arm-none-eabi/11.1.0/../../../../arm-none-eabi/lib/armv6k/fpu\libg.a(lib_a-svfscanf.o)
                0x0000000000111474                __ssvfscanf_r
 .text.time     0x0000000000114030       0x3c c:/devkitpro/devkitarm/bin/../lib/gcc/arm-none-eabi/11.1.0/../../../../arm-none-eabi/lib/armv6k/fpu\libg.a(lib_a-time.o)
                0x0000000000114030                time
 .text.get_arg  0x000000000011406c      0x628 c:/devkitpro/devkitarm/bin/../lib/gcc/arm-none-eabi/11.1.0/../../../../arm-none-eabi/lib/armv6k/fpu\libg.a(lib_a-vfiprintf.o)
 .text.__sprint_r
                0x0000000000114694       0x30 c:/devkitpro/devkitarm/bin/../lib/gcc/arm-none-eabi/11.1.0/../../../../arm-none-eabi/lib/armv6k/fpu\libg.a(lib_a-vfiprintf.o)
                0x0000000000114694                __sprint_r
 .text._vfiprintf_r
                0x00000000001146c4     0x233c c:/devkitpro/devkitarm/bin/../lib/gcc/arm-none-eabi/11.1.0/../../../../arm-none-eabi/lib/armv6k/fpu\libg.a(lib_a-vfiprintf.o)
                0x00000000001146c4                _vfiprintf_r
 .text.__sbprintf
                0x0000000000116a00       0xd4 c:/devkitpro/devkitarm/bin/../lib/gcc/arm-none-eabi/11.1.0/../../../../arm-none-eabi/lib/armv6k/fpu\libg.a(lib_a-vfiprintf.o)
 .text.get_arg  0x0000000000116ad4      0x628 c:/devkitpro/devkitarm/bin/../lib/gcc/arm-none-eabi/11.1.0/../../../../arm-none-eabi/lib/armv6k/fpu\libg.a(lib_a-vfprintf.o)
 *fill*         0x00000000001170fc        0x4 
 .text._vfprintf_r
                0x0000000000117100     0x3684 c:/devkitpro/devkitarm/bin/../lib/gcc/arm-none-eabi/11.1.0/../../../../arm-none-eabi/lib/armv6k/fpu\libg.a(lib_a-vfprintf.o)
                0x0000000000117100                _vfprintf_r
 .text.__sbprintf
                0x000000000011a784       0xd4 c:/devkitpro/devkitarm/bin/../lib/gcc/arm-none-eabi/11.1.0/../../../../arm-none-eabi/lib/armv6k/fpu\libg.a(lib_a-vfprintf.o)
 .text._wcrtomb_r
                0x000000000011a858       0x54 c:/devkitpro/devkitarm/bin/../lib/gcc/arm-none-eabi/11.1.0/../../../../arm-none-eabi/lib/armv6k/fpu\libg.a(lib_a-wcrtomb.o)
                0x000000000011a858                _wcrtomb_r
 .text._wcsrtombs_r
                0x000000000011a8ac       0x28 c:/devkitpro/devkitarm/bin/../lib/gcc/arm-none-eabi/11.1.0/../../../../arm-none-eabi/lib/armv6k/fpu\libg.a(lib_a-wcsrtombs.o)
                0x000000000011a8ac                _wcsrtombs_r
 .text.__swsetup_r
                0x000000000011a8d4      0x154 c:/devkitpro/devkitarm/bin/../lib/gcc/arm-none-eabi/11.1.0/../../../../arm-none-eabi/lib/armv6k/fpu\libg.a(lib_a-wsetup.o)
                0x000000000011a8d4                __swsetup_r
 .text.__call_exitprocs
                0x000000000011aa28      0x114 c:/devkitpro/devkitarm/bin/../lib/gcc/arm-none-eabi/11.1.0/../../../../arm-none-eabi/lib/armv6k/fpu\libg.a(lib_a-__call_atexit.o)
                0x000000000011aa28                __call_exitprocs
 .text.quorem   0x000000000011ab3c      0x1ac c:/devkitpro/devkitarm/bin/../lib/gcc/arm-none-eabi/11.1.0/../../../../arm-none-eabi/lib/armv6k/fpu\libg.a(lib_a-dtoa.o)
 .text._dtoa_r  0x000000000011ace8     0x12cc c:/devkitpro/devkitarm/bin/../lib/gcc/arm-none-eabi/11.1.0/../../../../arm-none-eabi/lib/armv6k/fpu\libg.a(lib_a-dtoa.o)
                0x000000000011ace8                _dtoa_r
 .text.__sflush_r
                0x000000000011bfb4      0x258 c:/devkitpro/devkitarm/bin/../lib/gcc/arm-none-eabi/11.1.0/../../../../arm-none-eabi/lib/armv6k/fpu\libg.a(lib_a-fflush.o)
                0x000000000011bfb4                __sflush_r
 .text._fflush_r
                0x000000000011c20c       0x94 c:/devkitpro/devkitarm/bin/../lib/gcc/arm-none-eabi/11.1.0/../../../../arm-none-eabi/lib/armv6k/fpu\libg.a(lib_a-fflush.o)
                0x000000000011c20c                _fflush_r
 .text._cleanup_r
                0x000000000011c2a0        0xc c:/devkitpro/devkitarm/bin/../lib/gcc/arm-none-eabi/11.1.0/../../../../arm-none-eabi/lib/armv6k/fpu\libg.a(lib_a-findfp.o)
                0x000000000011c2a0                _cleanup_r
 .text.__sinit  0x000000000011c2ac      0x184 c:/devkitpro/devkitarm/bin/../lib/gcc/arm-none-eabi/11.1.0/../../../../arm-none-eabi/lib/armv6k/fpu\libg.a(lib_a-findfp.o)
                0x000000000011c2ac                __sinit
 .text.__sfp_lock_acquire
                0x000000000011c430        0xc c:/devkitpro/devkitarm/bin/../lib/gcc/arm-none-eabi/11.1.0/../../../../arm-none-eabi/lib/armv6k/fpu\libg.a(lib_a-findfp.o)
                0x000000000011c430                __sfp_lock_acquire
 .text.__sfp_lock_release
                0x000000000011c43c        0xc c:/devkitpro/devkitarm/bin/../lib/gcc/arm-none-eabi/11.1.0/../../../../arm-none-eabi/lib/armv6k/fpu\libg.a(lib_a-findfp.o)
                0x000000000011c43c                __sfp_lock_release
 .text._malloc_trim_r
                0x000000000011c448       0xf8 c:/devkitpro/devkitarm/bin/../lib/gcc/arm-none-eabi/11.1.0/../../../../arm-none-eabi/lib/armv6k/fpu\libg.a(lib_a-freer.o)
                0x000000000011c448                _malloc_trim_r
 .text._free_r  0x000000000011c540      0x2e4 c:/devkitpro/devkitarm/bin/../lib/gcc/arm-none-eabi/11.1.0/../../../../arm-none-eabi/lib/armv6k/fpu\libg.a(lib_a-freer.o)
                0x000000000011c540                _free_r
 .text.__sfvwrite_r
                0x000000000011c824      0x4c0 c:/devkitpro/devkitarm/bin/../lib/gcc/arm-none-eabi/11.1.0/../../../../arm-none-eabi/lib/armv6k/fpu\libg.a(lib_a-fvwrite.o)
                0x000000000011c824                __sfvwrite_r
 .text._fwalk_reent
                0x000000000011cce4       0x70 c:/devkitpro/devkitarm/bin/../lib/gcc/arm-none-eabi/11.1.0/../../../../arm-none-eabi/lib/armv6k/fpu\libg.a(lib_a-fwalk.o)
                0x000000000011cce4                _fwalk_reent
 .text.iswspace
                0x000000000011cd54        0x8 c:/devkitpro/devkitarm/bin/../lib/gcc/arm-none-eabi/11.1.0/../../../../arm-none-eabi/lib/armv6k/fpu\libg.a(lib_a-iswspace.o)
                0x000000000011cd54                iswspace
 .text._localeconv_r
                0x000000000011cd5c        0xc c:/devkitpro/devkitarm/bin/../lib/gcc/arm-none-eabi/11.1.0/../../../../arm-none-eabi/lib/armv6k/fpu\libg.a(lib_a-localeconv.o)
                0x000000000011cd5c                _localeconv_r
 .text.__locale_mb_cur_max
                0x000000000011cd68       0x10 c:/devkitpro/devkitarm/bin/../lib/gcc/arm-none-eabi/11.1.0/../../../../arm-none-eabi/lib/armv6k/fpu\libg.a(lib_a-locale.o)
                0x000000000011cd68                __locale_mb_cur_max
 .text.__smakebuf_r
                0x000000000011cd78      0x138 c:/devkitpro/devkitarm/bin/../lib/gcc/arm-none-eabi/11.1.0/../../../../arm-none-eabi/lib/armv6k/fpu\libg.a(lib_a-makebuf.o)
                0x000000000011cd78                __smakebuf_r
 .text.__swhatbuf_r
                0x000000000011ceb0       0x8c c:/devkitpro/devkitarm/bin/../lib/gcc/arm-none-eabi/11.1.0/../../../../arm-none-eabi/lib/armv6k/fpu\libg.a(lib_a-makebuf.o)
                0x000000000011ceb0                __swhatbuf_r
 .text._mbrtowc_r
                0x000000000011cf3c       0x68 c:/devkitpro/devkitarm/bin/../lib/gcc/arm-none-eabi/11.1.0/../../../../arm-none-eabi/lib/armv6k/fpu\libg.a(lib_a-mbrtowc.o)
                0x000000000011cf3c                _mbrtowc_r
 .text.__utf8_mbtowc
                0x000000000011cfa4      0x2e4 c:/devkitpro/devkitarm/bin/../lib/gcc/arm-none-eabi/11.1.0/../../../../arm-none-eabi/lib/armv6k/fpu\libg.a(lib_a-mbtowc_r.o)
                0x000000000011cfa4                __utf8_mbtowc
 .text.memmove  0x000000000011d288      0x154 c:/devkitpro/devkitarm/bin/../lib/gcc/arm-none-eabi/11.1.0/../../../../arm-none-eabi/lib/armv6k/fpu\libg.a(lib_a-memmove.o)
                0x000000000011d288                memmove
 .text._Balloc  0x000000000011d3dc       0x88 c:/devkitpro/devkitarm/bin/../lib/gcc/arm-none-eabi/11.1.0/../../../../arm-none-eabi/lib/armv6k/fpu\libg.a(lib_a-mprec.o)
                0x000000000011d3dc                _Balloc
 .text._Bfree   0x000000000011d464       0x1c c:/devkitpro/devkitarm/bin/../lib/gcc/arm-none-eabi/11.1.0/../../../../arm-none-eabi/lib/armv6k/fpu\libg.a(lib_a-mprec.o)
                0x000000000011d464                _Bfree
 .text.__multadd
                0x000000000011d480       0xf4 c:/devkitpro/devkitarm/bin/../lib/gcc/arm-none-eabi/11.1.0/../../../../arm-none-eabi/lib/armv6k/fpu\libg.a(lib_a-mprec.o)
                0x000000000011d480                __multadd
 .text.__s2b    0x000000000011d574      0x110 c:/devkitpro/devkitarm/bin/../lib/gcc/arm-none-eabi/11.1.0/../../../../arm-none-eabi/lib/armv6k/fpu\libg.a(lib_a-mprec.o)
                0x000000000011d574                __s2b
 .text.__hi0bits
                0x000000000011d684       0x58 c:/devkitpro/devkitarm/bin/../lib/gcc/arm-none-eabi/11.1.0/../../../../arm-none-eabi/lib/armv6k/fpu\libg.a(lib_a-mprec.o)
                0x000000000011d684                __hi0bits
 .text.__lo0bits
                0x000000000011d6dc       0x94 c:/devkitpro/devkitarm/bin/../lib/gcc/arm-none-eabi/11.1.0/../../../../arm-none-eabi/lib/armv6k/fpu\libg.a(lib_a-mprec.o)
                0x000000000011d6dc                __lo0bits
 .text.__i2b    0x000000000011d770       0xa4 c:/devkitpro/devkitarm/bin/../lib/gcc/arm-none-eabi/11.1.0/../../../../arm-none-eabi/lib/armv6k/fpu\libg.a(lib_a-mprec.o)
                0x000000000011d770                __i2b
 .text.__multiply
                0x000000000011d814      0x204 c:/devkitpro/devkitarm/bin/../lib/gcc/arm-none-eabi/11.1.0/../../../../arm-none-eabi/lib/armv6k/fpu\libg.a(lib_a-mprec.o)
                0x000000000011d814                __multiply
 .text.__pow5mult
                0x000000000011da18      0x120 c:/devkitpro/devkitarm/bin/../lib/gcc/arm-none-eabi/11.1.0/../../../../arm-none-eabi/lib/armv6k/fpu\libg.a(lib_a-mprec.o)
                0x000000000011da18                __pow5mult
 .text.__lshift
                0x000000000011db38      0x13c c:/devkitpro/devkitarm/bin/../lib/gcc/arm-none-eabi/11.1.0/../../../../arm-none-eabi/lib/armv6k/fpu\libg.a(lib_a-mprec.o)
                0x000000000011db38                __lshift
 .text.__mcmp   0x000000000011dc74       0x58 c:/devkitpro/devkitarm/bin/../lib/gcc/arm-none-eabi/11.1.0/../../../../arm-none-eabi/lib/armv6k/fpu\libg.a(lib_a-mprec.o)
                0x000000000011dc74                __mcmp
 .text.__mdiff  0x000000000011dccc      0x1cc c:/devkitpro/devkitarm/bin/../lib/gcc/arm-none-eabi/11.1.0/../../../../arm-none-eabi/lib/armv6k/fpu\libg.a(lib_a-mprec.o)
                0x000000000011dccc                __mdiff
 .text.__ulp    0x000000000011de98       0x74 c:/devkitpro/devkitarm/bin/../lib/gcc/arm-none-eabi/11.1.0/../../../../arm-none-eabi/lib/armv6k/fpu\libg.a(lib_a-mprec.o)
                0x000000000011de98                __ulp
 .text.__b2d    0x000000000011df0c       0xd0 c:/devkitpro/devkitarm/bin/../lib/gcc/arm-none-eabi/11.1.0/../../../../arm-none-eabi/lib/armv6k/fpu\libg.a(lib_a-mprec.o)
                0x000000000011df0c                __b2d
 .text.__d2b    0x000000000011dfdc      0x124 c:/devkitpro/devkitarm/bin/../lib/gcc/arm-none-eabi/11.1.0/../../../../arm-none-eabi/lib/armv6k/fpu\libg.a(lib_a-mprec.o)
                0x000000000011dfdc                __d2b
 .text.__ratio  0x000000000011e100       0x78 c:/devkitpro/devkitarm/bin/../lib/gcc/arm-none-eabi/11.1.0/../../../../arm-none-eabi/lib/armv6k/fpu\libg.a(lib_a-mprec.o)
                0x000000000011e100                __ratio
 .text.__copybits
                0x000000000011e178       0x88 c:/devkitpro/devkitarm/bin/../lib/gcc/arm-none-eabi/11.1.0/../../../../arm-none-eabi/lib/armv6k/fpu\libg.a(lib_a-mprec.o)
                0x000000000011e178                __copybits
 .text.__any_on
                0x000000000011e200       0x5c c:/devkitpro/devkitarm/bin/../lib/gcc/arm-none-eabi/11.1.0/../../../../arm-none-eabi/lib/armv6k/fpu\libg.a(lib_a-mprec.o)
                0x000000000011e200                __any_on
 .text.realloc  0x000000000011e25c       0x28 c:/devkitpro/devkitarm/bin/../lib/gcc/arm-none-eabi/11.1.0/../../../../arm-none-eabi/lib/armv6k/fpu\libg.a(lib_a-realloc.o)
                0x000000000011e25c                realloc
 .text._realloc_r
                0x000000000011e284      0x558 c:/devkitpro/devkitarm/bin/../lib/gcc/arm-none-eabi/11.1.0/../../../../arm-none-eabi/lib/armv6k/fpu\libg.a(lib_a-reallocr.o)
                0x000000000011e284                _realloc_r
 .text.__sccl   0x000000000011e7dc       0xe4 c:/devkitpro/devkitarm/bin/../lib/gcc/arm-none-eabi/11.1.0/../../../../arm-none-eabi/lib/armv6k/fpu\libg.a(lib_a-sccl.o)
                0x000000000011e7dc                __sccl
 .text.nanf     0x000000000011e8c0        0xc c:/devkitpro/devkitarm/bin/../lib/gcc/arm-none-eabi/11.1.0/../../../../arm-none-eabi/lib/armv6k/fpu\libg.a(lib_a-sf_nan.o)
                0x000000000011e8c0                nanf
 *fill*         0x000000000011e8cc        0x4 
 .text.frexp    0x000000000011e8d0       0xa8 c:/devkitpro/devkitarm/bin/../lib/gcc/arm-none-eabi/11.1.0/../../../../arm-none-eabi/lib/armv6k/fpu\libg.a(lib_a-s_frexp.o)
                0x000000000011e8d0                frexp
 .text.sprintf  0x000000000011e978       0x64 c:/devkitpro/devkitarm/bin/../lib/gcc/arm-none-eabi/11.1.0/../../../../arm-none-eabi/lib/armv6k/fpu\libg.a(lib_a-sprintf.o)
                0x000000000011e978                sprintf
 .text.stpncpy  0x000000000011e9dc       0xb8 c:/devkitpro/devkitarm/bin/../lib/gcc/arm-none-eabi/11.1.0/../../../../arm-none-eabi/lib/armv6k/fpu\libg.a(lib_a-stpncpy.o)
                0x000000000011e9dc                stpncpy
 *fill*         0x000000000011ea94        0x4 
 .text._strtod_l
                0x000000000011ea98     0x1368 c:/devkitpro/devkitarm/bin/../lib/gcc/arm-none-eabi/11.1.0/../../../../arm-none-eabi/lib/armv6k/fpu\libg.a(lib_a-strtod.o)
                0x000000000011ea98                _strtod_l
 .text._strtod_r
                0x000000000011fe00        0xc c:/devkitpro/devkitarm/bin/../lib/gcc/arm-none-eabi/11.1.0/../../../../arm-none-eabi/lib/armv6k/fpu\libg.a(lib_a-strtod.o)
                0x000000000011fe00                _strtod_r
 .text._strtoll_l.constprop.0
                0x000000000011fe0c      0x22c c:/devkitpro/devkitarm/bin/../lib/gcc/arm-none-eabi/11.1.0/../../../../arm-none-eabi/lib/armv6k/fpu\libg.a(lib_a-strtoll.o)
 .text._strtoll_r
                0x0000000000120038        0x4 c:/devkitpro/devkitarm/bin/../lib/gcc/arm-none-eabi/11.1.0/../../../../arm-none-eabi/lib/armv6k/fpu\libg.a(lib_a-strtoll.o)
                0x0000000000120038                _strtoll_r
 .text._strtol_l.part.0
                0x000000000012003c      0x1a4 c:/devkitpro/devkitarm/bin/../lib/gcc/arm-none-eabi/11.1.0/../../../../arm-none-eabi/lib/armv6k/fpu\libg.a(lib_a-strtol.o)
 .text._strtol_r
                0x00000000001201e0       0x3c c:/devkitpro/devkitarm/bin/../lib/gcc/arm-none-eabi/11.1.0/../../../../arm-none-eabi/lib/armv6k/fpu\libg.a(lib_a-strtol.o)
                0x00000000001201e0                _strtol_r
 .text._strtoull_l.constprop.0
                0x000000000012021c      0x244 c:/devkitpro/devkitarm/bin/../lib/gcc/arm-none-eabi/11.1.0/../../../../arm-none-eabi/lib/armv6k/fpu\libg.a(lib_a-strtoull.o)
 .text._strtoull_r
                0x0000000000120460        0x4 c:/devkitpro/devkitarm/bin/../lib/gcc/arm-none-eabi/11.1.0/../../../../arm-none-eabi/lib/armv6k/fpu\libg.a(lib_a-strtoull.o)
                0x0000000000120460                _strtoull_r
 .text._strtoul_l.constprop.0
                0x0000000000120464      0x1c4 c:/devkitpro/devkitarm/bin/../lib/gcc/arm-none-eabi/11.1.0/../../../../arm-none-eabi/lib/armv6k/fpu\libg.a(lib_a-strtoul.o)
 .text._strtoul_r
                0x0000000000120628        0x4 c:/devkitpro/devkitarm/bin/../lib/gcc/arm-none-eabi/11.1.0/../../../../arm-none-eabi/lib/armv6k/fpu\libg.a(lib_a-strtoul.o)
                0x0000000000120628                _strtoul_r
 .text.__ssprint_r
                0x000000000012062c      0x190 c:/devkitpro/devkitarm/bin/../lib/gcc/arm-none-eabi/11.1.0/../../../../arm-none-eabi/lib/armv6k/fpu\libg.a(lib_a-svfiprintf.o)
                0x000000000012062c                __ssprint_r
 .text._sungetc_r
                0x00000000001207bc       0xe0 c:/devkitpro/devkitarm/bin/../lib/gcc/arm-none-eabi/11.1.0/../../../../arm-none-eabi/lib/armv6k/fpu\libg.a(lib_a-svfiscanf.o)
                0x00000000001207bc                _sungetc_r
 .text.__ssrefill_r
                0x000000000012089c       0x6c c:/devkitpro/devkitarm/bin/../lib/gcc/arm-none-eabi/11.1.0/../../../../arm-none-eabi/lib/armv6k/fpu\libg.a(lib_a-svfiscanf.o)
                0x000000000012089c                __ssrefill_r
 .text._sfread_r
                0x0000000000120908       0xc8 c:/devkitpro/devkitarm/bin/../lib/gcc/arm-none-eabi/11.1.0/../../../../arm-none-eabi/lib/armv6k/fpu\libg.a(lib_a-svfiscanf.o)
                0x0000000000120908                _sfread_r
 .text.get_arg  0x00000000001209d0      0x628 c:/devkitpro/devkitarm/bin/../lib/gcc/arm-none-eabi/11.1.0/../../../../arm-none-eabi/lib/armv6k/fpu\libg.a(lib_a-svfprintf.o)
 .text._svfprintf_r
                0x0000000000120ff8     0x35b8 c:/devkitpro/devkitarm/bin/../lib/gcc/arm-none-eabi/11.1.0/../../../../arm-none-eabi/lib/armv6k/fpu\libg.a(lib_a-svfprintf.o)
                0x0000000000120ff8                _svfprintf_r
 .text.__submore
                0x00000000001245b0       0xa8 c:/devkitpro/devkitarm/bin/../lib/gcc/arm-none-eabi/11.1.0/../../../../arm-none-eabi/lib/armv6k/fpu\libg.a(lib_a-ungetc.o)
                0x00000000001245b0                __submore
 .text._wcsnrtombs_l
                0x0000000000124658      0x190 c:/devkitpro/devkitarm/bin/../lib/gcc/arm-none-eabi/11.1.0/../../../../arm-none-eabi/lib/armv6k/fpu\libg.a(lib_a-wcsnrtombs.o)
                0x0000000000124658                _wcsnrtombs_l
 .text._wcsnrtombs_r
                0x00000000001247e8       0x4c c:/devkitpro/devkitarm/bin/../lib/gcc/arm-none-eabi/11.1.0/../../../../arm-none-eabi/lib/armv6k/fpu\libg.a(lib_a-wcsnrtombs.o)
                0x00000000001247e8                _wcsnrtombs_r
 .text.__utf8_wctomb
                0x0000000000124834       0xf0 c:/devkitpro/devkitarm/bin/../lib/gcc/arm-none-eabi/11.1.0/../../../../arm-none-eabi/lib/armv6k/fpu\libg.a(lib_a-wctomb_r.o)
                0x0000000000124834                __utf8_wctomb
 .text.__assert_func
                0x0000000000124924       0x54 c:/devkitpro/devkitarm/bin/../lib/gcc/arm-none-eabi/11.1.0/../../../../arm-none-eabi/lib/armv6k/fpu\libg.a(lib_a-assert.o)
                0x0000000000124924                __assert_func
 .text._fclose_r
                0x0000000000124978      0x160 c:/devkitpro/devkitarm/bin/../lib/gcc/arm-none-eabi/11.1.0/../../../../arm-none-eabi/lib/armv6k/fpu\libg.a(lib_a-fclose.o)
                0x0000000000124978                _fclose_r
 .text.fiprintf
                0x0000000000124ad8       0x3c c:/devkitpro/devkitarm/bin/../lib/gcc/arm-none-eabi/11.1.0/../../../../arm-none-eabi/lib/armv6k/fpu\libg.a(lib_a-fiprintf.o)
                0x0000000000124ad8                fiprintf
 .text.rshift   0x0000000000124b14       0xec c:/devkitpro/devkitarm/bin/../lib/gcc/arm-none-eabi/11.1.0/../../../../arm-none-eabi/lib/armv6k/fpu\libg.a(lib_a-gdtoa-gethex.o)
 .text.__gethex
                0x0000000000124c00      0x904 c:/devkitpro/devkitarm/bin/../lib/gcc/arm-none-eabi/11.1.0/../../../../arm-none-eabi/lib/armv6k/fpu\libg.a(lib_a-gdtoa-gethex.o)
                0x0000000000124c00                __gethex
 .text.__match  0x0000000000125504       0x4c c:/devkitpro/devkitarm/bin/../lib/gcc/arm-none-eabi/11.1.0/../../../../arm-none-eabi/lib/armv6k/fpu\libg.a(lib_a-gdtoa-hexnan.o)
                0x0000000000125504                __match
 .text.__hexnan
                0x0000000000125550      0x29c c:/devkitpro/devkitarm/bin/../lib/gcc/arm-none-eabi/11.1.0/../../../../arm-none-eabi/lib/armv6k/fpu\libg.a(lib_a-gdtoa-hexnan.o)
                0x0000000000125550                __hexnan
 .text.iswspace_l
                0x00000000001257ec       0x3c c:/devkitpro/devkitarm/bin/../lib/gcc/arm-none-eabi/11.1.0/../../../../arm-none-eabi/lib/armv6k/fpu\libg.a(lib_a-iswspace_l.o)
                0x00000000001257ec                iswspace_l
 .text.__jp2uc  0x0000000000125828      0x1d4 c:/devkitpro/devkitarm/bin/../lib/gcc/arm-none-eabi/11.1.0/../../../../arm-none-eabi/lib/armv6k/fpu\libg.a(lib_a-jp2uc.o)
 .text._jp2uc_l
                0x00000000001259fc       0x9c c:/devkitpro/devkitarm/bin/../lib/gcc/arm-none-eabi/11.1.0/../../../../arm-none-eabi/lib/armv6k/fpu\libg.a(lib_a-jp2uc.o)
                0x00000000001259fc                _jp2uc_l
 .text.nan      0x0000000000125a98       0x10 c:/devkitpro/devkitarm/bin/../lib/gcc/arm-none-eabi/11.1.0/../../../../arm-none-eabi/lib/armv6k/fpu\libg.a(lib_a-s_nan.o)
                0x0000000000125a98                nan
 .text.abort    0x0000000000125aa8       0x14 c:/devkitpro/devkitarm/bin/../lib/gcc/arm-none-eabi/11.1.0/../../../../arm-none-eabi/lib/armv6k/fpu\libg.a(lib_a-abort.o)
                0x0000000000125aa8                abort
 .text.category
                0x0000000000125abc       0x84 c:/devkitpro/devkitarm/bin/../lib/gcc/arm-none-eabi/11.1.0/../../../../arm-none-eabi/lib/armv6k/fpu\libg.a(lib_a-categories.o)
                0x0000000000125abc                category
 .text._raise_r
                0x0000000000125b40       0x98 c:/devkitpro/devkitarm/bin/../lib/gcc/arm-none-eabi/11.1.0/../../../../arm-none-eabi/lib/armv6k/fpu\libg.a(lib_a-signal.o)
                0x0000000000125b40                _raise_r
 .text.raise    0x0000000000125bd8       0x20 c:/devkitpro/devkitarm/bin/../lib/gcc/arm-none-eabi/11.1.0/../../../../arm-none-eabi/lib/armv6k/fpu\libg.a(lib_a-signal.o)
                0x0000000000125bd8                raise
 .text.null_write
                0x0000000000125bf8        0x8 c:/devkitpro/devkitarm/bin/../lib/gcc/arm-none-eabi/11.1.0/../../../../arm-none-eabi/lib/armv6k/fpu\libsysbase.a(iosupport.o)
 .text.setDefaultDevice
                0x0000000000125c00       0x18 c:/devkitpro/devkitarm/bin/../lib/gcc/arm-none-eabi/11.1.0/../../../../arm-none-eabi/lib/armv6k/fpu\libsysbase.a(iosupport.o)
                0x0000000000125c00                setDefaultDevice
 .text.FindDevice
                0x0000000000125c18       0xc8 c:/devkitpro/devkitarm/bin/../lib/gcc/arm-none-eabi/11.1.0/../../../../arm-none-eabi/lib/armv6k/fpu\libsysbase.a(iosupport.o)
                0x0000000000125c18                FindDevice
 .text.RemoveDevice
                0x0000000000125ce0       0x28 c:/devkitpro/devkitarm/bin/../lib/gcc/arm-none-eabi/11.1.0/../../../../arm-none-eabi/lib/armv6k/fpu\libsysbase.a(iosupport.o)
                0x0000000000125ce0                RemoveDevice
 .text.AddDevice
                0x0000000000125d08       0x9c c:/devkitpro/devkitarm/bin/../lib/gcc/arm-none-eabi/11.1.0/../../../../arm-none-eabi/lib/armv6k/fpu\libsysbase.a(iosupport.o)
                0x0000000000125d08                AddDevice
 .text.GetDeviceOpTab
                0x0000000000125da4       0x20 c:/devkitpro/devkitarm/bin/../lib/gcc/arm-none-eabi/11.1.0/../../../../arm-none-eabi/lib/armv6k/fpu\libsysbase.a(iosupport.o)
                0x0000000000125da4                GetDeviceOpTab
 .text._fstat_r
                0x0000000000125dc4       0x78 c:/devkitpro/devkitarm/bin/../lib/gcc/arm-none-eabi/11.1.0/../../../../arm-none-eabi/lib/armv6k/fpu\libsysbase.a(fstat.o)
                0x0000000000125dc4                _fstat_r
 .text._getpid_r
                0x0000000000125e3c       0x14 c:/devkitpro/devkitarm/bin/../lib/gcc/arm-none-eabi/11.1.0/../../../../arm-none-eabi/lib/armv6k/fpu\libsysbase.a(getpid.o)
                0x0000000000125e3c                _getpid_r
 .text._gettimeofday_r
                0x0000000000125e50       0x38 c:/devkitpro/devkitarm/bin/../lib/gcc/arm-none-eabi/11.1.0/../../../../arm-none-eabi/lib/armv6k/fpu\libsysbase.a(gettod.o)
                0x0000000000125e50                _gettimeofday_r