Archive member included to satisfy reference by file (symbol)

C:/devkitPro/libctru/lib\libcitro2d.a(base.o)
                              main.o (C2D_Init)
C:/devkitPro/libctru/lib\libcitro2d.a(render2d.shbin.o)
                              C:/devkitPro/libctru/lib\libcitro2d.a(base.o) (render2d_shbin)
C:/devkitPro/libctru/lib\libcitro3d.a(base.o)
                              main.o (C3D_Init)
C:/devkitPro/libctru/lib\libcitro3d.a(renderqueue.o)
                              C:/devkitPro/libctru/lib\libcitro3d.a(base.o) (C3Di_RenderQueueEnableVBlank)
C:/devkitPro/libctru/lib\libcitro3d.a(texture.o)
                              C:/devkitPro/libctru/lib\libcitro2d.a(base.o) (C3D_TexBind)
C:/devkitPro/libctru/lib\libcitro3d.a(framebuffer.o)
                              C:/devkitPro/libctru/lib\libcitro3d.a(renderqueue.o) (C3D_CalcColorBufSize)
C:/devkitPro/libctru/lib\libcitro3d.a(texenv.o)
                              C:/devkitPro/libctru/lib\libcitro2d.a(base.o) (C3D_GetTexEnv)
C:/devkitPro/libctru/lib\libcitro3d.a(proctex.o)
                              C:/devkitPro/libctru/lib\libcitro2d.a(base.o) (C3D_ProcTexInit)
C:/devkitPro/libctru/lib\libcitro3d.a(buffers.o)
                              C:/devkitPro/libctru/lib\libcitro2d.a(base.o) (BufInfo_Init)
C:/devkitPro/libctru/lib\libcitro3d.a(drawArrays.o)
                              C:/devkitPro/libctru/lib\libcitro2d.a(base.o) (C3D_DrawArrays)
C:/devkitPro/libctru/lib\libcitro3d.a(effect.o)
                              C:/devkitPro/libctru/lib\libcitro3d.a(base.o) (C3D_DepthMap)
C:/devkitPro/libctru/lib\libcitro3d.a(attribs.o)
                              C:/devkitPro/libctru/lib\libcitro2d.a(base.o) (AttrInfo_Init)
C:/devkitPro/libctru/lib\libcitro3d.a(immediate.o)
                              C:/devkitPro/libctru/lib\libcitro3d.a(base.o) (C3D_ImmSendAttrib)
C:/devkitPro/libctru/lib\libcitro3d.a(uniforms.o)
                              C:/devkitPro/libctru/lib\libcitro3d.a(base.o) (C3D_UpdateUniforms)
C:/devkitPro/libctru/lib\libcitro3d.a(mtx_ortho.o)
                              C:/devkitPro/libctru/lib\libcitro2d.a(base.o) (Mtx_Ortho)
C:/devkitPro/libctru/lib\libcitro3d.a(mtx_scale.o)
                              C:/devkitPro/libctru/lib\libcitro2d.a(base.o) (Mtx_Scale)
C:/devkitPro/libctru/lib\libcitro3d.a(mtx_multiply.o)
                              C:/devkitPro/libctru/lib\libcitro2d.a(base.o) (Mtx_Multiply)
C:/devkitPro/libctru/lib\libcitro3d.a(mtx_orthotilt.o)
                              C:/devkitPro/libctru/lib\libcitro2d.a(base.o) (Mtx_OrthoTilt)
C:/devkitPro/libctru/lib\libcitro3d.a(mtx_translate.o)
                              C:/devkitPro/libctru/lib\libcitro2d.a(base.o) (Mtx_Translate)
C:/devkitPro/libctru/lib\libcitro3d.a(mtx_rotatez.o)
                              C:/devkitPro/libctru/lib\libcitro2d.a(base.o) (Mtx_RotateZ)
C:/devkitPro/libctru/lib\libctru.a(vram.o)
                              C:/devkitPro/libctru/lib\libcitro3d.a(renderqueue.o) (vramAlloc)
C:/devkitPro/libctru/lib\libctru.a(linear.o)
                              C:/devkitPro/libctru/lib\libcitro2d.a(base.o) (linearAlloc)
C:/devkitPro/libctru/lib\libctru.a(mem_pool.o)
                              C:/devkitPro/libctru/lib\libctru.a(vram.o) (MemPool::Allocate(MemChunk&, unsigned long, int))
C:/devkitPro/libctru/lib\libctru.a(romfs_dev.o)
                              main.o (romfsUnmount)
C:/devkitPro/libctru/lib\libctru.a(os.o)
                              C:/devkitPro/libctru/lib\libcitro3d.a(texture.o) (osConvertVirtToPhys)
C:/devkitPro/libctru/lib\libctru.a(console.o)
                              main.o (consoleInit)
C:/devkitPro/libctru/lib\libctru.a(path_buf.o)
                              C:/devkitPro/libctru/lib\libctru.a(romfs_dev.o) (__ctru_dev_utf16_buf)
C:/devkitPro/libctru/lib\libctru.a(gfx.o)
                              C:/devkitPro/libctru/lib\libcitro2d.a(base.o) (gfxIsWide)
C:/devkitPro/libctru/lib\libctru.a(shaderProgram.o)
                              C:/devkitPro/libctru/lib\libcitro2d.a(base.o) (shaderInstanceGetUniformLocation)
C:/devkitPro/libctru/lib\libctru.a(shbin.o)
                              C:/devkitPro/libctru/lib\libcitro2d.a(base.o) (DVLB_ParseFile)
C:/devkitPro/libctru/lib\libctru.a(gx.o)
                              C:/devkitPro/libctru/lib\libcitro3d.a(renderqueue.o) (GX_BindQueue)
C:/devkitPro/libctru/lib\libctru.a(gxqueue.o)
                              C:/devkitPro/libctru/lib\libcitro3d.a(renderqueue.o) (gxCmdQueueClear)
C:/devkitPro/libctru/lib\libctru.a(gpu.o)
                              C:/devkitPro/libctru/lib\libcitro3d.a(base.o) (GPUCMD_Add)
C:/devkitPro/libctru/lib\libctru.a(gspgpu.o)
                              C:/devkitPro/libctru/lib\libctru.a(gfx.o) (gspInit)
C:/devkitPro/libctru/lib\libctru.a(apt.o)
                              C:/devkitPro/libctru/lib\libcitro3d.a(base.o) (aptHook)
C:/devkitPro/libctru/lib\libctru.a(hid.o)
                              main.o (hidScanInput)
[...]
Memory Configuration

Name             Origin             Length             Attributes
*default*        0x0000000000000000 0xffffffffffffffff

Linker script and memory map

                0x0000000000100000                PROVIDE (__start__ = 0x100000)
                0x0000000000100000                . = __start__

.text           0x0000000000100000    0x264c4
 *(.crt0)
 .crt0          0x0000000000100000       0x94 c:/devkitpro/devkitarm/bin/../lib/gcc/arm-none-eabi/11.1.0/../../../../arm-none-eabi/lib/armv6k/fpu/3dsx_crt0.o
                0x0000000000100000                _start
                0x0000000000100008                __service_ptr
                0x000000000010000c                __apt_appid
                0x0000000000100010                __heap_size
                0x0000000000100014                __linear_heap_size
                0x0000000000100018                __system_arglist
                0x000000000010001c                __system_runflags
 *(.init)
 .init          0x0000000000100094        0xc c:/devkitpro/devkitarm/bin/../lib/gcc/arm-none-eabi/11.1.0/armv6k/fpu/crti.o
                0x0000000000100094                _init
 .init          0x00000000001000a0        0xc c:/devkitpro/devkitarm/bin/../lib/gcc/arm-none-eabi/11.1.0/armv6k/fpu/crtn.o
                0x00000000001000ac                . = ALIGN (0x4)
 *(.text)
 .text          0x00000000001000ac      0x20c c:/devkitpro/devkitarm/bin/../lib/gcc/arm-none-eabi/11.1.0/armv6k/fpu\libgcc.a(_udivsi3.o)
                0x00000000001000ac                __aeabi_uidiv
                0x00000000001000ac                __udivsi3
                0x0000000000100298                __aeabi_uidivmod
 .text          0x00000000001002b8      0x240 c:/devkitpro/devkitarm/bin/../lib/gcc/arm-none-eabi/11.1.0/armv6k/fpu\libgcc.a(_divsi3.o)
                0x00000000001002b8                __divsi3
                0x00000000001002b8                __aeabi_idiv
                0x00000000001004d8                __aeabi_idivmod
 .text          0x00000000001004f8        0x4 c:/devkitpro/devkitarm/bin/../lib/gcc/arm-none-eabi/11.1.0/armv6k/fpu\libgcc.a(_dvmd_tls.o)
                0x00000000001004f8                __aeabi_idiv0
                0x00000000001004f8                __aeabi_ldiv0
 .text          0x00000000001004fc      0x3c0 c:/devkitpro/devkitarm/bin/../lib/gcc/arm-none-eabi/11.1.0/armv6k/fpu\libgcc.a(_arm_addsubdf3.o)
                0x00000000001004fc                __aeabi_drsub
                0x0000000000100504                __aeabi_dsub
                0x0000000000100504                __subdf3
                0x0000000000100508                __aeabi_dadd
                0x0000000000100508                __adddf3
                0x00000000001007b4                __floatunsidf
                0x00000000001007b4                __aeabi_ui2d
                0x00000000001007d8                __floatsidf
                0x00000000001007d8                __aeabi_i2d
                0x0000000000100800                __aeabi_f2d
                0x0000000000100800                __extendsfdf2
                0x0000000000100848                __floatundidf
                0x0000000000100848                __aeabi_ul2d
                0x000000000010085c                __floatdidf
                0x000000000010085c                __aeabi_l2d
 .text          0x00000000001008bc       0xd4 c:/devkitpro/devkitarm/bin/../lib/gcc/arm-none-eabi/11.1.0/armv6k/fpu\libgcc.a(_aeabi_ldivmod.o)
                0x00000000001008bc                __aeabi_ldivmod
 .text          0x0000000000100990       0x3c c:/devkitpro/devkitarm/bin/../lib/gcc/arm-none-eabi/11.1.0/armv6k/fpu\libgcc.a(_aeabi_uldivmod.o)
                0x0000000000100990                __aeabi_uldivmod
 *fill*         0x00000000001009cc       0x14 
 .text          0x00000000001009e0      0x390 c:/devkitpro/devkitarm/bin/../lib/gcc/arm-none-eabi/11.1.0/../../../../arm-none-eabi/lib/armv6k/fpu\libg.a(lib_a-strcmp.o)
                0x00000000001009e8                strcmp
 *(.text.*)
 .text.__do_global_dtors_aux
                0x0000000000100d70       0x40 c:/devkitpro/devkitarm/bin/../lib/gcc/arm-none-eabi/11.1.0/armv6k/fpu/crtbegin.o
 .text.frame_dummy
                0x0000000000100db0       0x2c c:/devkitpro/devkitarm/bin/../lib/gcc/arm-none-eabi/11.1.0/armv6k/fpu/crtbegin.o
 .text.GenerateRandomInt
                0x0000000000100ddc       0x30 main.o
                0x0000000000100ddc                GenerateRandomInt
 .text.DrawPlayer
                0x0000000000100e0c       0x44 main.o
                0x0000000000100e0c                DrawPlayer
 .text.SetEnemy
                0x0000000000100e50       0x98 main.o
                0x0000000000100e50                SetEnemy
 .text.DrawEnemy
                0x0000000000100ee8       0x44 main.o
                0x0000000000100ee8                DrawEnemy
 *fill*         0x0000000000100f2c        0x4 
 .text.startup.main
                0x0000000000100f30      0x39c main.o
                0x0000000000100f30                main
 .text.C2Di_FrameEndHook
                0x00000000001012cc       0x34 C:/devkitPro/libctru/lib\libcitro2d.a(base.o)
 .text.C2D_Init
                0x0000000000101300      0x330 C:/devkitPro/libctru/lib\libcitro2d.a(base.o)
                0x0000000000101300                C2D_Init
 .text.C2D_Fini
                0x0000000000101630       0x44 C:/devkitPro/libctru/lib\libcitro2d.a(base.o)
                0x0000000000101630                C2D_Fini
 .text.C2D_Prepare
                0x0000000000101674       0xd0 C:/devkitPro/libctru/lib\libcitro2d.a(base.o)
                0x0000000000101674                C2D_Prepare
 .text.C2D_Flush
                0x0000000000101744       0x3c C:/devkitPro/libctru/lib\libcitro2d.a(base.o)
                0x0000000000101744                C2D_Flush
 .text.C2D_SceneSize
                0x0000000000101780      0x108 C:/devkitPro/libctru/lib\libcitro2d.a(base.o)
                0x0000000000101780                C2D_SceneSize
 .text.C2D_CreateScreenTarget
                0x0000000000101888       0x58 C:/devkitPro/libctru/lib\libcitro2d.a(base.o)
                0x0000000000101888                C2D_CreateScreenTarget
 .text.C2D_TargetClear
                0x00000000001018e0       0x58 C:/devkitPro/libctru/lib\libcitro2d.a(base.o)
                0x00000000001018e0                C2D_TargetClear
 .text.C2Di_Update
                0x0000000000101938      0x22c C:/devkitPro/libctru/lib\libcitro2d.a(base.o)
                0x0000000000101938                C2Di_Update
 .text.C2D_DrawTriangle
                0x0000000000101b64      0x134 C:/devkitPro/libctru/lib\libcitro2d.a(base.o)
                0x0000000000101b64                C2D_DrawTriangle
 .text.C3Di_LightEnvUpdate
                0x0000000000101c98        0x4 C:/devkitPro/libctru/lib\libcitro3d.a(base.o)
                0x0000000000101c98                C3Di_LightEnvUpdate
 .text.C3Di_LightEnvDirty
                0x0000000000101c9c        0x4 C:/devkitPro/libctru/lib\libcitro3d.a(base.o)
                0x0000000000101c9c                C3Di_LightEnvDirty
 .text.C3Di_AptEventHook
                0x0000000000101ca0       0xb4 C:/devkitPro/libctru/lib\libcitro3d.a(base.o)
 .text.C3Di_GasUpdate
                0x0000000000101d54        0x4 C:/devkitPro/libctru/lib\libcitro3d.a(base.o)
                0x0000000000101d54                C3Di_GasUpdate
 .text.C3D_Init
                0x0000000000101d58      0x1e0 C:/devkitPro/libctru/lib\libcitro3d.a(base.o)
                0x0000000000101d58                C3D_Init
 .text.C3D_SetViewport
                0x0000000000101f38       0x98 C:/devkitPro/libctru/lib\libcitro3d.a(base.o)
                0x0000000000101f38                C3D_SetViewport
 .text.C3Di_UpdateContext
                0x0000000000101fd0      0x4ec C:/devkitPro/libctru/lib\libcitro3d.a(base.o)
                0x0000000000101fd0                C3Di_UpdateContext
 .text.C3Di_SplitFrame
                0x00000000001024bc       0xe0 C:/devkitPro/libctru/lib\libcitro3d.a(base.o)
                0x00000000001024bc                C3Di_SplitFrame
 .text.C3D_Fini
                0x000000000010259c       0x44 C:/devkitPro/libctru/lib\libcitro3d.a(base.o)
                0x000000000010259c                C3D_Fini
 .text.C3D_BindProgram
                0x00000000001025e0      0x108 C:/devkitPro/libctru/lib\libcitro3d.a(base.o)
                0x00000000001025e0                C3D_BindProgram
 .text.onVBlank0
                0x00000000001026e8       0x4c C:/devkitPro/libctru/lib\libcitro3d.a(renderqueue.o)
 .text.onVBlank1
                0x0000000000102734       0x4c C:/devkitPro/libctru/lib\libcitro3d.a(renderqueue.o)
 .text.C3Di_RenderTargetDestroy
                0x0000000000102780       0x80 C:/devkitPro/libctru/lib\libcitro3d.a(renderqueue.o)
 .text.onQueueFinish
                0x0000000000102800       0xf4 C:/devkitPro/libctru/lib\libcitro3d.a(renderqueue.o)
 .text.C3Di_RenderQueueEnableVBlank
                0x00000000001028f4       0x38 C:/devkitPro/libctru/lib\libcitro3d.a(renderqueue.o)
                0x00000000001028f4                C3Di_RenderQueueEnableVBlank
 .text.C3Di_RenderQueueDisableVBlank
                0x000000000010292c       0x30 C:/devkitPro/libctru/lib\libcitro3d.a(renderqueue.o)
                0x000000000010292c                C3Di_RenderQueueDisableVBlank
 .text.C3Di_RenderQueueInit
                0x000000000010295c       0x60 C:/devkitPro/libctru/lib\libcitro3d.a(renderqueue.o)
                0x000000000010295c                C3Di_RenderQueueInit
 .text.C3Di_RenderQueueExit
                0x00000000001029bc       0xb0 C:/devkitPro/libctru/lib\libcitro3d.a(renderqueue.o)
                0x00000000001029bc                C3Di_RenderQueueExit
 .text.C3Di_RenderQueueWaitDone
                0x0000000000102a6c       0x34 C:/devkitPro/libctru/lib\libcitro3d.a(renderqueue.o)
                0x0000000000102a6c                C3Di_RenderQueueWaitDone
 .text.C3D_FrameBegin
                0x0000000000102aa0       0xe4 C:/devkitPro/libctru/lib\libcitro3d.a(renderqueue.o)
                0x0000000000102aa0                C3D_FrameBegin
 .text.C3D_FrameDrawOn
                0x0000000000102b84       0x48 C:/devkitPro/libctru/lib\libcitro3d.a(renderqueue.o)
                0x0000000000102b84                C3D_FrameDrawOn
 .text.C3D_FrameSplit
                0x0000000000102bcc       0x58 C:/devkitPro/libctru/lib\libcitro3d.a(renderqueue.o)
                0x0000000000102bcc                C3D_FrameSplit
 .text.C3D_FrameEnd
                0x0000000000102c24      0x1d8 C:/devkitPro/libctru/lib\libcitro3d.a(renderqueue.o)
                0x0000000000102c24                C3D_FrameEnd
 .text.C3D_FrameEndHook
                0x0000000000102dfc       0x1c C:/devkitPro/libctru/lib\libcitro3d.a(renderqueue.o)
                0x0000000000102dfc                C3D_FrameEndHook
 .text.C3D_RenderTargetCreate
                0x0000000000102e18      0x128 C:/devkitPro/libctru/lib\libcitro3d.a(renderqueue.o)
                0x0000000000102e18                C3D_RenderTargetCreate
 .text.C3D_RenderTargetSetOutput
                0x0000000000102f40       0xa8 C:/devkitPro/libctru/lib\libcitro3d.a(renderqueue.o)
                0x0000000000102f40                C3D_RenderTargetSetOutput
 .text.C3D_TexBind
                0x0000000000102fe8       0x44 C:/devkitPro/libctru/lib\libcitro3d.a(texture.o)
                0x0000000000102fe8                C3D_TexBind
 .text.C3Di_SetTex
                0x000000000010302c      0x16c C:/devkitPro/libctru/lib\libcitro3d.a(texture.o)
                0x000000000010302c                C3Di_SetTex
 .text.C3D_CalcColorBufSize
                0x0000000000103198       0x1c C:/devkitPro/libctru/lib\libcitro3d.a(framebuffer.o)
                0x0000000000103198                C3D_CalcColorBufSize
 .text.C3D_CalcDepthBufSize
                0x00000000001031b4       0x1c C:/devkitPro/libctru/lib\libcitro3d.a(framebuffer.o)
                0x00000000001031b4                C3D_CalcDepthBufSize
 .text.C3D_SetFrameBuf
                0x00000000001031d0       0x44 C:/devkitPro/libctru/lib\libcitro3d.a(framebuffer.o)
                0x00000000001031d0                C3D_SetFrameBuf
 .text.C3Di_FrameBufBind
                0x0000000000103214      0x16c C:/devkitPro/libctru/lib\libcitro3d.a(framebuffer.o)
                0x0000000000103214                C3Di_FrameBufBind
 .text.C3D_FrameBufClear
                0x0000000000103380       0xcc C:/devkitPro/libctru/lib\libcitro3d.a(framebuffer.o)
                0x0000000000103380                C3D_FrameBufClear
 .text.C3D_FrameBufTransfer
                0x000000000010344c       0x44 C:/devkitPro/libctru/lib\libcitro3d.a(framebuffer.o)
                0x000000000010344c                C3D_FrameBufTransfer
 .text.C3D_GetTexEnv
                0x0000000000103490       0x34 C:/devkitPro/libctru/lib\libcitro3d.a(texenv.o)
                0x0000000000103490                C3D_GetTexEnv
 .text.C3Di_TexEnvBind
                0x00000000001034c4       0x24 C:/devkitPro/libctru/lib\libcitro3d.a(texenv.o)
                0x00000000001034c4                C3Di_TexEnvBind
 .text.C3D_ProcTexInit
                0x00000000001034e8       0x70 C:/devkitPro/libctru/lib\libcitro3d.a(proctex.o)
                0x00000000001034e8                C3D_ProcTexInit
 .text.C3D_ProcTexBind
                0x0000000000103558       0x54 C:/devkitPro/libctru/lib\libcitro3d.a(proctex.o)
                0x0000000000103558                C3D_ProcTexBind
 .text.C3D_ProcTexLutBind
                0x00000000001035ac       0x5c C:/devkitPro/libctru/lib\libcitro3d.a(proctex.o)
                0x00000000001035ac                C3D_ProcTexLutBind
 .text.ProcTexLut_FromArray
                0x0000000000103608       0xa4 C:/devkitPro/libctru/lib\libcitro3d.a(proctex.o)
                0x0000000000103608                ProcTexLut_FromArray
 .text.C3Di_ProcTexUpdate
                0x00000000001036ac      0x17c C:/devkitPro/libctru/lib\libcitro3d.a(proctex.o)
                0x00000000001036ac                C3Di_ProcTexUpdate
 .text.C3Di_ProcTexDirty
                0x0000000000103828       0x68 C:/devkitPro/libctru/lib\libcitro3d.a(proctex.o)
                0x0000000000103828                C3Di_ProcTexDirty
 .text.BufInfo_Init
                0x0000000000103890       0x24 C:/devkitPro/libctru/lib\libcitro3d.a(buffers.o)
                0x0000000000103890                BufInfo_Init
 .text.BufInfo_Add
                0x00000000001038b4       0x80 C:/devkitPro/libctru/lib\libcitro3d.a(buffers.o)
                0x00000000001038b4                BufInfo_Add
 .text.C3D_SetBufInfo
                0x0000000000103934       0x40 C:/devkitPro/libctru/lib\libcitro3d.a(buffers.o)
                0x0000000000103934                C3D_SetBufInfo
 .text.C3Di_BufInfoBind
                0x0000000000103974       0x48 C:/devkitPro/libctru/lib\libcitro3d.a(buffers.o)
                0x0000000000103974                C3Di_BufInfoBind
 .text.C3D_DrawArrays
                0x00000000001039bc      0x148 C:/devkitPro/libctru/lib\libcitro3d.a(drawArrays.o)
                0x00000000001039bc                C3D_DrawArrays
 .text.C3D_DepthMap
                0x0000000000103b04       0x40 C:/devkitPro/libctru/lib\libcitro3d.a(effect.o)
                0x0000000000103b04                C3D_DepthMap
 .text.C3D_CullFace
                0x0000000000103b44       0x1c C:/devkitPro/libctru/lib\libcitro3d.a(effect.o)
                0x0000000000103b44                C3D_CullFace
 .text.C3D_StencilTest
                0x0000000000103b60       0x40 C:/devkitPro/libctru/lib\libcitro3d.a(effect.o)
                0x0000000000103b60                C3D_StencilTest
 .text.C3D_StencilOp
                0x0000000000103ba0       0x24 C:/devkitPro/libctru/lib\libcitro3d.a(effect.o)
                0x0000000000103ba0                C3D_StencilOp
 .text.C3D_BlendingColor
                0x0000000000103bc4       0x1c C:/devkitPro/libctru/lib\libcitro3d.a(effect.o)
                0x0000000000103bc4                C3D_BlendingColor
 .text.C3D_EarlyDepthTest
                0x0000000000103be0       0x24 C:/devkitPro/libctru/lib\libcitro3d.a(effect.o)
                0x0000000000103be0                C3D_EarlyDepthTest
 .text.C3D_DepthTest
                0x0000000000103c04       0x2c C:/devkitPro/libctru/lib\libcitro3d.a(effect.o)
                0x0000000000103c04                C3D_DepthTest
 .text.C3D_AlphaTest
                0x0000000000103c30       0x2c C:/devkitPro/libctru/lib\libcitro3d.a(effect.o)
                0x0000000000103c30                C3D_AlphaTest
 .text.C3D_AlphaBlend
                0x0000000000103c5c       0x50 C:/devkitPro/libctru/lib\libcitro3d.a(effect.o)
                0x0000000000103c5c                C3D_AlphaBlend
 .text.C3D_FragOpMode
                0x0000000000103cac       0x30 C:/devkitPro/libctru/lib\libcitro3d.a(effect.o)
                0x0000000000103cac                C3D_FragOpMode
 .text.C3D_FragOpShadow
                0x0000000000103cdc       0x44 C:/devkitPro/libctru/lib\libcitro3d.a(effect.o)
                0x0000000000103cdc                C3D_FragOpShadow
 .text.C3Di_EffectBind
                0x0000000000103d20      0x1ac C:/devkitPro/libctru/lib\libcitro3d.a(effect.o)
                0x0000000000103d20                C3Di_EffectBind
 .text.AttrInfo_Init
                0x0000000000103ecc       0x28 C:/devkitPro/libctru/lib\libcitro3d.a(attribs.o)
                0x0000000000103ecc                AttrInfo_Init
 .text.AttrInfo_AddLoader
                0x0000000000103ef4       0x98 C:/devkitPro/libctru/lib\libcitro3d.a(attribs.o)
                0x0000000000103ef4                AttrInfo_AddLoader
 .text.C3D_SetAttrInfo
                0x0000000000103f8c       0x54 C:/devkitPro/libctru/lib\libcitro3d.a(attribs.o)
                0x0000000000103f8c                C3D_SetAttrInfo
 .text.C3Di_AttrInfoBind
                0x0000000000103fe0       0x80 C:/devkitPro/libctru/lib\libcitro3d.a(attribs.o)
                0x0000000000103fe0                C3Di_AttrInfoBind
 .text.C3D_ImmSendAttrib
                0x0000000000104060       0xa8 C:/devkitPro/libctru/lib\libcitro3d.a(immediate.o)
                0x0000000000104060                C3D_ImmSendAttrib
 .text.C3D_UpdateUniforms
                0x0000000000104108      0x29c C:/devkitPro/libctru/lib\libcitro3d.a(uniforms.o)
                0x0000000000104108                C3D_UpdateUniforms
 .text.C3Di_DirtyUniforms
                0x00000000001043a4       0xc0 C:/devkitPro/libctru/lib\libcitro3d.a(uniforms.o)
                0x00000000001043a4                C3Di_DirtyUniforms
 .text.C3Di_LoadShaderUniforms
                0x0000000000104464       0xd8 C:/devkitPro/libctru/lib\libcitro3d.a(uniforms.o)
                0x0000000000104464                C3Di_LoadShaderUniforms
 .text.C3Di_ClearShaderUniforms
                0x000000000010453c       0x28 C:/devkitPro/libctru/lib\libcitro3d.a(uniforms.o)
                0x000000000010453c                C3Di_ClearShaderUniforms
 .text.Mtx_Ortho
                0x0000000000104564       0xcc C:/devkitPro/libctru/lib\libcitro3d.a(mtx_ortho.o)
                0x0000000000104564                Mtx_Ortho
 .text.Mtx_OrthoTilt
                0x0000000000104630       0xcc C:/devkitPro/libctru/lib\libcitro3d.a(mtx_orthotilt.o)
                0x0000000000104630                Mtx_OrthoTilt
 .text._ZL21addrMapNodeComparatorPK11rbtree_nodeS1_
                0x00000000001046fc       0x24 C:/devkitPro/libctru/lib\libctru.a(vram.o)
 .text._ZL21addrMapNodeDestructorP11rbtree_node
                0x0000000000104720        0x4 C:/devkitPro/libctru/lib\libctru.a(vram.o)
 .text.vramMemAlign
                0x0000000000104724      0x114 C:/devkitPro/libctru/lib\libctru.a(vram.o)
                0x0000000000104724                vramMemAlign
 .text.vramAlloc
                0x0000000000104838        0x8 C:/devkitPro/libctru/lib\libctru.a(vram.o)
                0x0000000000104838                vramAlloc
 .text.vramFree
                0x0000000000104840       0x5c C:/devkitPro/libctru/lib\libctru.a(vram.o)
                0x0000000000104840                vramFree
 .text._ZL21addrMapNodeComparatorPK11rbtree_nodeS1_
                0x000000000010489c       0x24 C:/devkitPro/libctru/lib\libctru.a(linear.o)
 .text._ZL21addrMapNodeDestructorP11rbtree_node
                0x00000000001048c0        0x4 C:/devkitPro/libctru/lib\libctru.a(linear.o)
 .text.linearMemAlign
                0x00000000001048c4      0x120 C:/devkitPro/libctru/lib\libctru.a(linear.o)
                0x00000000001048c4                linearMemAlign
 .text.linearAlloc
                0x00000000001049e4        0x8 C:/devkitPro/libctru/lib\libctru.a(linear.o)
                0x00000000001049e4                linearAlloc
 .text.linearFree
                0x00000000001049ec       0x5c C:/devkitPro/libctru/lib\libctru.a(linear.o)
                0x00000000001049ec                linearFree
 .text._ZN7MemPool13CoalesceRightEP8MemBlock
                0x0000000000104a48       0x84 C:/devkitPro/libctru/lib\libctru.a(mem_pool.o)
                0x0000000000104a48                MemPool::CoalesceRight(MemBlock*)
 .text._ZN7MemPool8AllocateER8MemChunkmi
                0x0000000000104acc      0x170 C:/devkitPro/libctru/lib\libctru.a(mem_pool.o)
                0x0000000000104acc                MemPool::Allocate(MemChunk&, unsigned long, int)
 .text._ZN7MemPool10DeallocateERK8MemChunk
                0x0000000000104c3c       0xfc C:/devkitPro/libctru/lib\libctru.a(mem_pool.o)
                0x0000000000104c3c                MemPool::Deallocate(MemChunk const&)
 .text.romfs_free
                0x0000000000104d38       0x84 C:/devkitPro/libctru/lib\libctru.a(romfs_dev.o)
 .text.romfsUnmount
                0x0000000000104dbc       0xac C:/devkitPro/libctru/lib\libctru.a(romfs_dev.o)
                0x0000000000104dbc                romfsUnmount
 .text.osConvertVirtToPhys
                0x0000000000104e68       0x74 C:/devkitPro/libctru/lib\libctru.a(os.o)
                0x0000000000104e68                osConvertVirtToPhys
 .text.osGetTimeRef
                0x0000000000104edc       0x54 C:/devkitPro/libctru/lib\libctru.a(os.o)
                0x0000000000104edc                osGetTimeRef
 .text.osGetTime
                0x0000000000104f30       0xe4 C:/devkitPro/libctru/lib\libctru.a(os.o)
                0x0000000000104f30                osGetTime
 .text.__libctru_gtod
                0x0000000000105014       0x74 C:/devkitPro/libctru/lib\libctru.a(os.o)
                0x0000000000105014                __libctru_gtod
 .text.__ctru_speedup_config
                0x0000000000105088       0x34 C:/devkitPro/libctru/lib\libctru.a(os.o)
                0x0000000000105088                __ctru_speedup_config
 .text.consoleDrawChar
                0x00000000001050bc      0x178 C:/devkitPro/libctru/lib\libctru.a(console.o)
                0x00000000001050bc                consoleDrawChar
 .text.consolePrintChar
                0x0000000000105234      0x124 C:/devkitPro/libctru/lib\libctru.a(console.o)
                0x0000000000105234                consolePrintChar
 .text.con_write
                0x0000000000105358      0xa00 C:/devkitPro/libctru/lib\libctru.a(console.o)
                0x0000000000105358                con_write
 .text.consoleInit
                0x0000000000105d58      0x168 C:/devkitPro/libctru/lib\libctru.a(console.o)
                0x0000000000105d58                consoleInit
 .text.newRow   0x0000000000105ec0       0xf4 C:/devkitPro/libctru/lib\libctru.a(console.o)
 .text.gfxPresentFramebuffer
                0x0000000000105fb4       0xd0 C:/devkitPro/libctru/lib\libctru.a(gfx.o)
 .text.gfxIsWide
                0x0000000000106084       0x1c C:/devkitPro/libctru/lib\libctru.a(gfx.o)
                0x0000000000106084                gfxIsWide
 .text.gfxSetScreenFormat
                0x00000000001060a0       0xec C:/devkitPro/libctru/lib\libctru.a(gfx.o)
                0x00000000001060a0                gfxSetScreenFormat
 .text.gfxSetDoubleBuffering
                0x000000000010618c       0x10 C:/devkitPro/libctru/lib\libctru.a(gfx.o)
                0x000000000010618c                gfxSetDoubleBuffering
 .text.gfxInit  0x000000000010619c      0x108 C:/devkitPro/libctru/lib\libctru.a(gfx.o)
                0x000000000010619c                gfxInit
 .text.gfxInitDefault
                0x00000000001062a4       0x10 C:/devkitPro/libctru/lib\libctru.a(gfx.o)
                0x00000000001062a4                gfxInitDefault
 .text.gfxExit  0x00000000001062b4       0xb4 C:/devkitPro/libctru/lib\libctru.a(gfx.o)
                0x00000000001062b4                gfxExit
 .text.gfxGetFramebuffer
                0x0000000000106368       0xa0 C:/devkitPro/libctru/lib\libctru.a(gfx.o)
                0x0000000000106368                gfxGetFramebuffer
 .text.gfxFlushBuffers
                0x0000000000106408      0x10c C:/devkitPro/libctru/lib\libctru.a(gfx.o)
                0x0000000000106408                gfxFlushBuffers
 .text.gfxScreenSwapBuffers
                0x0000000000106514       0x30 C:/devkitPro/libctru/lib\libctru.a(gfx.o)
                0x0000000000106514                gfxScreenSwapBuffers
 .text.gfxSwapBuffers
                0x0000000000106544       0x50 C:/devkitPro/libctru/lib\libctru.a(gfx.o)
                0x0000000000106544                gfxSwapBuffers
 .text.gfxSwapBuffersGpu
                0x0000000000106594       0x50 C:/devkitPro/libctru/lib\libctru.a(gfx.o)
                0x0000000000106594                gfxSwapBuffersGpu
 .text.shaderInstanceInit
                0x00000000001065e4      0x1e0 C:/devkitPro/libctru/lib\libctru.a(shaderProgram.o)
                0x00000000001065e4                shaderInstanceInit
 .text.shaderInstanceGetUniformLocation
                0x00000000001067c4       0x18 C:/devkitPro/libctru/lib\libctru.a(shaderProgram.o)
                0x00000000001067c4                shaderInstanceGetUniformLocation
 .text.shaderProgramInit
                0x00000000001067dc       0x1c C:/devkitPro/libctru/lib\libctru.a(shaderProgram.o)
                0x00000000001067dc                shaderProgramInit
 .text.shaderProgramFree
                0x00000000001067f8       0x64 C:/devkitPro/libctru/lib\libctru.a(shaderProgram.o)
                0x00000000001067f8                shaderProgramFree
 .text.shaderProgramSetVsh
                0x000000000010685c       0x80 C:/devkitPro/libctru/lib\libctru.a(shaderProgram.o)
                0x000000000010685c                shaderProgramSetVsh
 .text.shaderProgramConfigure
                0x00000000001068dc      0x8c0 C:/devkitPro/libctru/lib\libctru.a(shaderProgram.o)
                0x00000000001068dc                shaderProgramConfigure
 .text.DVLE_GenerateOutmap.part.0
                0x000000000010719c      0x1f8 C:/devkitPro/libctru/lib\libctru.a(shbin.o)
 .text.DVLB_ParseFile
                0x0000000000107394      0x1cc C:/devkitPro/libctru/lib\libctru.a(shbin.o)
                0x0000000000107394                DVLB_ParseFile
 .text.DVLB_Free
                0x0000000000107560       0x38 C:/devkitPro/libctru/lib\libctru.a(shbin.o)
                0x0000000000107560                DVLB_Free
 .text.DVLE_GetUniformRegister
                0x0000000000107598       0x74 C:/devkitPro/libctru/lib\libctru.a(shbin.o)
                0x0000000000107598                DVLE_GetUniformRegister
 .text.GX_BindQueue
                0x000000000010760c       0x10 C:/devkitPro/libctru/lib\libctru.a(gx.o)
                0x000000000010760c                GX_BindQueue
 .text.GX_ProcessCommandList
                0x000000000010761c       0x78 C:/devkitPro/libctru/lib\libctru.a(gx.o)
                0x000000000010761c                GX_ProcessCommandList
 .text.GX_MemoryFill
                0x0000000000107694       0x74 C:/devkitPro/libctru/lib\libctru.a(gx.o)
                0x0000000000107694                GX_MemoryFill
 .text.GX_DisplayTransfer
                0x0000000000107708       0x70 C:/devkitPro/libctru/lib\libctru.a(gx.o)
                0x0000000000107708                GX_DisplayTransfer
 .text.gxCmdQueueDoCommands.part.0
                0x0000000000107778       0x68 C:/devkitPro/libctru/lib\libctru.a(gxqueue.o)
 .text.gxCmdQueueInterrupt
                0x00000000001077e0       0xc8 C:/devkitPro/libctru/lib\libctru.a(gxqueue.o)
                0x00000000001077e0                gxCmdQueueInterrupt
 .text.gxCmdQueueClear
                0x00000000001078a8       0x4c C:/devkitPro/libctru/lib\libctru.a(gxqueue.o)
                0x00000000001078a8                gxCmdQueueClear
 .text.gxCmdQueueAdd
                0x00000000001078f4       0xf8 C:/devkitPro/libctru/lib\libctru.a(gxqueue.o)
                0x00000000001078f4                gxCmdQueueAdd
 .text.gxCmdQueueRun
                0x00000000001079ec       0x80 C:/devkitPro/libctru/lib\libctru.a(gxqueue.o)
                0x00000000001079ec                gxCmdQueueRun
 .text.gxCmdQueueStop
                0x0000000000107a6c       0x60 C:/devkitPro/libctru/lib\libctru.a(gxqueue.o)
                0x0000000000107a6c                gxCmdQueueStop
 .text.gxCmdQueueWait
                0x0000000000107acc       0x74 C:/devkitPro/libctru/lib\libctru.a(gxqueue.o)
                0x0000000000107acc                gxCmdQueueWait
 .text.GPUCMD_Add
                0x0000000000107b40      0x13c C:/devkitPro/libctru/lib\libctru.a(gpu.o)
                0x0000000000107b40                GPUCMD_Add
 .text.GPUCMD_Split
                0x0000000000107c7c       0xac C:/devkitPro/libctru/lib\libctru.a(gpu.o)
                0x0000000000107c7c                GPUCMD_Split
 .text.f32tof16
                0x0000000000107d28       0x40 C:/devkitPro/libctru/lib\libctru.a(gpu.o)
                0x0000000000107d28                f32tof16
 .text.f32tof24
                0x0000000000107d68       0x40 C:/devkitPro/libctru/lib\libctru.a(gpu.o)
                0x0000000000107d68                f32tof24
 .text.f32tof31
                0x0000000000107da8       0x44 C:/devkitPro/libctru/lib\libctru.a(gpu.o)
                0x0000000000107da8                f32tof31
 .text.gspHardwareInit
                0x0000000000107dec      0xc58 C:/devkitPro/libctru/lib\libctru.a(gspgpu.o)
 .text.gspInit  0x0000000000108a44      0x254 C:/devkitPro/libctru/lib\libctru.a(gspgpu.o)
                0x0000000000108a44                gspInit
 .text.gspExit  0x0000000000108c98       0xf0 C:/devkitPro/libctru/lib\libctru.a(gspgpu.o)
                0x0000000000108c98                gspExit
 .text.gspHasGpuRight
                0x0000000000108d88       0x10 C:/devkitPro/libctru/lib\libctru.a(gspgpu.o)
                0x0000000000108d88                gspHasGpuRight
 .text.gspPresentBuffer
                0x0000000000108d98       0x98 C:/devkitPro/libctru/lib\libctru.a(gspgpu.o)
                0x0000000000108d98                gspPresentBuffer
 .text.gspSetEventCallback
                0x0000000000108e30       0x30 C:/devkitPro/libctru/lib\libctru.a(gspgpu.o)
                0x0000000000108e30                gspSetEventCallback
 .text.gspWaitForEvent
                0x0000000000108e60       0x50 C:/devkitPro/libctru/lib\libctru.a(gspgpu.o)
                0x0000000000108e60                gspWaitForEvent
 .text.gspWaitForAnyEvent
                0x0000000000108eb0       0x4c C:/devkitPro/libctru/lib\libctru.a(gspgpu.o)
                0x0000000000108eb0                gspWaitForAnyEvent
 .text.gspEventThreadMain
                0x0000000000108efc      0x160 C:/devkitPro/libctru/lib\libctru.a(gspgpu.o)
 .text.gspSubmitGxCommand
                0x000000000010905c      0x130 C:/devkitPro/libctru/lib\libctru.a(gspgpu.o)
                0x000000000010905c                gspSubmitGxCommand
 .text.GSPGPU_FlushDataCache
                0x000000000010918c       0x50 C:/devkitPro/libctru/lib\libctru.a(gspgpu.o)
                0x000000000010918c                GSPGPU_FlushDataCache
 .text.GSPGPU_SetLcdForceBlack
                0x00000000001091dc       0x34 C:/devkitPro/libctru/lib\libctru.a(gspgpu.o)
                0x00000000001091dc                GSPGPU_SetLcdForceBlack
 .text.GSPGPU_AcquireRight
                0x0000000000109210       0x68 C:/devkitPro/libctru/lib\libctru.a(gspgpu.o)
                0x0000000000109210                GSPGPU_AcquireRight
 .text.GSPGPU_ReleaseRight
                0x0000000000109278       0x48 C:/devkitPro/libctru/lib\libctru.a(gspgpu.o)
                0x0000000000109278                GSPGPU_ReleaseRight
 .text.GSPGPU_ImportDisplayCaptureInfo
                0x00000000001092c0       0x7c C:/devkitPro/libctru/lib\libctru.a(gspgpu.o)
                0x00000000001092c0                GSPGPU_ImportDisplayCaptureInfo
 .text.GSPGPU_SaveVramSysArea
                0x000000000010933c       0x2c C:/devkitPro/libctru/lib\libctru.a(gspgpu.o)
                0x000000000010933c                GSPGPU_SaveVramSysArea
 .text.GSPGPU_RestoreVramSysArea
                0x0000000000109368       0x2c C:/devkitPro/libctru/lib\libctru.a(gspgpu.o)
                0x0000000000109368                GSPGPU_RestoreVramSysArea
 .text.aptConvertScreenForCapture
                0x0000000000109394      0x1b0 C:/devkitPro/libctru/lib\libctru.a(apt.o)
 .text.aptDspSleep
                0x0000000000109544        0x8 C:/devkitPro/libctru/lib\libctru.a(apt.o)
                0x0000000000109544                aptDspSleep
 .text.aptDspWakeup
                0x000000000010954c        0x4 C:/devkitPro/libctru/lib\libctru.a(apt.o)
                0x000000000010954c                aptDspWakeup
 .text.aptDspCancel
                0x0000000000109550        0x4 C:/devkitPro/libctru/lib\libctru.a(apt.o)
                0x0000000000109550                aptDspCancel
 .text.aptSendCommand
                0x0000000000109554      0x15c C:/devkitPro/libctru/lib\libctru.a(apt.o)
                0x0000000000109554                aptSendCommand
 .text.aptExitProcess
                0x00000000001096b0       0x38 C:/devkitPro/libctru/lib\libctru.a(apt.o)
 .text.aptExit  0x00000000001096e8      0x2f0 C:/devkitPro/libctru/lib\libctru.a(apt.o)
                0x00000000001096e8                aptExit
 .text.aptHandleSleep
                0x00000000001099d8       0xd8 C:/devkitPro/libctru/lib\libctru.a(apt.o)
                0x00000000001099d8                aptHandleSleep
 .text.aptHook  0x0000000000109ab0       0x30 C:/devkitPro/libctru/lib\libctru.a(apt.o)
                0x0000000000109ab0                aptHook
 .text.aptUnhook
                0x0000000000109ae0       0x30 C:/devkitPro/libctru/lib\libctru.a(apt.o)
                0x0000000000109ae0                aptUnhook
 .text.APT_SleepIfShellClosed
                0x0000000000109b10       0x84 C:/devkitPro/libctru/lib\libctru.a(apt.o)
                0x0000000000109b10                APT_SleepIfShellClosed
 .text.aptSetSleepAllowed
                0x0000000000109b94       0x84 C:/devkitPro/libctru/lib\libctru.a(apt.o)
                0x0000000000109b94                aptSetSleepAllowed
 .text.APT_UnlockTransition
                0x0000000000109c18       0x84 C:/devkitPro/libctru/lib\libctru.a(apt.o)
                0x0000000000109c18                APT_UnlockTransition
 *fill*         0x0000000000109c9c        0x4 
 .text.aptEventHandler
                0x0000000000109ca0      0x484 C:/devkitPro/libctru/lib\libctru.a(apt.o)
 .text.APT_ReceiveParameter
                0x000000000010a124       0xb0 C:/devkitPro/libctru/lib\libctru.a(apt.o)
                0x000000000010a124                APT_ReceiveParameter
 .text.aptReceiveParameter.constprop.0
                0x000000000010a1d4       0xb0 C:/devkitPro/libctru/lib\libctru.a(apt.o)
 *fill*         0x000000000010a284        0x4 
 .text.aptScreenTransfer
                0x000000000010a288      0x2bc C:/devkitPro/libctru/lib\libctru.a(apt.o)
 .text.aptWaitForWakeUp.isra.0
                0x000000000010a544      0x2d0 C:/devkitPro/libctru/lib\libctru.a(apt.o)
 .text.aptJumpToHomeMenu
                0x000000000010a814       0xf8 C:/devkitPro/libctru/lib\libctru.a(apt.o)
                0x000000000010a814                aptJumpToHomeMenu
 .text.aptMainLoop
                0x000000000010a90c       0x4c C:/devkitPro/libctru/lib\libctru.a(apt.o)
                0x000000000010a90c                aptMainLoop
 .text.aptInit  0x000000000010a958      0x234 C:/devkitPro/libctru/lib\libctru.a(apt.o)
                0x000000000010a958                aptInit
 .text.APT_CheckNew3DS
                0x000000000010ab8c       0x7c C:/devkitPro/libctru/lib\libctru.a(apt.o)
                0x000000000010ab8c                APT_CheckNew3DS
 .text.hidShouldUseIrrst
                0x000000000010ac08       0x24 C:/devkitPro/libctru/lib\libctru.a(hid.o)
                0x000000000010ac08                hidShouldUseIrrst
 .text.hidInit  0x000000000010ac2c      0x18c C:/devkitPro/libctru/lib\libctru.a(hid.o)
                0x000000000010ac2c                hidInit
 .text.hidExit  0x000000000010adb8       0xe8 C:/devkitPro/libctru/lib\libctru.a(hid.o)
                0x000000000010adb8                hidExit
 .text.hidScanInput
                0x000000000010aea0      0x294 C:/devkitPro/libctru/lib\libctru.a(hid.o)
                0x000000000010aea0                hidScanInput
 .text.hidKeysHeld
                0x000000000010b134       0x10 C:/devkitPro/libctru/lib\libctru.a(hid.o)
                0x000000000010b134                hidKeysHeld
 .text.hidKeysDown
                0x000000000010b144       0x10 C:/devkitPro/libctru/lib\libctru.a(hid.o)
                0x000000000010b144                hidKeysDown
 .text.ptmSysmInit
                0x000000000010b154       0x74 C:/devkitPro/libctru/lib\libctru.a(ptmsysm.o)
                0x000000000010b154                ptmSysmInit
 .text.ptmSysmExit
                0x000000000010b1c8       0x3c C:/devkitPro/libctru/lib\libctru.a(ptmsysm.o)
                0x000000000010b1c8                ptmSysmExit
 .text.PTMSYSM_ConfigureNew3DSCPU
                0x000000000010b204       0x34 C:/devkitPro/libctru/lib\libctru.a(ptmsysm.o)
                0x000000000010b204                PTMSYSM_ConfigureNew3DSCPU
 .text.fsInit   0x000000000010b238       0xc8 C:/devkitPro/libctru/lib\libctru.a(fs.o)
                0x000000000010b238                fsInit
 .text.fsExit   0x000000000010b300       0x3c C:/devkitPro/libctru/lib\libctru.a(fs.o)
                0x000000000010b300                fsExit
 .text.fsExemptFromSession
                0x000000000010b33c       0x60 C:/devkitPro/libctru/lib\libctru.a(fs.o)
                0x000000000010b33c                fsExemptFromSession
 .text.fsUnexemptFromSession
                0x000000000010b39c       0x50 C:/devkitPro/libctru/lib\libctru.a(fs.o)
                0x000000000010b39c                fsUnexemptFromSession
 .text.FSUSER_OpenFile
                0x000000000010b3ec       0xcc C:/devkitPro/libctru/lib\libctru.a(fs.o)
                0x000000000010b3ec                FSUSER_OpenFile
 .text.FSUSER_DeleteFile
                0x000000000010b4b8       0xbc C:/devkitPro/libctru/lib\libctru.a(fs.o)
                0x000000000010b4b8                FSUSER_DeleteFile
 .text.FSUSER_RenameFile
                0x000000000010b574       0xf8 C:/devkitPro/libctru/lib\libctru.a(fs.o)
                0x000000000010b574                FSUSER_RenameFile
 .text.FSUSER_DeleteDirectory
                0x000000000010b66c       0xbc C:/devkitPro/libctru/lib\libctru.a(fs.o)
                0x000000000010b66c                FSUSER_DeleteDirectory
 .text.FSUSER_CreateFile
                0x000000000010b728       0xd4 C:/devkitPro/libctru/lib\libctru.a(fs.o)
                0x000000000010b728                FSUSER_CreateFile
 .text.FSUSER_CreateDirectory
                0x000000000010b7fc       0xc4 C:/devkitPro/libctru/lib\libctru.a(fs.o)
                0x000000000010b7fc                FSUSER_CreateDirectory
 .text.FSUSER_RenameDirectory
                0x000000000010b8c0       0xf8 C:/devkitPro/libctru/lib\libctru.a(fs.o)
                0x000000000010b8c0                FSUSER_RenameDirectory
 .text.FSUSER_OpenDirectory
                0x000000000010b9b8       0xb4 C:/devkitPro/libctru/lib\libctru.a(fs.o)
                0x000000000010b9b8                FSUSER_OpenDirectory
 .text.FSUSER_OpenArchive
                0x000000000010ba6c       0x94 C:/devkitPro/libctru/lib\libctru.a(fs.o)
                0x000000000010ba6c                FSUSER_OpenArchive
 .text.FSUSER_CloseArchive
                0x000000000010bb00       0x8c C:/devkitPro/libctru/lib\libctru.a(fs.o)
                0x000000000010bb00                FSUSER_CloseArchive
 .text.FSUSER_GetSdmcArchiveResource
                0x000000000010bb8c       0x74 C:/devkitPro/libctru/lib\libctru.a(fs.o)
                0x000000000010bb8c                FSUSER_GetSdmcArchiveResource
 .text.FSUSER_IsSdmcWritable
                0x000000000010bc00       0x64 C:/devkitPro/libctru/lib\libctru.a(fs.o)
                0x000000000010bc00                FSUSER_IsSdmcWritable
 .text.FSFILE_Read
                0x000000000010bc64       0x58 C:/devkitPro/libctru/lib\libctru.a(fs.o)
                0x000000000010bc64                FSFILE_Read
 .text.FSFILE_Write
                0x000000000010bcbc       0x60 C:/devkitPro/libctru/lib\libctru.a(fs.o)
                0x000000000010bcbc                FSFILE_Write
 .text.FSFILE_GetSize
                0x000000000010bd1c       0x38 C:/devkitPro/libctru/lib\libctru.a(fs.o)
                0x000000000010bd1c                FSFILE_GetSize
 .text.FSFILE_SetSize
                0x000000000010bd54       0x28 C:/devkitPro/libctru/lib\libctru.a(fs.o)
                0x000000000010bd54                FSFILE_SetSize
 .text.FSFILE_Close
                0x000000000010bd7c       0x3c C:/devkitPro/libctru/lib\libctru.a(fs.o)
                0x000000000010bd7c                FSFILE_Close
 .text.FSFILE_Flush
                0x000000000010bdb8       0x24 C:/devkitPro/libctru/lib\libctru.a(fs.o)
                0x000000000010bdb8                FSFILE_Flush
 .text.FSDIR_Read
                0x000000000010bddc       0x50 C:/devkitPro/libctru/lib\libctru.a(fs.o)
                0x000000000010bddc                FSDIR_Read
 .text.FSDIR_Close
                0x000000000010be2c       0x3c C:/devkitPro/libctru/lib\libctru.a(fs.o)
                0x000000000010be2c                FSDIR_Close
 .text.rbtree_init
                0x000000000010be68       0x10 C:/devkitPro/libctru/lib\libctru.a(rbtree_init.o)
                0x000000000010be68                rbtree_init
 .text.do_insert
                0x000000000010be78      0x1a0 C:/devkitPro/libctru/lib\libctru.a(rbtree_insert.o)
 .text.rbtree_insert
                0x000000000010c018        0x8 C:/devkitPro/libctru/lib\libctru.a(rbtree_insert.o)
                0x000000000010c018                rbtree_insert
 .text.rbtree_rotate
                0x000000000010c020       0x90 C:/devkitPro/libctru/lib\libctru.a(rbtree_rotate.o)
                0x000000000010c020                rbtree_rotate
 .text.rbtree_remove
                0x000000000010c0b0      0x338 C:/devkitPro/libctru/lib\libctru.a(rbtree_remove.o)
                0x000000000010c0b0                rbtree_remove
 .text.rbtree_find
                0x000000000010c3e8       0x74 C:/devkitPro/libctru/lib\libctru.a(rbtree_find.o)
                0x000000000010c3e8                rbtree_find
 .text.utf16_to_utf8
                0x000000000010c45c       0xe8 C:/devkitPro/libctru/lib\libctru.a(utf16_to_utf8.o)
                0x000000000010c45c                utf16_to_utf8
 .text.decode_utf16
                0x000000000010c544       0x64 C:/devkitPro/libctru/lib\libctru.a(decode_utf16.o)
                0x000000000010c544                decode_utf16
 .text.utf8_to_utf16
                0x000000000010c5a8       0xc0 C:/devkitPro/libctru/lib\libctru.a(utf8_to_utf16.o)
                0x000000000010c5a8                utf8_to_utf16
 .text.__system_allocateHeaps
                0x000000000010c668      0x1e0 C:/devkitPro/libctru/lib\libctru.a(allocateHeaps.o)
                0x000000000010c668                __system_allocateHeaps
 .text.__libctru_init
                0x000000000010c848       0x38 C:/devkitPro/libctru/lib\libctru.a(ctru_init.o)
                0x000000000010c848                __libctru_init
 .text.__system_initArgv
                0x000000000010c880       0xf0 C:/devkitPro/libctru/lib\libctru.a(initArgv.o)
                0x000000000010c880                __system_initArgv
 .text.svcControlMemory
                0x000000000010c970       0x20 C:/devkitPro/libctru/lib\libctru.a(svc.o)
                0x000000000010c970                svcControlMemory
 .text.svcQueryMemory
                0x000000000010c990       0x30 C:/devkitPro/libctru/lib\libctru.a(svc.o)
                0x000000000010c990                svcQueryMemory
 .text.svcExitProcess
                0x000000000010c9c0        0x8 C:/devkitPro/libctru/lib\libctru.a(svc.o)
                0x000000000010c9c0                svcExitProcess
 .text.svcCreateThread
                0x000000000010c9c8       0x20 C:/devkitPro/libctru/lib\libctru.a(svc.o)
                0x000000000010c9c8                svcCreateThread
 .text.svcExitThread
                0x000000000010c9e8        0x8 C:/devkitPro/libctru/lib\libctru.a(svc.o)
                0x000000000010c9e8                svcExitThread
 .text.svcSleepThread
                0x000000000010c9f0        0x8 C:/devkitPro/libctru/lib\libctru.a(svc.o)
                0x000000000010c9f0                svcSleepThread
 .text.svcReleaseMutex
                0x000000000010c9f8        0x8 C:/devkitPro/libctru/lib\libctru.a(svc.o)
                0x000000000010c9f8                svcReleaseMutex
 .text.svcCreateEvent
                0x000000000010ca00       0x14 C:/devkitPro/libctru/lib\libctru.a(svc.o)
                0x000000000010ca00                svcCreateEvent
 .text.svcSignalEvent
                0x000000000010ca14        0x8 C:/devkitPro/libctru/lib\libctru.a(svc.o)
                0x000000000010ca14                svcSignalEvent
 .text.svcClearEvent
                0x000000000010ca1c        0x8 C:/devkitPro/libctru/lib\libctru.a(svc.o)
                0x000000000010ca1c                svcClearEvent
 .text.svcMapMemoryBlock
                0x000000000010ca24        0x8 C:/devkitPro/libctru/lib\libctru.a(svc.o)
                0x000000000010ca24                svcMapMemoryBlock
 .text.svcUnmapMemoryBlock
                0x000000000010ca2c        0x8 C:/devkitPro/libctru/lib\libctru.a(svc.o)
                0x000000000010ca2c                svcUnmapMemoryBlock
 .text.svcCreateAddressArbiter
                0x000000000010ca34       0x14 C:/devkitPro/libctru/lib\libctru.a(svc.o)
                0x000000000010ca34                svcCreateAddressArbiter
 .text.svcArbitrateAddressNoTimeout
                0x000000000010ca48        0x8 C:/devkitPro/libctru/lib\libctru.a(svc.o)
                0x000000000010ca48                svcArbitrateAddressNoTimeout
 .text.svcCloseHandle
                0x000000000010ca50        0x8 C:/devkitPro/libctru/lib\libctru.a(svc.o)
                0x000000000010ca50                svcCloseHandle
 .text.svcWaitSynchronization
                0x000000000010ca58        0x8 C:/devkitPro/libctru/lib\libctru.a(svc.o)
                0x000000000010ca58                svcWaitSynchronization
 .text.svcWaitSynchronizationN
                0x000000000010ca60       0x28 C:/devkitPro/libctru/lib\libctru.a(svc.o)
                0x000000000010ca60                svcWaitSynchronizationN
 .text.svcDuplicateHandle
                0x000000000010ca88       0x14 C:/devkitPro/libctru/lib\libctru.a(svc.o)
                0x000000000010ca88                svcDuplicateHandle
 .text.svcGetSystemTick
                0x000000000010ca9c        0x8 C:/devkitPro/libctru/lib\libctru.a(svc.o)
                0x000000000010ca9c                svcGetSystemTick
 .text.svcConnectToPort
                0x000000000010caa4       0x14 C:/devkitPro/libctru/lib\libctru.a(svc.o)
                0x000000000010caa4                svcConnectToPort
 .text.svcSendSyncRequest
                0x000000000010cab8        0x8 C:/devkitPro/libctru/lib\libctru.a(svc.o)
                0x000000000010cab8                svcSendSyncRequest
 .text.svcGetResourceLimit
                0x000000000010cac0       0x14 C:/devkitPro/libctru/lib\libctru.a(svc.o)
                0x000000000010cac0                svcGetResourceLimit
 .text.svcGetResourceLimitLimitValues
                0x000000000010cad4        0x8 C:/devkitPro/libctru/lib\libctru.a(svc.o)
                0x000000000010cad4                svcGetResourceLimitLimitValues
 .text.svcGetResourceLimitCurrentValues
                0x000000000010cadc        0x8 C:/devkitPro/libctru/lib\libctru.a(svc.o)
                0x000000000010cadc                svcGetResourceLimitCurrentValues
 .text.svcBreak
                0x000000000010cae4        0x8 C:/devkitPro/libctru/lib\libctru.a(svc.o)
                0x000000000010cae4                svcBreak
 .text.initSystem
                0x000000000010caec       0x50 C:/devkitPro/libctru/lib\libctru.a(stack_adjust.o)
                0x000000000010caec                initSystem
 .text.__ctru_exit
                0x000000000010cb3c       0x18 C:/devkitPro/libctru/lib\libctru.a(stack_adjust.o)
                0x000000000010cb3c                __ctru_exit
 .text.__aeabi_read_tp
                0x000000000010cb54        0xc C:/devkitPro/libctru/lib\libctru.a(readtp.o)
                0x000000000010cb54                __aeabi_read_tp
 .text.__sync_init
                0x000000000010cb60        0xc C:/devkitPro/libctru/lib\libctru.a(synchronization.o)
                0x000000000010cb60                __sync_init
 .text.__sync_fini
                0x000000000010cb6c       0x18 C:/devkitPro/libctru/lib\libctru.a(synchronization.o)
                0x000000000010cb6c                __sync_fini
 .text.syncArbitrateAddress
                0x000000000010cb84       0x2c C:/devkitPro/libctru/lib\libctru.a(synchronization.o)
                0x000000000010cb84                syncArbitrateAddress
 .text.LightLock_Init
                0x000000000010cbb0       0x1c C:/devkitPro/libctru/lib\libctru.a(synchronization.o)
                0x000000000010cbb0                LightLock_Init
 .text.LightLock_Lock
                0x000000000010cbcc       0x94 C:/devkitPro/libctru/lib\libctru.a(synchronization.o)
                0x000000000010cbcc                LightLock_Lock
 .text.LightLock_TryLock
                0x000000000010cc60       0x44 C:/devkitPro/libctru/lib\libctru.a(synchronization.o)
                0x000000000010cc60                LightLock_TryLock
 .text.LightLock_Unlock
                0x000000000010cca4       0x40 C:/devkitPro/libctru/lib\libctru.a(synchronization.o)
                0x000000000010cca4                LightLock_Unlock
 .text.RecursiveLock_Init
                0x000000000010cce4       0x24 C:/devkitPro/libctru/lib\libctru.a(synchronization.o)
                0x000000000010cce4                RecursiveLock_Init
 .text.RecursiveLock_Lock
                0x000000000010cd08       0x30 C:/devkitPro/libctru/lib\libctru.a(synchronization.o)
                0x000000000010cd08                RecursiveLock_Lock
 .text.RecursiveLock_TryLock
                0x000000000010cd38       0x78 C:/devkitPro/libctru/lib\libctru.a(synchronization.o)
                0x000000000010cd38                RecursiveLock_TryLock
 .text.RecursiveLock_Unlock
                0x000000000010cdb0       0x54 C:/devkitPro/libctru/lib\libctru.a(synchronization.o)
                0x000000000010cdb0                RecursiveLock_Unlock
 .text.LightEvent_Init
                0x000000000010ce04       0x40 C:/devkitPro/libctru/lib\libctru.a(synchronization.o)
                0x000000000010ce04                LightEvent_Init
 .text.LightEvent_Clear
                0x000000000010ce44       0xa4 C:/devkitPro/libctru/lib\libctru.a(synchronization.o)
                0x000000000010ce44                LightEvent_Clear
 .text.LightEvent_Signal
                0x000000000010cee8       0xc8 C:/devkitPro/libctru/lib\libctru.a(synchronization.o)
                0x000000000010cee8                LightEvent_Signal
 .text.LightEvent_TryWait
                0x000000000010cfb0       0x58 C:/devkitPro/libctru/lib\libctru.a(synchronization.o)
                0x000000000010cfb0                LightEvent_TryWait
 .text.LightEvent_Wait
                0x000000000010d008       0xb0 C:/devkitPro/libctru/lib\libctru.a(synchronization.o)
                0x000000000010d008                LightEvent_Wait
 .text.envGetHandle
                0x000000000010d0b8       0x84 C:/devkitPro/libctru/lib\libctru.a(env.o)
                0x000000000010d0b8                envGetHandle
 .text.envDestroyHandles
                0x000000000010d13c       0x50 C:/devkitPro/libctru/lib\libctru.a(env.o)
                0x000000000010d13c                envDestroyHandles
 .text.srvInit  0x000000000010d18c      0x124 C:/devkitPro/libctru/lib\libctru.a(srv.o)
                0x000000000010d18c                srvInit
 .text.srvExit  0x000000000010d2b0       0x58 C:/devkitPro/libctru/lib\libctru.a(srv.o)
                0x000000000010d2b0                srvExit
 .text.srvGetServiceHandleDirect
                0x000000000010d308       0x80 C:/devkitPro/libctru/lib\libctru.a(srv.o)
                0x000000000010d308                srvGetServiceHandleDirect
 .text.srvGetServiceHandle
                0x000000000010d388       0x48 C:/devkitPro/libctru/lib\libctru.a(srv.o)
                0x000000000010d388                srvGetServiceHandle
 .text.srvPublishToSubscriber
                0x000000000010d3d0       0x38 C:/devkitPro/libctru/lib\libctru.a(srv.o)
                0x000000000010d3d0                srvPublishToSubscriber
 .text.threadCreate
                0x000000000010d408      0x188 C:/devkitPro/libctru/lib\libctru.a(thread.o)
                0x000000000010d408                threadCreate
 .text.threadFree
                0x000000000010d590       0x2c C:/devkitPro/libctru/lib\libctru.a(thread.o)
                0x000000000010d590                threadFree
 .text.threadJoin
                0x000000000010d5bc       0x24 C:/devkitPro/libctru/lib\libctru.a(thread.o)
                0x000000000010d5bc                threadJoin
 .text.threadGetCurrent
                0x000000000010d5e0       0x30 C:/devkitPro/libctru/lib\libctru.a(thread.o)
                0x000000000010d5e0                threadGetCurrent
 .text.threadExit
                0x000000000010d610       0x40 C:/devkitPro/libctru/lib\libctru.a(thread.o)
                0x000000000010d610                threadExit
 .text._thread_begin
                0x000000000010d650       0x44 C:/devkitPro/libctru/lib\libctru.a(thread.o)
 .text.mappableFindAddressWithin
                0x000000000010d694       0x94 C:/devkitPro/libctru/lib\libctru.a(mappable.o)
 .text.mappableInit
                0x000000000010d728       0x28 C:/devkitPro/libctru/lib\libctru.a(mappable.o)
                0x000000000010d728                mappableInit
 .text.mappableAlloc
                0x000000000010d750       0x80 C:/devkitPro/libctru/lib\libctru.a(mappable.o)
                0x000000000010d750                mappableAlloc
 .text.mappableFree
                0x000000000010d7d0        0x4 C:/devkitPro/libctru/lib\libctru.a(mappable.o)
                0x000000000010d7d0                mappableFree
 .text.irrstInit
                0x000000000010d7d4      0x160 C:/devkitPro/libctru/lib\libctru.a(irrst.o)
                0x000000000010d7d4                irrstInit
 .text.irrstExit
                0x000000000010d934       0xcc C:/devkitPro/libctru/lib\libctru.a(irrst.o)
                0x000000000010d934                irrstExit
 .text.irrstScanInput
                0x000000000010da00       0xb0 C:/devkitPro/libctru/lib\libctru.a(irrst.o)
                0x000000000010da00                irrstScanInput
 .text.irrstKeysHeld
                0x000000000010dab0       0x24 C:/devkitPro/libctru/lib\libctru.a(irrst.o)
                0x000000000010dab0                irrstKeysHeld
 .text.srvPmGetSessionHandle
                0x000000000010dad4        0xc C:/devkitPro/libctru/lib\libctru.a(srvpm.o)
                0x000000000010dad4                srvPmGetSessionHandle
 .text.rbtree_node_next
                0x000000000010dae0       0x50 C:/devkitPro/libctru/lib\libctru.a(rbtree_iterator.o)
                0x000000000010dae0                rbtree_node_next
 .text.encode_utf16
                0x000000000010db30       0x60 C:/devkitPro/libctru/lib\libctru.a(encode_utf16.o)
                0x000000000010db30                encode_utf16
 .text.encode_utf8
                0x000000000010db90       0xfc C:/devkitPro/libctru/lib\libctru.a(encode_utf8.o)
                0x000000000010db90                encode_utf8
 .text.decode_utf8
                0x000000000010dc8c      0x13c C:/devkitPro/libctru/lib\libctru.a(decode_utf8.o)
                0x000000000010dc8c                decode_utf8
 .text.__appInit
                0x000000000010ddc8       0x30 C:/devkitPro/libctru/lib\libctru.a(appInit.o)
                0x000000000010ddc8                __appInit
 .text.__libctru_nanosleep
                0x000000000010ddf8       0x30 C:/devkitPro/libctru/lib\libctru.a(syscalls.o)
 .text.__libctru_get_reent
                0x000000000010de28       0x30 C:/devkitPro/libctru/lib\libctru.a(syscalls.o)
 .text.__system_initSyscalls
                0x000000000010de58       0xf8 C:/devkitPro/libctru/lib\libctru.a(syscalls.o)
                0x000000000010de58                __system_initSyscalls
 .text.__appExit
                0x000000000010df50       0x30 C:/devkitPro/libctru/lib\libctru.a(appExit.o)
                0x000000000010df50                __appExit
 .text.__libctru_exit
                0x000000000010df80       0x90 C:/devkitPro/libctru/lib\libctru.a(ctru_exit.o)
                0x000000000010df80                __libctru_exit
 .text.archive_link
                0x000000000010e010       0x14 C:/devkitPro/libctru/lib\libctru.a(archive_dev.o)
 .text.archive_dirreset
                0x000000000010e024       0x14 C:/devkitPro/libctru/lib\libctru.a(archive_dev.o)
 .text.archive_chmod
                0x000000000010e038       0x14 C:/devkitPro/libctru/lib\libctru.a(archive_dev.o)
 .text.error_cmp
                0x000000000010e04c       0x24 C:/devkitPro/libctru/lib\libctru.a(archive_dev.o)
 .text.archive_translate_error
                0x000000000010e070       0x50 C:/devkitPro/libctru/lib\libctru.a(archive_dev.o)
 .text.archive_seek
                0x000000000010e0c0       0xd4 C:/devkitPro/libctru/lib\libctru.a(archive_dev.o)
 .text._archiveInit.part.0
                0x000000000010e194       0x7c C:/devkitPro/libctru/lib\libctru.a(archive_dev.o)
 .text.archiveFindDevice.part.0
                0x000000000010e210       0x8c C:/devkitPro/libctru/lib\libctru.a(archive_dev.o)
 .text.archive_utf16path
                0x000000000010e29c      0x294 C:/devkitPro/libctru/lib\libctru.a(archive_dev.o)
 .text._archiveUnmountDeviceStruct.part.0
                0x000000000010e530       0xa0 C:/devkitPro/libctru/lib\libctru.a(archive_dev.o)
 .text.archive_fchmod
                0x000000000010e5d0       0x14 C:/devkitPro/libctru/lib\libctru.a(archive_dev.o)
 .text.archive_statvfs
                0x000000000010e5e4       0x14 C:/devkitPro/libctru/lib\libctru.a(archive_dev.o)
 .text._archiveMountDevice
                0x000000000010e5f8      0x158 C:/devkitPro/libctru/lib\libctru.a(archive_dev.o)
 .text.archive_diropen
                0x000000000010e750       0xe8 C:/devkitPro/libctru/lib\libctru.a(archive_dev.o)
 .text.archive_fstat
                0x000000000010e838       0xa4 C:/devkitPro/libctru/lib\libctru.a(archive_dev.o)
 .text.archive_close
                0x000000000010e8dc       0x6c C:/devkitPro/libctru/lib\libctru.a(archive_dev.o)
 .text.archive_fsync
                0x000000000010e948       0x6c C:/devkitPro/libctru/lib\libctru.a(archive_dev.o)
 .text.archive_dirclose
                0x000000000010e9b4       0x70 C:/devkitPro/libctru/lib\libctru.a(archive_dev.o)
 .text.sdmc_statvfs
                0x000000000010ea24       0xe8 C:/devkitPro/libctru/lib\libctru.a(archive_dev.o)
 .text.archive_ftruncate
                0x000000000010eb0c       0x80 C:/devkitPro/libctru/lib\libctru.a(archive_dev.o)
 .text.archive_chdir
                0x000000000010eb8c       0xfc C:/devkitPro/libctru/lib\libctru.a(archive_dev.o)
 .text.archive_read
                0x000000000010ec88       0xb0 C:/devkitPro/libctru/lib\libctru.a(archive_dev.o)
 .text.archive_unlink
                0x000000000010ed38       0xac C:/devkitPro/libctru/lib\libctru.a(archive_dev.o)
 .text.archive_rmdir
                0x000000000010ede4       0xc8 C:/devkitPro/libctru/lib\libctru.a(archive_dev.o)
 .text.archive_mkdir
                0x000000000010eeac       0xec C:/devkitPro/libctru/lib\libctru.a(archive_dev.o)
 .text.archive_stat
                0x000000000010ef98      0x1a8 C:/devkitPro/libctru/lib\libctru.a(archive_dev.o)
 .text.archive_rename
                0x000000000010f140      0x184 C:/devkitPro/libctru/lib\libctru.a(archive_dev.o)
 .text.archive_dirnext
                0x000000000010f2c4      0x168 C:/devkitPro/libctru/lib\libctru.a(archive_dev.o)
 .text.archive_write
                0x000000000010f42c      0x12c C:/devkitPro/libctru/lib\libctru.a(archive_dev.o)
 .text.archive_open
                0x000000000010f558      0x1f0 C:/devkitPro/libctru/lib\libctru.a(archive_dev.o)
 .text.archiveMountSdmc
                0x000000000010f748      0x1a4 C:/devkitPro/libctru/lib\libctru.a(archive_dev.o)
                0x000000000010f748                archiveMountSdmc
 .text.archiveUnmountAll
                0x000000000010f8ec       0x54 C:/devkitPro/libctru/lib\libctru.a(archive_dev.o)
                0x000000000010f8ec                archiveUnmountAll
 .text.__udivmoddi4
                0x000000000010f940      0x120 c:/devkitpro/devkitarm/bin/../lib/gcc/arm-none-eabi/11.1.0/armv6k/fpu\libgcc.a(_udivmoddi4.o)
                0x000000000010f940                __udivmoddi4
 .text.bsearch  0x000000000010fa60       0x78 c:/devkitpro/devkitarm/bin/../lib/gcc/arm-none-eabi/11.1.0/../../../../arm-none-eabi/lib/armv6k/fpu\libg.a(lib_a-bsearch.o)
                0x000000000010fa60                bsearch
 .text.calloc   0x000000000010fad8       0x28 c:/devkitpro/devkitarm/bin/../lib/gcc/arm-none-eabi/11.1.0/../../../../arm-none-eabi/lib/armv6k/fpu\libg.a(lib_a-calloc.o)
                0x000000000010fad8                calloc
 .text._calloc_r
                0x000000000010fb00       0xbc c:/devkitpro/devkitarm/bin/../lib/gcc/arm-none-eabi/11.1.0/../../../../arm-none-eabi/lib/armv6k/fpu\libg.a(lib_a-callocr.o)
                0x000000000010fb00                _calloc_r
 .text.__errno  0x000000000010fbbc        0xc c:/devkitpro/devkitarm/bin/../lib/gcc/arm-none-eabi/11.1.0/../../../../arm-none-eabi/lib/armv6k/fpu\libg.a(lib_a-errno.o)
                0x000000000010fbbc                __errno
 .text.exit     0x000000000010fbc8       0x34 c:/devkitpro/devkitarm/bin/../lib/gcc/arm-none-eabi/11.1.0/../../../../arm-none-eabi/lib/armv6k/fpu\libg.a(lib_a-exit.o)
                0x000000000010fbc8                exit
 .text.__libc_fini_array
                0x000000000010fbfc       0x3c c:/devkitpro/devkitarm/bin/../lib/gcc/arm-none-eabi/11.1.0/../../../../arm-none-eabi/lib/armv6k/fpu\libg.a(lib_a-fini.o)
                0x000000000010fbfc                __libc_fini_array
 .text.__libc_init_array
                0x000000000010fc38       0x7c c:/devkitpro/devkitarm/bin/../lib/gcc/arm-none-eabi/11.1.0/../../../../arm-none-eabi/lib/armv6k/fpu\libg.a(lib_a-init.o)
                0x000000000010fc38                __libc_init_array
 .text.memalign
                0x000000000010fcb4       0x28 c:/devkitpro/devkitarm/bin/../lib/gcc/arm-none-eabi/11.1.0/../../../../arm-none-eabi/lib/armv6k/fpu\libg.a(lib_a-malign.o)
                0x000000000010fcb4                memalign
 .text._memalign_r
                0x000000000010fcdc      0x150 c:/devkitpro/devkitarm/bin/../lib/gcc/arm-none-eabi/11.1.0/../../../../arm-none-eabi/lib/armv6k/fpu\libg.a(lib_a-malignr.o)
                0x000000000010fcdc                _memalign_r
 .text.malloc   0x000000000010fe2c       0x20 c:/devkitpro/devkitarm/bin/../lib/gcc/arm-none-eabi/11.1.0/../../../../arm-none-eabi/lib/armv6k/fpu\libg.a(lib_a-malloc.o)
                0x000000000010fe2c                malloc
 .text.free     0x000000000010fe4c       0x20 c:/devkitpro/devkitarm/bin/../lib/gcc/arm-none-eabi/11.1.0/../../../../arm-none-eabi/lib/armv6k/fpu\libg.a(lib_a-malloc.o)
                0x000000000010fe4c                free
 .text._malloc_r
                0x000000000010fe6c      0x7e0 c:/devkitpro/devkitarm/bin/../lib/gcc/arm-none-eabi/11.1.0/../../../../arm-none-eabi/lib/armv6k/fpu\libg.a(lib_a-mallocr.o)
                0x000000000010fe6c                _malloc_r
 .text.memchr   0x000000000011064c       0xe0 c:/devkitpro/devkitarm/bin/../lib/gcc/arm-none-eabi/11.1.0/../../../../arm-none-eabi/lib/armv6k/fpu\libg.a(lib_a-memchr-stub.o)
                0x000000000011064c                memchr
 .text.memcpy   0x000000000011072c      0x11c c:/devkitpro/devkitarm/bin/../lib/gcc/arm-none-eabi/11.1.0/../../../../arm-none-eabi/lib/armv6k/fpu\libg.a(lib_a-memcpy-stub.o)
                0x000000000011072c                memcpy
 .text.memset   0x0000000000110848      0x118 c:/devkitpro/devkitarm/bin/../lib/gcc/arm-none-eabi/11.1.0/../../../../arm-none-eabi/lib/armv6k/fpu\libg.a(lib_a-memset.o)
                0x0000000000110848                memset
 .text.__malloc_lock
                0x0000000000110960        0xc c:/devkitpro/devkitarm/bin/../lib/gcc/arm-none-eabi/11.1.0/../../../../arm-none-eabi/lib/armv6k/fpu\libg.a(lib_a-mlock.o)
                0x0000000000110960                __malloc_lock
 .text.__malloc_unlock
                0x000000000011096c        0xc c:/devkitpro/devkitarm/bin/../lib/gcc/arm-none-eabi/11.1.0/../../../../arm-none-eabi/lib/armv6k/fpu\libg.a(lib_a-mlock.o)
                0x000000000011096c                __malloc_unlock
 .text.printf   0x0000000000110978       0x34 c:/devkitpro/devkitarm/bin/../lib/gcc/arm-none-eabi/11.1.0/../../../../arm-none-eabi/lib/armv6k/fpu\libg.a(lib_a-printf.o)
                0x0000000000110978                printf
 .text.srand    0x00000000001109ac       0x1c c:/devkitpro/devkitarm/bin/../lib/gcc/arm-none-eabi/11.1.0/../../../../arm-none-eabi/lib/armv6k/fpu\libg.a(lib_a-rand.o)
                0x00000000001109ac                srand
 .text.rand     0x00000000001109c8       0x44 c:/devkitpro/devkitarm/bin/../lib/gcc/arm-none-eabi/11.1.0/../../../../arm-none-eabi/lib/armv6k/fpu\libg.a(lib_a-rand.o)
                0x00000000001109c8                rand
 .text.setvbuf  0x0000000000110a0c      0x260 c:/devkitpro/devkitarm/bin/../lib/gcc/arm-none-eabi/11.1.0/../../../../arm-none-eabi/lib/armv6k/fpu\libg.a(lib_a-setvbuf.o)
                0x0000000000110a0c                setvbuf
 .text.sscanf   0x0000000000110c6c       0x74 c:/devkitpro/devkitarm/bin/../lib/gcc/arm-none-eabi/11.1.0/../../../../arm-none-eabi/lib/armv6k/fpu\libg.a(lib_a-sscanf.o)
                0x0000000000110c6c                sscanf
 .text.__sread  0x0000000000110ce0       0x44 c:/devkitpro/devkitarm/bin/../lib/gcc/arm-none-eabi/11.1.0/../../../../arm-none-eabi/lib/armv6k/fpu\libg.a(lib_a-stdio.o)
                0x0000000000110ce0                __sread
 .text.__seofread
                0x0000000000110d24        0x8 c:/devkitpro/devkitarm/bin/../lib/gcc/arm-none-eabi/11.1.0/../../../../arm-none-eabi/lib/armv6k/fpu\libg.a(lib_a-stdio.o)
                0x0000000000110d24                __seofread
 .text.__swrite
                0x0000000000110d2c       0x68 c:/devkitpro/devkitarm/bin/../lib/gcc/arm-none-eabi/11.1.0/../../../../arm-none-eabi/lib/armv6k/fpu\libg.a(lib_a-stdio.o)
                0x0000000000110d2c                __swrite
 .text.__sseek  0x0000000000110d94       0x48 c:/devkitpro/devkitarm/bin/../lib/gcc/arm-none-eabi/11.1.0/../../../../arm-none-eabi/lib/armv6k/fpu\libg.a(lib_a-stdio.o)
                0x0000000000110d94                __sseek
 .text.__sclose
                0x0000000000110ddc        0x8 c:/devkitpro/devkitarm/bin/../lib/gcc/arm-none-eabi/11.1.0/../../../../arm-none-eabi/lib/armv6k/fpu\libg.a(lib_a-stdio.o)
                0x0000000000110ddc                __sclose
 .text.strchr   0x0000000000110de4      0x12c c:/devkitpro/devkitarm/bin/../lib/gcc/arm-none-eabi/11.1.0/../../../../arm-none-eabi/lib/armv6k/fpu\libg.a(lib_a-strchr.o)
                0x0000000000110de4                strchr
 .text.strlen   0x0000000000110f10       0x5c c:/devkitpro/devkitarm/bin/../lib/gcc/arm-none-eabi/11.1.0/../../../../arm-none-eabi/lib/armv6k/fpu\libg.a(lib_a-strlen-stub.o)
                0x0000000000110f10                strlen
 .text.strncat  0x0000000000110f6c       0xec c:/devkitpro/devkitarm/bin/../lib/gcc/arm-none-eabi/11.1.0/../../../../arm-none-eabi/lib/armv6k/fpu\libg.a(lib_a-strncat.o)
                0x0000000000110f6c                strncat
 .text.strncmp  0x0000000000111058       0xdc c:/devkitpro/devkitarm/bin/../lib/gcc/arm-none-eabi/11.1.0/../../../../arm-none-eabi/lib/armv6k/fpu\libg.a(lib_a-strncmp.o)
                0x0000000000111058                strncmp
 .text.strncpy  0x0000000000111134       0xc0 c:/devkitpro/devkitarm/bin/../lib/gcc/arm-none-eabi/11.1.0/../../../../arm-none-eabi/lib/armv6k/fpu\libg.a(lib_a-strncpy.o)
                0x0000000000111134                strncpy
 .text.strnlen  0x00000000001111f4       0x48 c:/devkitpro/devkitarm/bin/../lib/gcc/arm-none-eabi/11.1.0/../../../../arm-none-eabi/lib/armv6k/fpu\libg.a(lib_a-strnlen.o)
                0x00000000001111f4                strnlen
 .text.get_arg  0x000000000011123c       0x50 c:/devkitpro/devkitarm/bin/../lib/gcc/arm-none-eabi/11.1.0/../../../../arm-none-eabi/lib/armv6k/fpu\libg.a(lib_a-svfscanf.o)
 .text.__ssvfscanf_r
                0x000000000011128c     0x2bbc c:/devkitpro/devkitarm/bin/../lib/gcc/arm-none-eabi/11.1.0/../../../../arm-none-eabi/lib/armv6k/fpu\libg.a(lib_a-svfscanf.o)
                0x000000000011128c                __ssvfscanf_r
 .text.time     0x0000000000113e48       0x3c c:/devkitpro/devkitarm/bin/../lib/gcc/arm-none-eabi/11.1.0/../../../../arm-none-eabi/lib/armv6k/fpu\libg.a(lib_a-time.o)
                0x0000000000113e48                time
 .text.get_arg  0x0000000000113e84      0x628 c:/devkitpro/devkitarm/bin/../lib/gcc/arm-none-eabi/11.1.0/../../../../arm-none-eabi/lib/armv6k/fpu\libg.a(lib_a-vfiprintf.o)
 .text.__sprint_r
                0x00000000001144ac       0x30 c:/devkitpro/devkitarm/bin/../lib/gcc/arm-none-eabi/11.1.0/../../../../arm-none-eabi/lib/armv6k/fpu\libg.a(lib_a-vfiprintf.o)
                0x00000000001144ac                __sprint_r
 .text._vfiprintf_r
                0x00000000001144dc     0x233c c:/devkitpro/devkitarm/bin/../lib/gcc/arm-none-eabi/11.1.0/../../../../arm-none-eabi/lib/armv6k/fpu\libg.a(lib_a-vfiprintf.o)
                0x00000000001144dc                _vfiprintf_r
 .text.__sbprintf
                0x0000000000116818       0xd4 c:/devkitpro/devkitarm/bin/../lib/gcc/arm-none-eabi/11.1.0/../../../../arm-none-eabi/lib/armv6k/fpu\libg.a(lib_a-vfiprintf.o)
 .text.get_arg  0x00000000001168ec      0x628 c:/devkitpro/devkitarm/bin/../lib/gcc/arm-none-eabi/11.1.0/../../../../arm-none-eabi/lib/armv6k/fpu\libg.a(lib_a-vfprintf.o)
 *fill*         0x0000000000116f14        0x4 
 .text._vfprintf_r
                0x0000000000116f18     0x3684 c:/devkitpro/devkitarm/bin/../lib/gcc/arm-none-eabi/11.1.0/../../../../arm-none-eabi/lib/armv6k/fpu\libg.a(lib_a-vfprintf.o)
                0x0000000000116f18                _vfprintf_r
 .text.__sbprintf
                0x000000000011a59c       0xd4 c:/devkitpro/devkitarm/bin/../lib/gcc/arm-none-eabi/11.1.0/../../../../arm-none-eabi/lib/armv6k/fpu\libg.a(lib_a-vfprintf.o)
 .text._wcrtomb_r
                0x000000000011a670       0x54 c:/devkitpro/devkitarm/bin/../lib/gcc/arm-none-eabi/11.1.0/../../../../arm-none-eabi/lib/armv6k/fpu\libg.a(lib_a-wcrtomb.o)
                0x000000000011a670                _wcrtomb_r
 .text._wcsrtombs_r
                0x000000000011a6c4       0x28 c:/devkitpro/devkitarm/bin/../lib/gcc/arm-none-eabi/11.1.0/../../../../arm-none-eabi/lib/armv6k/fpu\libg.a(lib_a-wcsrtombs.o)
                0x000000000011a6c4                _wcsrtombs_r
 .text.__swsetup_r
                0x000000000011a6ec      0x154 c:/devkitpro/devkitarm/bin/../lib/gcc/arm-none-eabi/11.1.0/../../../../arm-none-eabi/lib/armv6k/fpu\libg.a(lib_a-wsetup.o)
                0x000000000011a6ec                __swsetup_r
 .text.__call_exitprocs
                0x000000000011a840      0x114 c:/devkitpro/devkitarm/bin/../lib/gcc/arm-none-eabi/11.1.0/../../../../arm-none-eabi/lib/armv6k/fpu\libg.a(lib_a-__call_atexit.o)
                0x000000000011a840                __call_exitprocs
 .text.quorem   0x000000000011a954      0x1ac c:/devkitpro/devkitarm/bin/../lib/gcc/arm-none-eabi/11.1.0/../../../../arm-none-eabi/lib/armv6k/fpu\libg.a(lib_a-dtoa.o)
 .text._dtoa_r  0x000000000011ab00     0x12cc c:/devkitpro/devkitarm/bin/../lib/gcc/arm-none-eabi/11.1.0/../../../../arm-none-eabi/lib/armv6k/fpu\libg.a(lib_a-dtoa.o)
                0x000000000011ab00                _dtoa_r
 .text.__sflush_r
                0x000000000011bdcc      0x258 c:/devkitpro/devkitarm/bin/../lib/gcc/arm-none-eabi/11.1.0/../../../../arm-none-eabi/lib/armv6k/fpu\libg.a(lib_a-fflush.o)
                0x000000000011bdcc                __sflush_r
 .text._fflush_r
                0x000000000011c024       0x94 c:/devkitpro/devkitarm/bin/../lib/gcc/arm-none-eabi/11.1.0/../../../../arm-none-eabi/lib/armv6k/fpu\libg.a(lib_a-fflush.o)
                0x000000000011c024                _fflush_r
 .text._cleanup_r
                0x000000000011c0b8        0xc c:/devkitpro/devkitarm/bin/../lib/gcc/arm-none-eabi/11.1.0/../../../../arm-none-eabi/lib/armv6k/fpu\libg.a(lib_a-findfp.o)
                0x000000000011c0b8                _cleanup_r
 .text.__sinit  0x000000000011c0c4      0x184 c:/devkitpro/devkitarm/bin/../lib/gcc/arm-none-eabi/11.1.0/../../../../arm-none-eabi/lib/armv6k/fpu\libg.a(lib_a-findfp.o)
                0x000000000011c0c4                __sinit
 .text.__sfp_lock_acquire
                0x000000000011c248        0xc c:/devkitpro/devkitarm/bin/../lib/gcc/arm-none-eabi/11.1.0/../../../../arm-none-eabi/lib/armv6k/fpu\libg.a(lib_a-findfp.o)
                0x000000000011c248                __sfp_lock_acquire
 .text.__sfp_lock_release
                0x000000000011c254        0xc c:/devkitpro/devkitarm/bin/../lib/gcc/arm-none-eabi/11.1.0/../../../../arm-none-eabi/lib/armv6k/fpu\libg.a(lib_a-findfp.o)
                0x000000000011c254                __sfp_lock_release
 .text._malloc_trim_r
                0x000000000011c260       0xf8 c:/devkitpro/devkitarm/bin/../lib/gcc/arm-none-eabi/11.1.0/../../../../arm-none-eabi/lib/armv6k/fpu\libg.a(lib_a-freer.o)
                0x000000000011c260                _malloc_trim_r
 .text._free_r  0x000000000011c358      0x2e4 c:/devkitpro/devkitarm/bin/../lib/gcc/arm-none-eabi/11.1.0/../../../../arm-none-eabi/lib/armv6k/fpu\libg.a(lib_a-freer.o)
                0x000000000011c358                _free_r
 .text.__sfvwrite_r
                0x000000000011c63c      0x4c0 c:/devkitpro/devkitarm/bin/../lib/gcc/arm-none-eabi/11.1.0/../../../../arm-none-eabi/lib/armv6k/fpu\libg.a(lib_a-fvwrite.o)
                0x000000000011c63c                __sfvwrite_r
 .text._fwalk_reent
                0x000000000011cafc       0x70 c:/devkitpro/devkitarm/bin/../lib/gcc/arm-none-eabi/11.1.0/../../../../arm-none-eabi/lib/armv6k/fpu\libg.a(lib_a-fwalk.o)
                0x000000000011cafc                _fwalk_reent
 .text.iswspace
                0x000000000011cb6c        0x8 c:/devkitpro/devkitarm/bin/../lib/gcc/arm-none-eabi/11.1.0/../../../../arm-none-eabi/lib/armv6k/fpu\libg.a(lib_a-iswspace.o)
                0x000000000011cb6c                iswspace
 .text._localeconv_r
                0x000000000011cb74        0xc c:/devkitpro/devkitarm/bin/../lib/gcc/arm-none-eabi/11.1.0/../../../../arm-none-eabi/lib/armv6k/fpu\libg.a(lib_a-localeconv.o)
                0x000000000011cb74                _localeconv_r
 .text.__locale_mb_cur_max
                0x000000000011cb80       0x10 c:/devkitpro/devkitarm/bin/../lib/gcc/arm-none-eabi/11.1.0/../../../../arm-none-eabi/lib/armv6k/fpu\libg.a(lib_a-locale.o)
                0x000000000011cb80                __locale_mb_cur_max
 .text.__smakebuf_r
                0x000000000011cb90      0x138 c:/devkitpro/devkitarm/bin/../lib/gcc/arm-none-eabi/11.1.0/../../../../arm-none-eabi/lib/armv6k/fpu\libg.a(lib_a-makebuf.o)
                0x000000000011cb90                __smakebuf_r
 .text.__swhatbuf_r
                0x000000000011ccc8       0x8c c:/devkitpro/devkitarm/bin/../lib/gcc/arm-none-eabi/11.1.0/../../../../arm-none-eabi/lib/armv6k/fpu\libg.a(lib_a-makebuf.o)
                0x000000000011ccc8                __swhatbuf_r
 .text._mbrtowc_r
                0x000000000011cd54       0x68 c:/devkitpro/devkitarm/bin/../lib/gcc/arm-none-eabi/11.1.0/../../../../arm-none-eabi/lib/armv6k/fpu\libg.a(lib_a-mbrtowc.o)
                0x000000000011cd54                _mbrtowc_r
 .text.__utf8_mbtowc
                0x000000000011cdbc      0x2e4 c:/devkitpro/devkitarm/bin/../lib/gcc/arm-none-eabi/11.1.0/../../../../arm-none-eabi/lib/armv6k/fpu\libg.a(lib_a-mbtowc_r.o)
                0x000000000011cdbc                __utf8_mbtowc
 .text.memmove  0x000000000011d0a0      0x154 c:/devkitpro/devkitarm/bin/../lib/gcc/arm-none-eabi/11.1.0/../../../../arm-none-eabi/lib/armv6k/fpu\libg.a(lib_a-memmove.o)
                0x000000000011d0a0                memmove
 .text._Balloc  0x000000000011d1f4       0x88 c:/devkitpro/devkitarm/bin/../lib/gcc/arm-none-eabi/11.1.0/../../../../arm-none-eabi/lib/armv6k/fpu\libg.a(lib_a-mprec.o)
                0x000000000011d1f4                _Balloc
 .text._Bfree   0x000000000011d27c       0x1c c:/devkitpro/devkitarm/bin/../lib/gcc/arm-none-eabi/11.1.0/../../../../arm-none-eabi/lib/armv6k/fpu\libg.a(lib_a-mprec.o)
                0x000000000011d27c                _Bfree
 .text.__multadd
                0x000000000011d298       0xf4 c:/devkitpro/devkitarm/bin/../lib/gcc/arm-none-eabi/11.1.0/../../../../arm-none-eabi/lib/armv6k/fpu\libg.a(lib_a-mprec.o)
                0x000000000011d298                __multadd
 .text.__s2b    0x000000000011d38c      0x110 c:/devkitpro/devkitarm/bin/../lib/gcc/arm-none-eabi/11.1.0/../../../../arm-none-eabi/lib/armv6k/fpu\libg.a(lib_a-mprec.o)
                0x000000000011d38c                __s2b
 .text.__hi0bits
                0x000000000011d49c       0x58 c:/devkitpro/devkitarm/bin/../lib/gcc/arm-none-eabi/11.1.0/../../../../arm-none-eabi/lib/armv6k/fpu\libg.a(lib_a-mprec.o)
                0x000000000011d49c                __hi0bits
 .text.__lo0bits
                0x000000000011d4f4       0x94 c:/devkitpro/devkitarm/bin/../lib/gcc/arm-none-eabi/11.1.0/../../../../arm-none-eabi/lib/armv6k/fpu\libg.a(lib_a-mprec.o)
                0x000000000011d4f4                __lo0bits
 .text.__i2b    0x000000000011d588       0xa4 c:/devkitpro/devkitarm/bin/../lib/gcc/arm-none-eabi/11.1.0/../../../../arm-none-eabi/lib/armv6k/fpu\libg.a(lib_a-mprec.o)
                0x000000000011d588                __i2b
 .text.__multiply
                0x000000000011d62c      0x204 c:/devkitpro/devkitarm/bin/../lib/gcc/arm-none-eabi/11.1.0/../../../../arm-none-eabi/lib/armv6k/fpu\libg.a(lib_a-mprec.o)
                0x000000000011d62c                __multiply
 .text.__pow5mult
                0x000000000011d830      0x120 c:/devkitpro/devkitarm/bin/../lib/gcc/arm-none-eabi/11.1.0/../../../../arm-none-eabi/lib/armv6k/fpu\libg.a(lib_a-mprec.o)
                0x000000000011d830                __pow5mult
 .text.__lshift
                0x000000000011d950      0x13c c:/devkitpro/devkitarm/bin/../lib/gcc/arm-none-eabi/11.1.0/../../../../arm-none-eabi/lib/armv6k/fpu\libg.a(lib_a-mprec.o)
                0x000000000011d950                __lshift
 .text.__mcmp   0x000000000011da8c       0x58 c:/devkitpro/devkitarm/bin/../lib/gcc/arm-none-eabi/11.1.0/../../../../arm-none-eabi/lib/armv6k/fpu\libg.a(lib_a-mprec.o)
                0x000000000011da8c                __mcmp
 .text.__mdiff  0x000000000011dae4      0x1cc c:/devkitpro/devkitarm/bin/../lib/gcc/arm-none-eabi/11.1.0/../../../../arm-none-eabi/lib/armv6k/fpu\libg.a(lib_a-mprec.o)
                0x000000000011dae4                __mdiff
 .text.__ulp    0x000000000011dcb0       0x74 c:/devkitpro/devkitarm/bin/../lib/gcc/arm-none-eabi/11.1.0/../../../../arm-none-eabi/lib/armv6k/fpu\libg.a(lib_a-mprec.o)
                0x000000000011dcb0                __ulp
 .text.__b2d    0x000000000011dd24       0xd0 c:/devkitpro/devkitarm/bin/../lib/gcc/arm-none-eabi/11.1.0/../../../../arm-none-eabi/lib/armv6k/fpu\libg.a(lib_a-mprec.o)
                0x000000000011dd24                __b2d
 .text.__d2b    0x000000000011ddf4      0x124 c:/devkitpro/devkitarm/bin/../lib/gcc/arm-none-eabi/11.1.0/../../../../arm-none-eabi/lib/armv6k/fpu\libg.a(lib_a-mprec.o)
                0x000000000011ddf4                __d2b
 .text.__ratio  0x000000000011df18       0x78 c:/devkitpro/devkitarm/bin/../lib/gcc/arm-none-eabi/11.1.0/../../../../arm-none-eabi/lib/armv6k/fpu\libg.a(lib_a-mprec.o)
                0x000000000011df18                __ratio
 .text.__copybits
                0x000000000011df90       0x88 c:/devkitpro/devkitarm/bin/../lib/gcc/arm-none-eabi/11.1.0/../../../../arm-none-eabi/lib/armv6k/fpu\libg.a(lib_a-mprec.o)
                0x000000000011df90                __copybits
 .text.__any_on
                0x000000000011e018       0x5c c:/devkitpro/devkitarm/bin/../lib/gcc/arm-none-eabi/11.1.0/../../../../arm-none-eabi/lib/armv6k/fpu\libg.a(lib_a-mprec.o)
                0x000000000011e018                __any_on
 .text.realloc  0x000000000011e074       0x28 c:/devkitpro/devkitarm/bin/../lib/gcc/arm-none-eabi/11.1.0/../../../../arm-none-eabi/lib/armv6k/fpu\libg.a(lib_a-realloc.o)
                0x000000000011e074                realloc
 .text._realloc_r
                0x000000000011e09c      0x558 c:/devkitpro/devkitarm/bin/../lib/gcc/arm-none-eabi/11.1.0/../../../../arm-none-eabi/lib/armv6k/fpu\libg.a(lib_a-reallocr.o)
                0x000000000011e09c                _realloc_r
 .text.__sccl   0x000000000011e5f4       0xe4 c:/devkitpro/devkitarm/bin/../lib/gcc/arm-none-eabi/11.1.0/../../../../arm-none-eabi/lib/armv6k/fpu\libg.a(lib_a-sccl.o)
                0x000000000011e5f4                __sccl
 .text.nanf     0x000000000011e6d8        0xc c:/devkitpro/devkitarm/bin/../lib/gcc/arm-none-eabi/11.1.0/../../../../arm-none-eabi/lib/armv6k/fpu\libg.a(lib_a-sf_nan.o)
                0x000000000011e6d8                nanf
 *fill*         0x000000000011e6e4        0x4 
 .text.frexp    0x000000000011e6e8       0xa8 c:/devkitpro/devkitarm/bin/../lib/gcc/arm-none-eabi/11.1.0/../../../../arm-none-eabi/lib/armv6k/fpu\libg.a(lib_a-s_frexp.o)
                0x000000000011e6e8                frexp
 .text.sprintf  0x000000000011e790       0x64 c:/devkitpro/devkitarm/bin/../lib/gcc/arm-none-eabi/11.1.0/../../../../arm-none-eabi/lib/armv6k/fpu\libg.a(lib_a-sprintf.o)
                0x000000000011e790                sprintf
 .text.stpncpy  0x000000000011e7f4       0xb8 c:/devkitpro/devkitarm/bin/../lib/gcc/arm-none-eabi/11.1.0/../../../../arm-none-eabi/lib/armv6k/fpu\libg.a(lib_a-stpncpy.o)
                0x000000000011e7f4                stpncpy
 *fill*         0x000000000011e8ac        0x4 
 .text._strtod_l
                0x000000000011e8b0     0x1368 c:/devkitpro/devkitarm/bin/../lib/gcc/arm-none-eabi/11.1.0/../../../../arm-none-eabi/lib/armv6k/fpu\libg.a(lib_a-strtod.o)
                0x000000000011e8b0                _strtod_l
 .text._strtod_r
                0x000000000011fc18        0xc c:/devkitpro/devkitarm/bin/../lib/gcc/arm-none-eabi/11.1.0/../../../../arm-none-eabi/lib/armv6k/fpu\libg.a(lib_a-strtod.o)
                0x000000000011fc18                _strtod_r
 .text._strtoll_l.constprop.0
                0x000000000011fc24      0x22c c:/devkitpro/devkitarm/bin/../lib/gcc/arm-none-eabi/11.1.0/../../../../arm-none-eabi/lib/armv6k/fpu\libg.a(lib_a-strtoll.o)
 .text._strtoll_r
                0x000000000011fe50        0x4 c:/devkitpro/devkitarm/bin/../lib/gcc/arm-none-eabi/11.1.0/../../../../arm-none-eabi/lib/armv6k/fpu\libg.a(lib_a-strtoll.o)
                0x000000000011fe50                _strtoll_r
 .text._strtol_l.part.0
                0x000000000011fe54      0x1a4 c:/devkitpro/devkitarm/bin/../lib/gcc/arm-none-eabi/11.1.0/../../../../arm-none-eabi/lib/armv6k/fpu\libg.a(lib_a-strtol.o)
 .text._strtol_r
                0x000000000011fff8       0x3c c:/devkitpro/devkitarm/bin/../lib/gcc/arm-none-eabi/11.1.0/../../../../arm-none-eabi/lib/armv6k/fpu\libg.a(lib_a-strtol.o)
                0x000000000011fff8                _strtol_r
 .text._strtoull_l.constprop.0
                0x0000000000120034      0x244 c:/devkitpro/devkitarm/bin/../lib/gcc/arm-none-eabi/11.1.0/../../../../arm-none-eabi/lib/armv6k/fpu\libg.a(lib_a-strtoull.o)
 .text._strtoull_r
                0x0000000000120278        0x4 c:/devkitpro/devkitarm/bin/../lib/gcc/arm-none-eabi/11.1.0/../../../../arm-none-eabi/lib/armv6k/fpu\libg.a(lib_a-strtoull.o)
                0x0000000000120278                _strtoull_r
 .text._strtoul_l.constprop.0
                0x000000000012027c      0x1c4 c:/devkitpro/devkitarm/bin/../lib/gcc/arm-none-eabi/11.1.0/../../../../arm-none-eabi/lib/armv6k/fpu\libg.a(lib_a-strtoul.o)
 .text._strtoul_r
                0x0000000000120440        0x4 c:/devkitpro/devkitarm/bin/../lib/gcc/arm-none-eabi/11.1.0/../../../../arm-none-eabi/lib/armv6k/fpu\libg.a(lib_a-strtoul.o)
                0x0000000000120440                _strtoul_r
 .text.__ssprint_r
                0x0000000000120444      0x190 c:/devkitpro/devkitarm/bin/../lib/gcc/arm-none-eabi/11.1.0/../../../../arm-none-eabi/lib/armv6k/fpu\libg.a(lib_a-svfiprintf.o)
                0x0000000000120444                __ssprint_r
 .text._sungetc_r
                0x00000000001205d4       0xe0 c:/devkitpro/devkitarm/bin/../lib/gcc/arm-none-eabi/11.1.0/../../../../arm-none-eabi/lib/armv6k/fpu\libg.a(lib_a-svfiscanf.o)
                0x00000000001205d4                _sungetc_r
 .text.__ssrefill_r
                0x00000000001206b4       0x6c c:/devkitpro/devkitarm/bin/../lib/gcc/arm-none-eabi/11.1.0/../../../../arm-none-eabi/lib/armv6k/fpu\libg.a(lib_a-svfiscanf.o)
                0x00000000001206b4                __ssrefill_r
 .text._sfread_r
                0x0000000000120720       0xc8 c:/devkitpro/devkitarm/bin/../lib/gcc/arm-none-eabi/11.1.0/../../../../arm-none-eabi/lib/armv6k/fpu\libg.a(lib_a-svfiscanf.o)
                0x0000000000120720                _sfread_r
 .text.get_arg  0x00000000001207e8      0x628 c:/devkitpro/devkitarm/bin/../lib/gcc/arm-none-eabi/11.1.0/../../../../arm-none-eabi/lib/armv6k/fpu\libg.a(lib_a-svfprintf.o)
 .text._svfprintf_r
                0x0000000000120e10     0x35b8 c:/devkitpro/devkitarm/bin/../lib/gcc/arm-none-eabi/11.1.0/../../../../arm-none-eabi/lib/armv6k/fpu\libg.a(lib_a-svfprintf.o)
                0x0000000000120e10                _svfprintf_r
 .text.__submore
                0x00000000001243c8       0xa8 c:/devkitpro/devkitarm/bin/../lib/gcc/arm-none-eabi/11.1.0/../../../../arm-none-eabi/lib/armv6k/fpu\libg.a(lib_a-ungetc.o)
                0x00000000001243c8                __submore
 .text._wcsnrtombs_l
                0x0000000000124470      0x190 c:/devkitpro/devkitarm/bin/../lib/gcc/arm-none-eabi/11.1.0/../../../../arm-none-eabi/lib/armv6k/fpu\libg.a(lib_a-wcsnrtombs.o)
                0x0000000000124470                _wcsnrtombs_l
 .text._wcsnrtombs_r
                0x0000000000124600       0x4c c:/devkitpro/devkitarm/bin/../lib/gcc/arm-none-eabi/11.1.0/../../../../arm-none-eabi/lib/armv6k/fpu\libg.a(lib_a-wcsnrtombs.o)
                0x0000000000124600                _wcsnrtombs_r
 .text.__utf8_wctomb
                0x000000000012464c       0xf0 c:/devkitpro/devkitarm/bin/../lib/gcc/arm-none-eabi/11.1.0/../../../../arm-none-eabi/lib/armv6k/fpu\libg.a(lib_a-wctomb_r.o)
                0x000000000012464c                __utf8_wctomb
 .text.__assert_func
                0x000000000012473c       0x54 c:/devkitpro/devkitarm/bin/../lib/gcc/arm-none-eabi/11.1.0/../../../../arm-none-eabi/lib/armv6k/fpu\libg.a(lib_a-assert.o)
                0x000000000012473c                __assert_func
 .text._fclose_r
                0x0000000000124790      0x160 c:/devkitpro/devkitarm/bin/../lib/gcc/arm-none-eabi/11.1.0/../../../../arm-none-eabi/lib/armv6k/fpu\libg.a(lib_a-fclose.o)
                0x0000000000124790                _fclose_r
 .text.fiprintf
                0x00000000001248f0       0x3c c:/devkitpro/devkitarm/bin/../lib/gcc/arm-none-eabi/11.1.0/../../../../arm-none-eabi/lib/armv6k/fpu\libg.a(lib_a-fiprintf.o)
                0x00000000001248f0                fiprintf
 .text.rshift   0x000000000012492c       0xec c:/devkitpro/devkitarm/bin/../lib/gcc/arm-none-eabi/11.1.0/../../../../arm-none-eabi/lib/armv6k/fpu\libg.a(lib_a-gdtoa-gethex.o)
 .text.__gethex
                0x0000000000124a18      0x904 c:/devkitpro/devkitarm/bin/../lib/gcc/arm-none-eabi/11.1.0/../../../../arm-none-eabi/lib/armv6k/fpu\libg.a(lib_a-gdtoa-gethex.o)
                0x0000000000124a18                __gethex
 .text.__match  0x000000000012531c       0x4c c:/devkitpro/devkitarm/bin/../lib/gcc/arm-none-eabi/11.1.0/../../../../arm-none-eabi/lib/armv6k/fpu\libg.a(lib_a-gdtoa-hexnan.o)
                0x000000000012531c                __match
 .text.__hexnan
                0x0000000000125368      0x29c c:/devkitpro/devkitarm/bin/../lib/gcc/arm-none-eabi/11.1.0/../../../../arm-none-eabi/lib/armv6k/fpu\libg.a(lib_a-gdtoa-hexnan.o)
                0x0000000000125368                __hexnan
 .text.iswspace_l
                0x0000000000125604       0x3c c:/devkitpro/devkitarm/bin/../lib/gcc/arm-none-eabi/11.1.0/../../../../arm-none-eabi/lib/armv6k/fpu\libg.a(lib_a-iswspace_l.o)
                0x0000000000125604                iswspace_l
 .text.__jp2uc  0x0000000000125640      0x1d4 c:/devkitpro/devkitarm/bin/../lib/gcc/arm-none-eabi/11.1.0/../../../../arm-none-eabi/lib/armv6k/fpu\libg.a(lib_a-jp2uc.o)
 .text._jp2uc_l
                0x0000000000125814       0x9c c:/devkitpro/devkitarm/bin/../lib/gcc/arm-none-eabi/11.1.0/../../../../arm-none-eabi/lib/armv6k/fpu\libg.a(lib_a-jp2uc.o)
                0x0000000000125814                _jp2uc_l
 .text.nan      0x00000000001258b0       0x10 c:/devkitpro/devkitarm/bin/../lib/gcc/arm-none-eabi/11.1.0/../../../../arm-none-eabi/lib/armv6k/fpu\libg.a(lib_a-s_nan.o)
                0x00000000001258b0                nan
 .text.abort    0x00000000001258c0       0x14 c:/devkitpro/devkitarm/bin/../lib/gcc/arm-none-eabi/11.1.0/../../../../arm-none-eabi/lib/armv6k/fpu\libg.a(lib_a-abort.o)
                0x00000000001258c0                abort
 .text.category
                0x00000000001258d4       0x84 c:/devkitpro/devkitarm/bin/../lib/gcc/arm-none-eabi/11.1.0/../../../../arm-none-eabi/lib/armv6k/fpu\libg.a(lib_a-categories.o)
                0x00000000001258d4                category
 .text._raise_r
                0x0000000000125958       0x98 c:/devkitpro/devkitarm/bin/../lib/gcc/arm-none-eabi/11.1.0/../../../../arm-none-eabi/lib/armv6k/fpu\libg.a(lib_a-signal.o)
                0x0000000000125958                _raise_r
 .text.raise    0x00000000001259f0       0x20 c:/devkitpro/devkitarm/bin/../lib/gcc/arm-none-eabi/11.1.0/../../../../arm-none-eabi/lib/armv6k/fpu\libg.a(lib_a-signal.o)
                0x00000000001259f0                raise
 .text.null_write
                0x0000000000125a10        0x8 c:/devkitpro/devkitarm/bin/../lib/gcc/arm-none-eabi/11.1.0/../../../../arm-none-eabi/lib/armv6k/fpu\libsysbase.a(iosupport.o)
 .text.setDefaultDevice
                0x0000000000125a18       0x18 c:/devkitpro/devkitarm/bin/../lib/gcc/arm-none-eabi/11.1.0/../../../../arm-none-eabi/lib/armv6k/fpu\libsysbase.a(iosupport.o)
                0x0000000000125a18                setDefaultDevice
 .text.FindDevice
                0x0000000000125a30       0xc8 c:/devkitpro/devkitarm/bin/../lib/gcc/arm-none-eabi/11.1.0/../../../../arm-none-eabi/lib/armv6k/fpu\libsysbase.a(iosupport.o)
                0x0000000000125a30                FindDevice
 .text.RemoveDevice
                0x0000000000125af8       0x28 c:/devkitpro/devkitarm/bin/../lib/gcc/arm-none-eabi/11.1.0/../../../../arm-none-eabi/lib/armv6k/fpu\libsysbase.a(iosupport.o)
                0x0000000000125af8                RemoveDevice
 .text.AddDevice
                0x0000000000125b20       0x9c c:/devkitpro/devkitarm/bin/../lib/gcc/arm-none-eabi/11.1.0/../../../../arm-none-eabi/lib/armv6k/fpu\libsysbase.a(iosupport.o)
                0x0000000000125b20                AddDevice
 .text.GetDeviceOpTab
                0x0000000000125bbc       0x20 c:/devkitpro/devkitarm/bin/../lib/gcc/arm-none-eabi/11.1.0/../../../../arm-none-eabi/lib/armv6k/fpu\libsysbase.a(iosupport.o)
                0x0000000000125bbc                GetDeviceOpTab
 .text._fstat_r
                0x0000000000125bdc       0x78 c:/devkitpro/devkitarm/bin/../lib/gcc/arm-none-eabi/11.1.0/../../../../arm-none-eabi/lib/armv6k/fpu\libsysbase.a(fstat.o)
                0x0000000000125bdc                _fstat_r
 .text._getpid_r
                0x0000000000125c54       0x14 c:/devkitpro/devkitarm/bin/../lib/gcc/arm-none-eabi/11.1.0/../../../../arm-none-eabi/lib/armv6k/fpu\libsysbase.a(getpid.o)
                0x0000000000125c54                _getpid_r
 .text._gettimeofday_r
                0x0000000000125c68       0x38 c:/devkitpro/devkitarm/bin/../lib/gcc/arm-none-eabi/11.1.0/../../../../arm-none-eabi/lib/armv6k/fpu\libsysbase.a(gettod.o)
                0x0000000000125c68                _gettimeofday_r
 .text._isatty_r
                0x0000000000125ca0        0x8 c:/devkitpro/devkitarm/bin/../lib/gcc/arm-none-eabi/11.1.0/../../../../arm-none-eabi/lib/armv6k/fpu\libsysbase.a(isatty.o)